{"timestamp":1777008404143,"type":"alerts","deviceId":"ESP32_GREENHOUSE_01","data":{"timestamp":1777008404142,"deviceId":"ESP32_GREENHOUSE_01","event":"CRYING","level":120,"raw":480,"diff":480,"message":"CRYING DETECTED! ⚠️ Level: 120"}}
{"timestamp":1777008410186,"type":"alerts","deviceId":"ESP32_GREENHOUSE_01","data":{"timestamp":1777008410185,"deviceId":"ESP32_GREENHOUSE_01","event":"Quiet","level":46,"raw":186,"diff":186,"message":"Quiet Level: 46"}}
{"timestamp":1777008416234,"type":"alerts","deviceId":"ESP32_GREENHOUSE_01","data":{"timestamp":1777008416233,"deviceId":"ESP32_GREENHOUSE_01","event":"Quiet","level":27,"raw":109,"diff":109,"message":"Quiet Level: 27"}}
{"timestamp":1777008420266,"type":"alerts","deviceId":"ESP32_GREENHOUSE_01","data":{"timestamp":1777008420266,"deviceId":"ESP32_GREENHOUSE_01","event":"CRYING","level":91,"raw":367,"diff":367,"message":"CRYING DETECTED! ⚠️ Level: 91"}}
{"timestamp":1777008422282,"type":"alerts","deviceId":"ESP32_GREENHOUSE_01","data":{"timestamp":1777008422282,"deviceId":"ESP32_GREENHOUSE_01","event":"Quiet","level":22,"raw":91,"diff":91,"message":"Quiet Level: 22"}}
{"timestamp":1777008430346,"type":"alerts","deviceId":"ESP32_GREENHOUSE_01","data":{"timestamp":1777008430346,"deviceId":"ESP32_GREENHOUSE_01","event":"CRYING","level":179,"raw":719,"diff":719,"message":"CRYING DETECTED! ⚠️ Level: 179"}}
{"timestamp":1777008438409,"type":"alerts","deviceId":"ESP32_GREENHOUSE_01","data":{"timestamp":1777008438409,"deviceId":"ESP32_GREENHOUSE_01","event":"Quiet","level":32,"raw":129,"diff":129,"message":"Quiet Level: 32"}}
{"timestamp":1777008444458,"type":"alerts","deviceId":"ESP32_GREENHOUSE_01","data":{"timestamp":1777008444458,"deviceId":"ESP32_GREENHOUSE_01","event":"Quiet","level":29,"raw":116,"diff":116,"message":"Quiet Level: 29"}}
{"timestamp":1777008448491,"type":"alerts","deviceId":"ESP32_GREENHOUSE_01","data":{"timestamp":1777008448491,"deviceId":"ESP32_GREENHOUSE_01","event":"Light Activity","level":55,"raw":221,"diff":221,"message":"Light Activity Level: 55"}}
{"timestamp":1777008450506,"type":"alerts","deviceId":"ESP32_GREENHOUSE_01","data":{"timestamp":1777008450506,"deviceId":"ESP32_GREENHOUSE_01","event":"Quiet","level":34,"raw":138,"diff":138,"message":"Quiet Level: 34"}}
{"timestamp":1777008456555,"type":"alerts","deviceId":"ESP32_GREENHOUSE_01","data":{"timestamp":1777008456555,"deviceId":"ESP32_GREENHOUSE_01","event":"Quiet","level":19,"raw":76,"diff":76,"message":"Quiet Level: 19"}}
{"timestamp":1777008458570,"type":"alerts","deviceId":"ESP32_GREENHOUSE_01","data":{"timestamp":1777008458570,"deviceId":"ESP32_GREENHOUSE_01","event":"Restless","level":177,"raw":710,"diff":710,"message":"Restless Level: 177"}}
{"timestamp":1777008462603,"type":"alerts","deviceId":"ESP32_GREENHOUSE_01","data":{"timestamp":1777008462603,"deviceId":"ESP32_GREENHOUSE_01","event":"Quiet","level":34,"raw":139,"diff":139,"message":"Quiet Level: 34"}}
{"timestamp":1777008468651,"type":"alerts","deviceId":"ESP32_GREENHOUSE_01","data":{"timestamp":1777008468650,"deviceId":"ESP32_GREENHOUSE_01","event":"Quiet","level":18,"raw":74,"diff":74,"message":"Quiet Level: 18"}}
{"timestamp":1777008474698,"type":"alerts","deviceId":"ESP32_GREENHOUSE_01","data":{"timestamp":1777008474698,"deviceId":"ESP32_GREENHOUSE_01","event":"CRYING","level":350,"raw":1401,"diff":1401,"message":"CRYING DETECTED! ⚠️ Level: 350"}}
{"timestamp":1777008480908,"type":"alerts","deviceId":"ESP32_GREENHOUSE_01","data":{"timestamp":1777008480908,"deviceId":"ESP32_GREENHOUSE_01","event":"CRYING","level":444,"raw":1779,"diff":1779,"message":"CRYING DETECTED! ⚠️ Level: 444"}}
{"timestamp":1777008490986,"type":"alerts","deviceId":"ESP32_GREENHOUSE_01","data":{"timestamp":1777008490986,"deviceId":"ESP32_GREENHOUSE_01","event":"CRYING","level":47,"raw":189,"diff":189,"message":"CRYING DETECTED! ⚠️ Level: 47"}}
{"timestamp":1777008500908,"type":"alerts","deviceId":"ESP32_GREENHOUSE_01","data":{"timestamp":1777008500908,"deviceId":"ESP32_GREENHOUSE_01","event":"CRYING","level":118,"raw":472,"diff":472,"message":"CRYING DETECTED! ⚠️ Level: 118"}}
{"timestamp":1777008510994,"type":"alerts","deviceId":"ESP32_GREENHOUSE_01","data":{"timestamp":1777008510994,"deviceId":"ESP32_GREENHOUSE_01","event":"CRYING","level":17,"raw":70,"diff":70,"message":"CRYING DETECTED! ⚠️ Level: 17"}}
{"timestamp":1777008521066,"type":"alerts","deviceId":"ESP32_GREENHOUSE_01","data":{"timestamp":1777008521066,"deviceId":"ESP32_GREENHOUSE_01","event":"CRYING","level":15,"raw":61,"diff":61,"message":"CRYING DETECTED! ⚠️ Level: 15"}}
{"timestamp":1777008525100,"type":"alerts","deviceId":"ESP32_GREENHOUSE_01","data":{"timestamp":1777008525099,"deviceId":"ESP32_GREENHOUSE_01","event":"Quiet","level":21,"raw":85,"diff":85,"message":"Quiet Level: 21"}}
{"timestamp":1777008531146,"type":"alerts","deviceId":"ESP32_GREENHOUSE_01","data":{"timestamp":1777008531146,"deviceId":"ESP32_GREENHOUSE_01","event":"Quiet","level":26,"raw":106,"diff":106,"message":"Quiet Level: 26"}}
{"timestamp":1777008537195,"type":"alerts","deviceId":"ESP32_GREENHOUSE_01","data":{"timestamp":1777008537194,"deviceId":"ESP32_GREENHOUSE_01","event":"CRYING","level":1023,"raw":4527,"diff":4527,"message":"CRYING DETECTED! ⚠️ Level: 1023"}}
{"timestamp":1777008541226,"type":"alerts","deviceId":"ESP32_GREENHOUSE_01","data":{"timestamp":1777008541226,"deviceId":"ESP32_GREENHOUSE_01","event":"Quiet","level":24,"raw":96,"diff":96,"message":"Quiet Level: 24"}}
{"timestamp":1777008547275,"type":"alerts","deviceId":"ESP32_GREENHOUSE_01","data":{"timestamp":1777008547275,"deviceId":"ESP32_GREENHOUSE_01","event":"Quiet","level":35,"raw":140,"diff":140,"message":"Quiet Level: 35"}}
{"timestamp":1777008549291,"type":"alerts","deviceId":"ESP32_GREENHOUSE_01","data":{"timestamp":1777008549291,"deviceId":"ESP32_GREENHOUSE_01","event":"CRYING","level":38,"raw":154,"diff":154,"message":"CRYING DETECTED! ⚠️ Level: 38"}}
{"timestamp":1777008553322,"type":"alerts","deviceId":"ESP32_GREENHOUSE_01","data":{"timestamp":1777008553322,"deviceId":"ESP32_GREENHOUSE_01","event":"Quiet","level":33,"raw":132,"diff":132,"message":"Quiet Level: 33"}}
{"timestamp":1777008559370,"type":"alerts","deviceId":"ESP32_GREENHOUSE_01","data":{"timestamp":1777008559369,"deviceId":"ESP32_GREENHOUSE_01","event":"Quiet","level":31,"raw":125,"diff":125,"message":"Quiet Level: 31"}}
{"timestamp":1777008563403,"type":"alerts","deviceId":"ESP32_GREENHOUSE_01","data":{"timestamp":1777008563403,"deviceId":"ESP32_GREENHOUSE_01","event":"CRYING","level":152,"raw":609,"diff":609,"message":"CRYING DETECTED! ⚠️ Level: 152"}}
{"timestamp":1777008573482,"type":"alerts","deviceId":"ESP32_GREENHOUSE_01","data":{"timestamp":1777008573482,"deviceId":"ESP32_GREENHOUSE_01","event":"CRYING","level":76,"raw":304,"diff":304,"message":"CRYING DETECTED! ⚠️ Level: 76"}}
{"timestamp":1777008583562,"type":"alerts","deviceId":"ESP32_GREENHOUSE_01","data":{"timestamp":1777008583562,"deviceId":"ESP32_GREENHOUSE_01","event":"CRYING","level":154,"raw":617,"diff":617,"message":"CRYING DETECTED! ⚠️ Level: 154"}}
{"timestamp":1777008593642,"type":"alerts","deviceId":"ESP32_GREENHOUSE_01","data":{"timestamp":1777008593642,"deviceId":"ESP32_GREENHOUSE_01","event":"CRYING","level":47,"raw":190,"diff":190,"message":"CRYING DETECTED! ⚠️ Level: 47"}}
{"timestamp":1777008603726,"type":"alerts","deviceId":"ESP32_GREENHOUSE_01","data":{"timestamp":1777008603725,"deviceId":"ESP32_GREENHOUSE_01","event":"CRYING","level":72,"raw":289,"diff":289,"message":"CRYING DETECTED! ⚠️ Level: 72"}}
{"timestamp":1777008605745,"type":"alerts","deviceId":"ESP32_GREENHOUSE_01","data":{"timestamp":1777008605745,"deviceId":"ESP32_GREENHOUSE_01","event":"Quiet","level":47,"raw":190,"diff":190,"message":"Quiet Level: 47"}}
{"timestamp":1777008611786,"type":"alerts","deviceId":"ESP32_GREENHOUSE_01","data":{"timestamp":1777008611786,"deviceId":"ESP32_GREENHOUSE_01","event":"Quiet","level":41,"raw":167,"diff":167,"message":"Quiet Level: 41"}}
{"timestamp":1777008615825,"type":"alerts","deviceId":"ESP32_GREENHOUSE_01","data":{"timestamp":1777008615825,"deviceId":"ESP32_GREENHOUSE_01","event":"Light Activity","level":55,"raw":221,"diff":221,"message":"Light Activity Level: 55"}}
{"timestamp":1777008617844,"type":"alerts","deviceId":"ESP32_GREENHOUSE_01","data":{"timestamp":1777008617844,"deviceId":"ESP32_GREENHOUSE_01","event":"Restless","level":100,"raw":403,"diff":403,"message":"Restless Level: 100"}}
{"timestamp":1777008619855,"type":"alerts","deviceId":"ESP32_GREENHOUSE_01","data":{"timestamp":1777008619855,"deviceId":"ESP32_GREENHOUSE_01","event":"Quiet","level":44,"raw":178,"diff":178,"message":"Quiet Level: 44"}}
{"timestamp":1777008623887,"type":"alerts","deviceId":"ESP32_GREENHOUSE_01","data":{"timestamp":1777008623887,"deviceId":"ESP32_GREENHOUSE_01","event":"CRYING","level":138,"raw":555,"diff":555,"message":"CRYING DETECTED! ⚠️ Level: 138"}}
{"timestamp":1777008625910,"type":"alerts","deviceId":"ESP32_GREENHOUSE_01","data":{"timestamp":1777008625910,"deviceId":"ESP32_GREENHOUSE_01","event":"Light Activity","level":58,"raw":234,"diff":234,"message":"Light Activity Level: 58"}}
{"timestamp":1777008627915,"type":"alerts","deviceId":"ESP32_GREENHOUSE_01","data":{"timestamp":1777008627915,"deviceId":"ESP32_GREENHOUSE_01","event":"Restless","level":84,"raw":336,"diff":336,"message":"Restless Level: 84"}}
{"timestamp":1777008633963,"type":"alerts","deviceId":"ESP32_GREENHOUSE_01","data":{"timestamp":1777008633963,"deviceId":"ESP32_GREENHOUSE_01","event":"Quiet","level":46,"raw":185,"diff":185,"message":"Quiet Level: 46"}}
{"timestamp":1777008635990,"type":"alerts","deviceId":"ESP32_GREENHOUSE_01","data":{"timestamp":1777008635989,"deviceId":"ESP32_GREENHOUSE_01","event":"CRYING","level":566,"raw":2267,"diff":2267,"message":"CRYING DETECTED! ⚠️ Level: 566"}}
{"timestamp":1777008640022,"type":"alerts","deviceId":"ESP32_GREENHOUSE_01","data":{"timestamp":1777008640022,"deviceId":"ESP32_GREENHOUSE_01","event":"Quiet","level":39,"raw":157,"diff":157,"message":"Quiet Level: 39"}}
{"timestamp":1777008646059,"type":"alerts","deviceId":"ESP32_GREENHOUSE_01","data":{"timestamp":1777008646059,"deviceId":"ESP32_GREENHOUSE_01","event":"Quiet","level":25,"raw":102,"diff":102,"message":"Quiet Level: 25"}}
{"timestamp":1777008652107,"type":"alerts","deviceId":"ESP32_GREENHOUSE_01","data":{"timestamp":1777008652107,"deviceId":"ESP32_GREENHOUSE_01","event":"Quiet","level":28,"raw":114,"diff":114,"message":"Quiet Level: 28"}}
{"timestamp":1777008658155,"type":"alerts","deviceId":"ESP32_GREENHOUSE_01","data":{"timestamp":1777008658155,"deviceId":"ESP32_GREENHOUSE_01","event":"Quiet","level":25,"raw":103,"diff":103,"message":"Quiet Level: 25"}}
{"timestamp":1777008662189,"type":"alerts","deviceId":"ESP32_GREENHOUSE_01","data":{"timestamp":1777008662189,"deviceId":"ESP32_GREENHOUSE_01","event":"CRYING","level":65,"raw":263,"diff":263,"message":"CRYING DETECTED! ⚠️ Level: 65"}}
{"timestamp":1777008664204,"type":"alerts","deviceId":"ESP32_GREENHOUSE_01","data":{"timestamp":1777008664204,"deviceId":"ESP32_GREENHOUSE_01","event":"Light Activity","level":57,"raw":228,"diff":228,"message":"Light Activity Level: 57"}}
{"timestamp":1777008672267,"type":"alerts","deviceId":"ESP32_GREENHOUSE_01","data":{"timestamp":1777008672267,"deviceId":"ESP32_GREENHOUSE_01","event":"CRYING","level":125,"raw":503,"diff":503,"message":"CRYING DETECTED! ⚠️ Level: 125"}}
{"timestamp":1777008682347,"type":"alerts","deviceId":"ESP32_GREENHOUSE_01","data":{"timestamp":1777008682347,"deviceId":"ESP32_GREENHOUSE_01","event":"CRYING","level":66,"raw":266,"diff":266,"message":"CRYING DETECTED! ⚠️ Level: 66"}}
{"timestamp":1777008692428,"type":"alerts","deviceId":"ESP32_GREENHOUSE_01","data":{"timestamp":1777008692428,"deviceId":"ESP32_GREENHOUSE_01","event":"CRYING","level":251,"raw":1005,"diff":1005,"message":"CRYING DETECTED! ⚠️ Level: 251"}}
{"timestamp":1777008702507,"type":"alerts","deviceId":"ESP32_GREENHOUSE_01","data":{"timestamp":1777008702507,"deviceId":"ESP32_GREENHOUSE_01","event":"CRYING","level":211,"raw":847,"diff":847,"message":"CRYING DETECTED! ⚠️ Level: 211"}}
{"timestamp":1777008712587,"type":"alerts","deviceId":"ESP32_GREENHOUSE_01","data":{"timestamp":1777008712587,"deviceId":"ESP32_GREENHOUSE_01","event":"CRYING","level":123,"raw":494,"diff":494,"message":"CRYING DETECTED! ⚠️ Level: 123"}}
{"timestamp":1777008722667,"type":"alerts","deviceId":"ESP32_GREENHOUSE_01","data":{"timestamp":1777008722667,"deviceId":"ESP32_GREENHOUSE_01","event":"CRYING","level":60,"raw":243,"diff":243,"message":"CRYING DETECTED! ⚠️ Level: 60"}}
{"timestamp":1777008732747,"type":"alerts","deviceId":"ESP32_GREENHOUSE_01","data":{"timestamp":1777008732747,"deviceId":"ESP32_GREENHOUSE_01","event":"CRYING","level":166,"raw":665,"diff":665,"message":"CRYING DETECTED! ⚠️ Level: 166"}}
{"timestamp":1777008742830,"type":"alerts","deviceId":"ESP32_GREENHOUSE_01","data":{"timestamp":1777008742830,"deviceId":"ESP32_GREENHOUSE_01","event":"CRYING","level":71,"raw":286,"diff":286,"message":"CRYING DETECTED! ⚠️ Level: 71"}}
{"timestamp":1777008752908,"type":"alerts","deviceId":"ESP32_GREENHOUSE_01","data":{"timestamp":1777008752908,"deviceId":"ESP32_GREENHOUSE_01","event":"CRYING","level":87,"raw":349,"diff":349,"message":"CRYING DETECTED! ⚠️ Level: 87"}}
{"timestamp":1777008762988,"type":"alerts","deviceId":"ESP32_GREENHOUSE_01","data":{"timestamp":1777008762988,"deviceId":"ESP32_GREENHOUSE_01","event":"CRYING","level":30,"raw":121,"diff":121,"message":"CRYING DETECTED! ⚠️ Level: 30"}}
{"timestamp":1777008773068,"type":"alerts","deviceId":"ESP32_GREENHOUSE_01","data":{"timestamp":1777008773068,"deviceId":"ESP32_GREENHOUSE_01","event":"CRYING","level":27,"raw":110,"diff":110,"message":"CRYING DETECTED! ⚠️ Level: 27"}}
{"timestamp":1777008779117,"type":"alerts","deviceId":"ESP32_GREENHOUSE_01","data":{"timestamp":1777008779117,"deviceId":"ESP32_GREENHOUSE_01","event":"Quiet","level":18,"raw":73,"diff":73,"message":"Quiet Level: 18"}}
{"timestamp":1777008785166,"type":"alerts","deviceId":"ESP32_GREENHOUSE_01","data":{"timestamp":1777008785166,"deviceId":"ESP32_GREENHOUSE_01","event":"Quiet","level":15,"raw":63,"diff":63,"message":"Quiet Level: 15"}}
{"timestamp":1777008791214,"type":"alerts","deviceId":"ESP32_GREENHOUSE_01","data":{"timestamp":1777008791214,"deviceId":"ESP32_GREENHOUSE_01","event":"Quiet","level":24,"raw":99,"diff":99,"message":"Quiet Level: 24"}}
{"timestamp":1777008797262,"type":"alerts","deviceId":"ESP32_GREENHOUSE_01","data":{"timestamp":1777008797262,"deviceId":"ESP32_GREENHOUSE_01","event":"Quiet","level":30,"raw":123,"diff":123,"message":"Quiet Level: 30"}}
{"timestamp":1777008803308,"type":"alerts","deviceId":"ESP32_GREENHOUSE_01","data":{"timestamp":1777008803308,"deviceId":"ESP32_GREENHOUSE_01","event":"Quiet","level":22,"raw":91,"diff":91,"message":"Quiet Level: 22"}}
{"timestamp":1777008807344,"type":"alerts","deviceId":"ESP32_GREENHOUSE_01","data":{"timestamp":1777008807344,"deviceId":"ESP32_GREENHOUSE_01","event":"Restless","level":212,"raw":848,"diff":848,"message":"Restless Level: 212"}}
{"timestamp":1777008809357,"type":"alerts","deviceId":"ESP32_GREENHOUSE_01","data":{"timestamp":1777008809357,"deviceId":"ESP32_GREENHOUSE_01","event":"Quiet","level":22,"raw":89,"diff":89,"message":"Quiet Level: 22"}}
{"timestamp":1777008815406,"type":"alerts","deviceId":"ESP32_GREENHOUSE_01","data":{"timestamp":1777008815406,"deviceId":"ESP32_GREENHOUSE_01","event":"Quiet","level":21,"raw":84,"diff":84,"message":"Quiet Level: 21"}}
{"timestamp":1777008821453,"type":"alerts","deviceId":"ESP32_GREENHOUSE_01","data":{"timestamp":1777008821453,"deviceId":"ESP32_GREENHOUSE_01","event":"Quiet","level":24,"raw":97,"diff":97,"message":"Quiet Level: 24"}}
{"timestamp":1777008827500,"type":"alerts","deviceId":"ESP32_GREENHOUSE_01","data":{"timestamp":1777008827500,"deviceId":"ESP32_GREENHOUSE_01","event":"Quiet","level":29,"raw":116,"diff":116,"message":"Quiet Level: 29"}}
{"timestamp":1777008833550,"type":"alerts","deviceId":"ESP32_GREENHOUSE_01","data":{"timestamp":1777008833549,"deviceId":"ESP32_GREENHOUSE_01","event":"Quiet","level":55,"raw":220,"diff":220,"message":"Quiet Level: 55"}}
{"timestamp":1777008839565,"type":"alerts","deviceId":"ESP32_GREENHOUSE_01","data":{"timestamp":1777008839565,"deviceId":"ESP32_GREENHOUSE_01","event":"Quiet","level":35,"raw":141,"diff":141,"message":"Quiet Level: 35"}}
{"timestamp":1777008845616,"type":"alerts","deviceId":"ESP32_GREENHOUSE_01","data":{"timestamp":1777008845616,"deviceId":"ESP32_GREENHOUSE_01","event":"Quiet","level":40,"raw":162,"diff":162,"message":"Quiet Level: 40"}}
{"timestamp":1777008847635,"type":"alerts","deviceId":"ESP32_GREENHOUSE_01","data":{"timestamp":1777008847635,"deviceId":"ESP32_GREENHOUSE_01","event":"Restless","level":218,"raw":872,"diff":872,"message":"Restless Level: 218"}}
{"timestamp":1777008851670,"type":"alerts","deviceId":"ESP32_GREENHOUSE_01","data":{"timestamp":1777008851670,"deviceId":"ESP32_GREENHOUSE_01","event":"Quiet","level":47,"raw":188,"diff":188,"message":"Quiet Level: 47"}}
{"timestamp":1777008853709,"type":"alerts","deviceId":"ESP32_GREENHOUSE_01","data":{"timestamp":1777008853709,"deviceId":"ESP32_GREENHOUSE_01","event":"Light Activity","level":56,"raw":226,"diff":226,"message":"Light Activity Level: 56"}}
{"timestamp":1777008857744,"type":"alerts","deviceId":"ESP32_GREENHOUSE_01","data":{"timestamp":1777008857744,"deviceId":"ESP32_GREENHOUSE_01","event":"Restless","level":78,"raw":312,"diff":312,"message":"Restless Level: 78"}}
{"timestamp":1777008859757,"type":"alerts","deviceId":"ESP32_GREENHOUSE_01","data":{"timestamp":1777008859757,"deviceId":"ESP32_GREENHOUSE_01","event":"Light Activity","level":61,"raw":246,"diff":246,"message":"Light Activity Level: 61"}}
{"timestamp":1777008863789,"type":"alerts","deviceId":"ESP32_GREENHOUSE_01","data":{"timestamp":1777008863789,"deviceId":"ESP32_GREENHOUSE_01","event":"Quiet","level":37,"raw":149,"diff":149,"message":"Quiet Level: 37"}}
{"timestamp":1777008869838,"type":"alerts","deviceId":"ESP32_GREENHOUSE_01","data":{"timestamp":1777008869838,"deviceId":"ESP32_GREENHOUSE_01","event":"Quiet","level":31,"raw":125,"diff":125,"message":"Quiet Level: 31"}}
{"timestamp":1777008873872,"type":"alerts","deviceId":"ESP32_GREENHOUSE_01","data":{"timestamp":1777008873872,"deviceId":"ESP32_GREENHOUSE_01","event":"Restless","level":85,"raw":341,"diff":341,"message":"Restless Level: 85"}}
{"timestamp":1777008875886,"type":"alerts","deviceId":"ESP32_GREENHOUSE_01","data":{"timestamp":1777008875886,"deviceId":"ESP32_GREENHOUSE_01","event":"Quiet","level":24,"raw":97,"diff":97,"message":"Quiet Level: 24"}}
{"timestamp":1777008881940,"type":"alerts","deviceId":"ESP32_GREENHOUSE_01","data":{"timestamp":1777008881940,"deviceId":"ESP32_GREENHOUSE_01","event":"Quiet","level":18,"raw":73,"diff":73,"message":"Quiet Level: 18"}}
{"timestamp":1777008888016,"type":"alerts","deviceId":"ESP32_GREENHOUSE_01","data":{"timestamp":1777008888016,"deviceId":"ESP32_GREENHOUSE_01","event":"Quiet","level":23,"raw":95,"diff":95,"message":"Quiet Level: 23"}}
{"timestamp":1777008894062,"type":"alerts","deviceId":"ESP32_GREENHOUSE_01","data":{"timestamp":1777008894062,"deviceId":"ESP32_GREENHOUSE_01","event":"Quiet","level":19,"raw":77,"diff":77,"message":"Quiet Level: 19"}}
{"timestamp":1777008900111,"type":"alerts","deviceId":"ESP32_GREENHOUSE_01","data":{"timestamp":1777008900110,"deviceId":"ESP32_GREENHOUSE_01","event":"Quiet","level":30,"raw":121,"diff":121,"message":"Quiet Level: 30"}}
{"timestamp":1777008906160,"type":"alerts","deviceId":"ESP32_GREENHOUSE_01","data":{"timestamp":1777008906160,"deviceId":"ESP32_GREENHOUSE_01","event":"Quiet","level":40,"raw":161,"diff":161,"message":"Quiet Level: 40"}}
{"timestamp":1777008912209,"type":"alerts","deviceId":"ESP32_GREENHOUSE_01","data":{"timestamp":1777008912209,"deviceId":"ESP32_GREENHOUSE_01","event":"Quiet","level":30,"raw":121,"diff":121,"message":"Quiet Level: 30"}}
{"timestamp":1777008918292,"type":"alerts","deviceId":"ESP32_GREENHOUSE_01","data":{"timestamp":1777008918292,"deviceId":"ESP32_GREENHOUSE_01","event":"Quiet","level":23,"raw":95,"diff":95,"message":"Quiet Level: 23"}}
{"timestamp":1777008924335,"type":"alerts","deviceId":"ESP32_GREENHOUSE_01","data":{"timestamp":1777008924335,"deviceId":"ESP32_GREENHOUSE_01","event":"Quiet","level":32,"raw":128,"diff":128,"message":"Quiet Level: 32"}}
{"timestamp":1777008930382,"type":"alerts","deviceId":"ESP32_GREENHOUSE_01","data":{"timestamp":1777008930382,"deviceId":"ESP32_GREENHOUSE_01","event":"Quiet","level":19,"raw":78,"diff":78,"message":"Quiet Level: 19"}}
{"timestamp":1777008936430,"type":"alerts","deviceId":"ESP32_GREENHOUSE_01","data":{"timestamp":1777008936430,"deviceId":"ESP32_GREENHOUSE_01","event":"Quiet","level":23,"raw":95,"diff":95,"message":"Quiet Level: 23"}}
{"timestamp":1777008942481,"type":"alerts","deviceId":"ESP32_GREENHOUSE_01","data":{"timestamp":1777008942481,"deviceId":"ESP32_GREENHOUSE_01","event":"Quiet","level":18,"raw":75,"diff":75,"message":"Quiet Level: 18"}}
{"timestamp":1777008948560,"type":"alerts","deviceId":"ESP32_GREENHOUSE_01","data":{"timestamp":1777008948560,"deviceId":"ESP32_GREENHOUSE_01","event":"Quiet","level":22,"raw":88,"diff":88,"message":"Quiet Level: 22"}}
{"timestamp":1777008954606,"type":"alerts","deviceId":"ESP32_GREENHOUSE_01","data":{"timestamp":1777008954606,"deviceId":"ESP32_GREENHOUSE_01","event":"Quiet","level":21,"raw":85,"diff":85,"message":"Quiet Level: 21"}}
{"timestamp":1777008960658,"type":"alerts","deviceId":"ESP32_GREENHOUSE_01","data":{"timestamp":1777008960658,"deviceId":"ESP32_GREENHOUSE_01","event":"Restless","level":231,"raw":924,"diff":924,"message":"Restless Level: 231"}}
{"timestamp":1777008962670,"type":"alerts","deviceId":"ESP32_GREENHOUSE_01","data":{"timestamp":1777008962670,"deviceId":"ESP32_GREENHOUSE_01","event":"Quiet","level":17,"raw":70,"diff":70,"message":"Quiet Level: 17"}}
{"timestamp":1777008968718,"type":"alerts","deviceId":"ESP32_GREENHOUSE_01","data":{"timestamp":1777008968718,"deviceId":"ESP32_GREENHOUSE_01","event":"Quiet","level":14,"raw":57,"diff":57,"message":"Quiet Level: 14"}}
{"timestamp":1777008974791,"type":"alerts","deviceId":"ESP32_GREENHOUSE_01","data":{"timestamp":1777008974791,"deviceId":"ESP32_GREENHOUSE_01","event":"Quiet","level":17,"raw":71,"diff":71,"message":"Quiet Level: 17"}}
{"timestamp":1777008980846,"type":"alerts","deviceId":"ESP32_GREENHOUSE_01","data":{"timestamp":1777008980846,"deviceId":"ESP32_GREENHOUSE_01","event":"Quiet","level":32,"raw":131,"diff":131,"message":"Quiet Level: 32"}}
{"timestamp":1777008986896,"type":"alerts","deviceId":"ESP32_GREENHOUSE_01","data":{"timestamp":1777008986896,"deviceId":"ESP32_GREENHOUSE_01","event":"Quiet","level":47,"raw":190,"diff":190,"message":"Quiet Level: 47"}}
{"timestamp":1777008992942,"type":"alerts","deviceId":"ESP32_GREENHOUSE_01","data":{"timestamp":1777008992942,"deviceId":"ESP32_GREENHOUSE_01","event":"Quiet","level":30,"raw":121,"diff":121,"message":"Quiet Level: 30"}}
{"timestamp":1777008996975,"type":"alerts","deviceId":"ESP32_GREENHOUSE_01","data":{"timestamp":1777008996975,"deviceId":"ESP32_GREENHOUSE_01","event":"Light Activity","level":63,"raw":252,"diff":252,"message":"Light Activity Level: 63"}}
{"timestamp":1777008998992,"type":"alerts","deviceId":"ESP32_GREENHOUSE_01","data":{"timestamp":1777008998992,"deviceId":"ESP32_GREENHOUSE_01","event":"Quiet","level":46,"raw":185,"diff":185,"message":"Quiet Level: 46"}}
{"timestamp":1777009005040,"type":"alerts","deviceId":"ESP32_GREENHOUSE_01","data":{"timestamp":1777009005039,"deviceId":"ESP32_GREENHOUSE_01","event":"Quiet","level":24,"raw":96,"diff":96,"message":"Quiet Level: 24"}}
{"timestamp":1777009011095,"type":"alerts","deviceId":"ESP32_GREENHOUSE_01","data":{"timestamp":1777009011095,"deviceId":"ESP32_GREENHOUSE_01","event":"Quiet","level":39,"raw":159,"diff":159,"message":"Quiet Level: 39"}}
{"timestamp":1777009017167,"type":"alerts","deviceId":"ESP32_GREENHOUSE_01","data":{"timestamp":1777009017166,"deviceId":"ESP32_GREENHOUSE_01","event":"Quiet","level":49,"raw":198,"diff":198,"message":"Quiet Level: 49"}}
{"timestamp":1777009021198,"type":"alerts","deviceId":"ESP32_GREENHOUSE_01","data":{"timestamp":1777009021198,"deviceId":"ESP32_GREENHOUSE_01","event":"CRYING","level":82,"raw":331,"diff":331,"message":"CRYING DETECTED! ⚠️ Level: 82"}}
{"timestamp":1777009023215,"type":"alerts","deviceId":"ESP32_GREENHOUSE_01","data":{"timestamp":1777009023215,"deviceId":"ESP32_GREENHOUSE_01","event":"Quiet","level":34,"raw":139,"diff":139,"message":"Quiet Level: 34"}}
{"timestamp":1777009029267,"type":"alerts","deviceId":"ESP32_GREENHOUSE_01","data":{"timestamp":1777009029267,"deviceId":"ESP32_GREENHOUSE_01","event":"Quiet","level":21,"raw":85,"diff":85,"message":"Quiet Level: 21"}}
{"timestamp":1777009035310,"type":"alerts","deviceId":"ESP32_GREENHOUSE_01","data":{"timestamp":1777009035310,"deviceId":"ESP32_GREENHOUSE_01","event":"Quiet","level":32,"raw":128,"diff":128,"message":"Quiet Level: 32"}}
{"timestamp":1777009041362,"type":"alerts","deviceId":"ESP32_GREENHOUSE_01","data":{"timestamp":1777009041362,"deviceId":"ESP32_GREENHOUSE_01","event":"Restless","level":77,"raw":310,"diff":310,"message":"Restless Level: 77"}}
{"timestamp":1777009043382,"type":"alerts","deviceId":"ESP32_GREENHOUSE_01","data":{"timestamp":1777009043382,"deviceId":"ESP32_GREENHOUSE_01","event":"Quiet","level":35,"raw":141,"diff":141,"message":"Quiet Level: 35"}}
{"timestamp":1777009049455,"type":"alerts","deviceId":"ESP32_GREENHOUSE_01","data":{"timestamp":1777009049455,"deviceId":"ESP32_GREENHOUSE_01","event":"Quiet","level":46,"raw":185,"diff":185,"message":"Quiet Level: 46"}}
{"timestamp":1777009055503,"type":"alerts","deviceId":"ESP32_GREENHOUSE_01","data":{"timestamp":1777009055503,"deviceId":"ESP32_GREENHOUSE_01","event":"Quiet","level":31,"raw":126,"diff":126,"message":"Quiet Level: 31"}}
{"timestamp":1777009059535,"type":"alerts","deviceId":"ESP32_GREENHOUSE_01","data":{"timestamp":1777009059535,"deviceId":"ESP32_GREENHOUSE_01","event":"Light Activity","level":60,"raw":243,"diff":243,"message":"Light Activity Level: 60"}}
{"timestamp":1777009063572,"type":"alerts","deviceId":"ESP32_GREENHOUSE_01","data":{"timestamp":1777009063572,"deviceId":"ESP32_GREENHOUSE_01","event":"CRYING","level":73,"raw":292,"diff":292,"message":"CRYING DETECTED! ⚠️ Level: 73"}}
{"timestamp":1777009065589,"type":"alerts","deviceId":"ESP32_GREENHOUSE_01","data":{"timestamp":1777009065588,"deviceId":"ESP32_GREENHOUSE_01","event":"Quiet","level":44,"raw":178,"diff":178,"message":"Quiet Level: 44"}}
{"timestamp":1777009073743,"type":"alerts","deviceId":"ESP32_GREENHOUSE_01","data":{"timestamp":1777009073743,"deviceId":"ESP32_GREENHOUSE_01","event":"CRYING","level":110,"raw":442,"diff":442,"message":"CRYING DETECTED! ⚠️ Level: 110"}}
{"timestamp":1777009075787,"type":"alerts","deviceId":"ESP32_GREENHOUSE_01","data":{"timestamp":1777009075787,"deviceId":"ESP32_GREENHOUSE_01","event":"Restless","level":85,"raw":342,"diff":342,"message":"Restless Level: 85"}}
{"timestamp":1777009083772,"type":"alerts","deviceId":"ESP32_GREENHOUSE_01","data":{"timestamp":1777009083772,"deviceId":"ESP32_GREENHOUSE_01","event":"Quiet","level":28,"raw":114,"diff":114,"message":"Quiet Level: 28"}}
{"timestamp":1777009087793,"type":"alerts","deviceId":"ESP32_GREENHOUSE_01","data":{"timestamp":1777009087793,"deviceId":"ESP32_GREENHOUSE_01","event":"CRYING","level":190,"raw":763,"diff":763,"message":"CRYING DETECTED! ⚠️ Level: 190"}}
{"timestamp":1777009091824,"type":"alerts","deviceId":"ESP32_GREENHOUSE_01","data":{"timestamp":1777009091824,"deviceId":"ESP32_GREENHOUSE_01","event":"Quiet","level":26,"raw":105,"diff":105,"message":"Quiet Level: 26"}}
{"timestamp":1777009097875,"type":"alerts","deviceId":"ESP32_GREENHOUSE_01","data":{"timestamp":1777009097875,"deviceId":"ESP32_GREENHOUSE_01","event":"Quiet","level":19,"raw":76,"diff":76,"message":"Quiet Level: 19"}}
{"timestamp":1777009103921,"type":"alerts","deviceId":"ESP32_GREENHOUSE_01","data":{"timestamp":1777009103921,"deviceId":"ESP32_GREENHOUSE_01","event":"Quiet","level":54,"raw":219,"diff":219,"message":"Quiet Level: 54"}}
{"timestamp":1777009105939,"type":"alerts","deviceId":"ESP32_GREENHOUSE_01","data":{"timestamp":1777009105939,"deviceId":"ESP32_GREENHOUSE_01","event":"Light Activity","level":66,"raw":265,"diff":265,"message":"Light Activity Level: 66"}}
{"timestamp":1777009109975,"type":"alerts","deviceId":"ESP32_GREENHOUSE_01","data":{"timestamp":1777009109975,"deviceId":"ESP32_GREENHOUSE_01","event":"CRYING","level":137,"raw":550,"diff":550,"message":"CRYING DETECTED! ⚠️ Level: 137"}}
{"timestamp":1777009116048,"type":"alerts","deviceId":"ESP32_GREENHOUSE_01","data":{"timestamp":1777009116048,"deviceId":"ESP32_GREENHOUSE_01","event":"Quiet","level":25,"raw":102,"diff":102,"message":"Quiet Level: 25"}}
{"timestamp":1777009122099,"type":"alerts","deviceId":"ESP32_GREENHOUSE_01","data":{"timestamp":1777009122099,"deviceId":"ESP32_GREENHOUSE_01","event":"CRYING","level":84,"raw":338,"diff":338,"message":"CRYING DETECTED! ⚠️ Level: 84"}}
{"timestamp":1777009126129,"type":"alerts","deviceId":"ESP32_GREENHOUSE_01","data":{"timestamp":1777009126129,"deviceId":"ESP32_GREENHOUSE_01","event":"Quiet","level":21,"raw":87,"diff":87,"message":"Quiet Level: 21"}}
{"timestamp":1777009132180,"type":"alerts","deviceId":"ESP32_GREENHOUSE_01","data":{"timestamp":1777009132180,"deviceId":"ESP32_GREENHOUSE_01","event":"Quiet","level":45,"raw":182,"diff":182,"message":"Quiet Level: 45"}}
{"timestamp":1777009134192,"type":"alerts","deviceId":"ESP32_GREENHOUSE_01","data":{"timestamp":1777009134192,"deviceId":"ESP32_GREENHOUSE_01","event":"Restless","level":152,"raw":608,"diff":608,"message":"Restless Level: 152"}}
{"timestamp":1777009138226,"type":"alerts","deviceId":"ESP32_GREENHOUSE_01","data":{"timestamp":1777009138226,"deviceId":"ESP32_GREENHOUSE_01","event":"Light Activity","level":73,"raw":293,"diff":293,"message":"Light Activity Level: 73"}}
{"timestamp":1777009140248,"type":"alerts","deviceId":"ESP32_GREENHOUSE_01","data":{"timestamp":1777009140248,"deviceId":"ESP32_GREENHOUSE_01","event":"Quiet","level":34,"raw":137,"diff":137,"message":"Quiet Level: 34"}}
{"timestamp":1777009144494,"type":"alerts","deviceId":"ESP32_GREENHOUSE_01","data":{"timestamp":1777009144494,"deviceId":"ESP32_GREENHOUSE_01","event":"CRYING","level":186,"raw":745,"diff":745,"message":"CRYING DETECTED! ⚠️ Level: 186"}}
{"timestamp":1777009146401,"type":"alerts","deviceId":"ESP32_GREENHOUSE_01","data":{"timestamp":1777009146401,"deviceId":"ESP32_GREENHOUSE_01","event":"Quiet","level":19,"raw":76,"diff":76,"message":"Quiet Level: 19"}}
{"timestamp":1777009150352,"type":"alerts","deviceId":"ESP32_GREENHOUSE_01","data":{"timestamp":1777009150352,"deviceId":"ESP32_GREENHOUSE_01","event":"Restless","level":245,"raw":980,"diff":980,"message":"Restless Level: 245"}}
{"timestamp":1777009152368,"type":"alerts","deviceId":"ESP32_GREENHOUSE_01","data":{"timestamp":1777009152368,"deviceId":"ESP32_GREENHOUSE_01","event":"Quiet","level":24,"raw":99,"diff":99,"message":"Quiet Level: 24"}}
{"timestamp":1777009156400,"type":"alerts","deviceId":"ESP32_GREENHOUSE_01","data":{"timestamp":1777009156400,"deviceId":"ESP32_GREENHOUSE_01","event":"CRYING","level":58,"raw":232,"diff":232,"message":"CRYING DETECTED! ⚠️ Level: 58"}}
{"timestamp":1777009162450,"type":"alerts","deviceId":"ESP32_GREENHOUSE_01","data":{"timestamp":1777009162450,"deviceId":"ESP32_GREENHOUSE_01","event":"Quiet","level":31,"raw":126,"diff":126,"message":"Quiet Level: 31"}}
{"timestamp":1777009164474,"type":"alerts","deviceId":"ESP32_GREENHOUSE_01","data":{"timestamp":1777009164474,"deviceId":"ESP32_GREENHOUSE_01","event":"Restless","level":89,"raw":356,"diff":356,"message":"Restless Level: 89"}}
{"timestamp":1777009166482,"type":"alerts","deviceId":"ESP32_GREENHOUSE_01","data":{"timestamp":1777009166482,"deviceId":"ESP32_GREENHOUSE_01","event":"Light Activity","level":57,"raw":230,"diff":230,"message":"Light Activity Level: 57"}}
{"timestamp":1777009168501,"type":"alerts","deviceId":"ESP32_GREENHOUSE_01","data":{"timestamp":1777009168501,"deviceId":"ESP32_GREENHOUSE_01","event":"Quiet","level":31,"raw":127,"diff":127,"message":"Quiet Level: 31"}}
{"timestamp":1777009174558,"type":"alerts","deviceId":"ESP32_GREENHOUSE_01","data":{"timestamp":1777009174557,"deviceId":"ESP32_GREENHOUSE_01","event":"Light Activity","level":59,"raw":236,"diff":236,"message":"Light Activity Level: 59"}}
{"timestamp":1777009176592,"type":"alerts","deviceId":"ESP32_GREENHOUSE_01","data":{"timestamp":1777009176592,"deviceId":"ESP32_GREENHOUSE_01","event":"Quiet","level":29,"raw":118,"diff":118,"message":"Quiet Level: 29"}}
{"timestamp":1777009182642,"type":"alerts","deviceId":"ESP32_GREENHOUSE_01","data":{"timestamp":1777009182642,"deviceId":"ESP32_GREENHOUSE_01","event":"CRYING","level":72,"raw":288,"diff":288,"message":"CRYING DETECTED! ⚠️ Level: 72"}}
{"timestamp":1777009192720,"type":"alerts","deviceId":"ESP32_GREENHOUSE_01","data":{"timestamp":1777009192720,"deviceId":"ESP32_GREENHOUSE_01","event":"CRYING","level":195,"raw":783,"diff":783,"message":"CRYING DETECTED! ⚠️ Level: 195"}}
{"timestamp":1777009202804,"type":"alerts","deviceId":"ESP32_GREENHOUSE_01","data":{"timestamp":1777009202804,"deviceId":"ESP32_GREENHOUSE_01","event":"CRYING","level":136,"raw":547,"diff":547,"message":"CRYING DETECTED! ⚠️ Level: 136"}}
{"timestamp":1777009212936,"type":"alerts","deviceId":"ESP32_GREENHOUSE_01","data":{"timestamp":1777009212936,"deviceId":"ESP32_GREENHOUSE_01","event":"CRYING","level":90,"raw":363,"diff":363,"message":"CRYING DETECTED! ⚠️ Level: 90"}}
{"timestamp":1777009220977,"type":"alerts","deviceId":"ESP32_GREENHOUSE_01","data":{"timestamp":1777009220976,"deviceId":"ESP32_GREENHOUSE_01","event":"Light Activity","level":63,"raw":252,"diff":252,"message":"Light Activity Level: 63"}}
{"timestamp":1777009227026,"type":"alerts","deviceId":"ESP32_GREENHOUSE_01","data":{"timestamp":1777009227026,"deviceId":"ESP32_GREENHOUSE_01","event":"CRYING","level":59,"raw":238,"diff":238,"message":"CRYING DETECTED! ⚠️ Level: 59"}}
{"timestamp":1777009231058,"type":"alerts","deviceId":"ESP32_GREENHOUSE_01","data":{"timestamp":1777009231058,"deviceId":"ESP32_GREENHOUSE_01","event":"Light Activity","level":72,"raw":290,"diff":290,"message":"Light Activity Level: 72"}}
{"timestamp":1777009237111,"type":"alerts","deviceId":"ESP32_GREENHOUSE_01","data":{"timestamp":1777009237111,"deviceId":"ESP32_GREENHOUSE_01","event":"CRYING","level":179,"raw":718,"diff":718,"message":"CRYING DETECTED! ⚠️ Level: 179"}}
{"timestamp":1777009247221,"type":"alerts","deviceId":"ESP32_GREENHOUSE_01","data":{"timestamp":1777009247221,"deviceId":"ESP32_GREENHOUSE_01","event":"CRYING","level":84,"raw":337,"diff":337,"message":"CRYING DETECTED! ⚠️ Level: 84"}}
{"timestamp":1777009253266,"type":"alerts","deviceId":"ESP32_GREENHOUSE_01","data":{"timestamp":1777009253266,"deviceId":"ESP32_GREENHOUSE_01","event":"Light Activity","level":61,"raw":247,"diff":247,"message":"Light Activity Level: 61"}}
{"timestamp":1777009257306,"type":"alerts","deviceId":"ESP32_GREENHOUSE_01","data":{"timestamp":1777009257306,"deviceId":"ESP32_GREENHOUSE_01","event":"Quiet","level":49,"raw":196,"diff":196,"message":"Quiet Level: 49"}}
{"timestamp":1777009259315,"type":"alerts","deviceId":"ESP32_GREENHOUSE_01","data":{"timestamp":1777009259315,"deviceId":"ESP32_GREENHOUSE_01","event":"Restless","level":96,"raw":384,"diff":384,"message":"Restless Level: 96"}}
{"timestamp":1777009261331,"type":"alerts","deviceId":"ESP32_GREENHOUSE_01","data":{"timestamp":1777009261331,"deviceId":"ESP32_GREENHOUSE_01","event":"Light Activity","level":59,"raw":237,"diff":237,"message":"Light Activity Level: 59"}}
{"timestamp":1777009265365,"type":"alerts","deviceId":"ESP32_GREENHOUSE_01","data":{"timestamp":1777009265364,"deviceId":"ESP32_GREENHOUSE_01","event":"Restless","level":130,"raw":520,"diff":520,"message":"Restless Level: 130"}}
{"timestamp":1777009267381,"type":"alerts","deviceId":"ESP32_GREENHOUSE_01","data":{"timestamp":1777009267381,"deviceId":"ESP32_GREENHOUSE_01","event":"Quiet","level":45,"raw":181,"diff":181,"message":"Quiet Level: 45"}}
{"timestamp":1777009273459,"type":"alerts","deviceId":"ESP32_GREENHOUSE_01","data":{"timestamp":1777009273459,"deviceId":"ESP32_GREENHOUSE_01","event":"Restless","level":192,"raw":770,"diff":770,"message":"Restless Level: 192"}}
{"timestamp":1777009275473,"type":"alerts","deviceId":"ESP32_GREENHOUSE_01","data":{"timestamp":1777009275473,"deviceId":"ESP32_GREENHOUSE_01","event":"Light Activity","level":60,"raw":242,"diff":242,"message":"Light Activity Level: 60"}}
{"timestamp":1777009277490,"type":"alerts","deviceId":"ESP32_GREENHOUSE_01","data":{"timestamp":1777009277490,"deviceId":"ESP32_GREENHOUSE_01","event":"Quiet","level":47,"raw":189,"diff":189,"message":"Quiet Level: 47"}}
{"timestamp":1777009279505,"type":"alerts","deviceId":"ESP32_GREENHOUSE_01","data":{"timestamp":1777009279505,"deviceId":"ESP32_GREENHOUSE_01","event":"CRYING","level":165,"raw":662,"diff":662,"message":"CRYING DETECTED! ⚠️ Level: 165"}}
{"timestamp":1777009285555,"type":"alerts","deviceId":"ESP32_GREENHOUSE_01","data":{"timestamp":1777009285555,"deviceId":"ESP32_GREENHOUSE_01","event":"Quiet","level":23,"raw":94,"diff":94,"message":"Quiet Level: 23"}}
{"timestamp":1777009289586,"type":"alerts","deviceId":"ESP32_GREENHOUSE_01","data":{"timestamp":1777009289586,"deviceId":"ESP32_GREENHOUSE_01","event":"Restless","level":162,"raw":650,"diff":650,"message":"Restless Level: 162"}}
{"timestamp":1777009291602,"type":"alerts","deviceId":"ESP32_GREENHOUSE_01","data":{"timestamp":1777009291601,"deviceId":"ESP32_GREENHOUSE_01","event":"CRYING","level":59,"raw":239,"diff":239,"message":"CRYING DETECTED! ⚠️ Level: 59"}}
{"timestamp":1777009295635,"type":"alerts","deviceId":"ESP32_GREENHOUSE_01","data":{"timestamp":1777009295635,"deviceId":"ESP32_GREENHOUSE_01","event":"Restless","level":79,"raw":319,"diff":319,"message":"Restless Level: 79"}}
{"timestamp":1777009297651,"type":"alerts","deviceId":"ESP32_GREENHOUSE_01","data":{"timestamp":1777009297651,"deviceId":"ESP32_GREENHOUSE_01","event":"Quiet","level":22,"raw":89,"diff":89,"message":"Quiet Level: 22"}}
{"timestamp":1777009303707,"type":"alerts","deviceId":"ESP32_GREENHOUSE_01","data":{"timestamp":1777009303707,"deviceId":"ESP32_GREENHOUSE_01","event":"Quiet","level":41,"raw":167,"diff":167,"message":"Quiet Level: 41"}}
{"timestamp":1777009305746,"type":"alerts","deviceId":"ESP32_GREENHOUSE_01","data":{"timestamp":1777009305746,"deviceId":"ESP32_GREENHOUSE_01","event":"Restless","level":164,"raw":659,"diff":659,"message":"Restless Level: 164"}}
{"timestamp":1777009307762,"type":"alerts","deviceId":"ESP32_GREENHOUSE_01","data":{"timestamp":1777009307762,"deviceId":"ESP32_GREENHOUSE_01","event":"CRYING","level":129,"raw":517,"diff":517,"message":"CRYING DETECTED! ⚠️ Level: 129"}}
{"timestamp":1777009311794,"type":"alerts","deviceId":"ESP32_GREENHOUSE_01","data":{"timestamp":1777009311793,"deviceId":"ESP32_GREENHOUSE_01","event":"Quiet","level":46,"raw":185,"diff":185,"message":"Quiet Level: 46"}}
{"timestamp":1777009317842,"type":"alerts","deviceId":"ESP32_GREENHOUSE_01","data":{"timestamp":1777009317842,"deviceId":"ESP32_GREENHOUSE_01","event":"Quiet","level":27,"raw":108,"diff":108,"message":"Quiet Level: 27"}}
{"timestamp":1777009319862,"type":"alerts","deviceId":"ESP32_GREENHOUSE_01","data":{"timestamp":1777009319861,"deviceId":"ESP32_GREENHOUSE_01","event":"CRYING","level":78,"raw":314,"diff":314,"message":"CRYING DETECTED! ⚠️ Level: 78"}}
{"timestamp":1777009323890,"type":"alerts","deviceId":"ESP32_GREENHOUSE_01","data":{"timestamp":1777009323890,"deviceId":"ESP32_GREENHOUSE_01","event":"Light Activity","level":61,"raw":245,"diff":245,"message":"Light Activity Level: 61"}}
{"timestamp":1777009325906,"type":"alerts","deviceId":"ESP32_GREENHOUSE_01","data":{"timestamp":1777009325906,"deviceId":"ESP32_GREENHOUSE_01","event":"Quiet","level":25,"raw":101,"diff":101,"message":"Quiet Level: 25"}}
{"timestamp":1777009331957,"type":"alerts","deviceId":"ESP32_GREENHOUSE_01","data":{"timestamp":1777009331957,"deviceId":"ESP32_GREENHOUSE_01","event":"Restless","level":131,"raw":524,"diff":524,"message":"Restless Level: 131"}}
{"timestamp":1777009333975,"type":"alerts","deviceId":"ESP32_GREENHOUSE_01","data":{"timestamp":1777009333975,"deviceId":"ESP32_GREENHOUSE_01","event":"Quiet","level":48,"raw":193,"diff":193,"message":"Quiet Level: 48"}}
{"timestamp":1777009338034,"type":"alerts","deviceId":"ESP32_GREENHOUSE_01","data":{"timestamp":1777009338034,"deviceId":"ESP32_GREENHOUSE_01","event":"CRYING","level":108,"raw":434,"diff":434,"message":"CRYING DETECTED! ⚠️ Level: 108"}}
{"timestamp":1777009342080,"type":"alerts","deviceId":"ESP32_GREENHOUSE_01","data":{"timestamp":1777009342080,"deviceId":"ESP32_GREENHOUSE_01","event":"Restless","level":108,"raw":434,"diff":434,"message":"Restless Level: 108"}}
{"timestamp":1777009348114,"type":"alerts","deviceId":"ESP32_GREENHOUSE_01","data":{"timestamp":1777009348114,"deviceId":"ESP32_GREENHOUSE_01","event":"Quiet","level":48,"raw":192,"diff":192,"message":"Quiet Level: 48"}}
{"timestamp":1777009350130,"type":"alerts","deviceId":"ESP32_GREENHOUSE_01","data":{"timestamp":1777009350130,"deviceId":"ESP32_GREENHOUSE_01","event":"Restless","level":141,"raw":567,"diff":567,"message":"Restless Level: 141"}}
{"timestamp":1777009354166,"type":"alerts","deviceId":"ESP32_GREENHOUSE_01","data":{"timestamp":1777009354166,"deviceId":"ESP32_GREENHOUSE_01","event":"Quiet","level":26,"raw":106,"diff":106,"message":"Quiet Level: 26"}}
{"timestamp":1777009358194,"type":"alerts","deviceId":"ESP32_GREENHOUSE_01","data":{"timestamp":1777009358194,"deviceId":"ESP32_GREENHOUSE_01","event":"CRYING","level":65,"raw":263,"diff":263,"message":"CRYING DETECTED! ⚠️ Level: 65"}}
{"timestamp":1777009362227,"type":"alerts","deviceId":"ESP32_GREENHOUSE_01","data":{"timestamp":1777009362227,"deviceId":"ESP32_GREENHOUSE_01","event":"Light Activity","level":69,"raw":279,"diff":279,"message":"Light Activity Level: 69"}}
{"timestamp":1777009368281,"type":"alerts","deviceId":"ESP32_GREENHOUSE_01","data":{"timestamp":1777009368281,"deviceId":"ESP32_GREENHOUSE_01","event":"CRYING","level":41,"raw":167,"diff":167,"message":"CRYING DETECTED! ⚠️ Level: 41"}}
{"timestamp":1777009378386,"type":"alerts","deviceId":"ESP32_GREENHOUSE_01","data":{"timestamp":1777009378386,"deviceId":"ESP32_GREENHOUSE_01","event":"CRYING","level":28,"raw":112,"diff":112,"message":"CRYING DETECTED! ⚠️ Level: 28"}}
{"timestamp":1777009388468,"type":"alerts","deviceId":"ESP32_GREENHOUSE_01","data":{"timestamp":1777009388468,"deviceId":"ESP32_GREENHOUSE_01","event":"CRYING","level":34,"raw":137,"diff":137,"message":"CRYING DETECTED! ⚠️ Level: 34"}}
{"timestamp":1777009398552,"type":"alerts","deviceId":"ESP32_GREENHOUSE_01","data":{"timestamp":1777009398552,"deviceId":"ESP32_GREENHOUSE_01","event":"CRYING","level":74,"raw":297,"diff":297,"message":"CRYING DETECTED! ⚠️ Level: 74"}}
{"timestamp":1777009408659,"type":"alerts","deviceId":"ESP32_GREENHOUSE_01","data":{"timestamp":1777009408659,"deviceId":"ESP32_GREENHOUSE_01","event":"CRYING","level":234,"raw":939,"diff":939,"message":"CRYING DETECTED! ⚠️ Level: 234"}}
{"timestamp":1777009418739,"type":"alerts","deviceId":"ESP32_GREENHOUSE_01","data":{"timestamp":1777009418739,"deviceId":"ESP32_GREENHOUSE_01","event":"CRYING","level":259,"raw":1039,"diff":1039,"message":"CRYING DETECTED! ⚠️ Level: 259"}}
{"timestamp":1777009428824,"type":"alerts","deviceId":"ESP32_GREENHOUSE_01","data":{"timestamp":1777009428824,"deviceId":"ESP32_GREENHOUSE_01","event":"CRYING","level":144,"raw":579,"diff":579,"message":"CRYING DETECTED! ⚠️ Level: 144"}}
{"timestamp":1777009438931,"type":"alerts","deviceId":"ESP32_GREENHOUSE_01","data":{"timestamp":1777009438931,"deviceId":"ESP32_GREENHOUSE_01","event":"CRYING","level":213,"raw":854,"diff":854,"message":"CRYING DETECTED! ⚠️ Level: 213"}}
{"timestamp":1777009449081,"type":"alerts","deviceId":"ESP32_GREENHOUSE_01","data":{"timestamp":1777009449081,"deviceId":"ESP32_GREENHOUSE_01","event":"CRYING","level":171,"raw":686,"diff":686,"message":"CRYING DETECTED! ⚠️ Level: 171"}}
{"timestamp":1777009459093,"type":"alerts","deviceId":"ESP32_GREENHOUSE_01","data":{"timestamp":1777009459093,"deviceId":"ESP32_GREENHOUSE_01","event":"CRYING","level":78,"raw":312,"diff":312,"message":"CRYING DETECTED! ⚠️ Level: 78"}}
{"timestamp":1777009469207,"type":"alerts","deviceId":"ESP32_GREENHOUSE_01","data":{"timestamp":1777009469207,"deviceId":"ESP32_GREENHOUSE_01","event":"CRYING","level":89,"raw":357,"diff":357,"message":"CRYING DETECTED! ⚠️ Level: 89"}}
{"timestamp":1777009479283,"type":"alerts","deviceId":"ESP32_GREENHOUSE_01","data":{"timestamp":1777009479283,"deviceId":"ESP32_GREENHOUSE_01","event":"CRYING","level":97,"raw":388,"diff":388,"message":"CRYING DETECTED! ⚠️ Level: 97"}}
{"timestamp":1777009489363,"type":"alerts","deviceId":"ESP32_GREENHOUSE_01","data":{"timestamp":1777009489363,"deviceId":"ESP32_GREENHOUSE_01","event":"CRYING","level":109,"raw":439,"diff":439,"message":"CRYING DETECTED! ⚠️ Level: 109"}}
{"timestamp":1777009499478,"type":"alerts","deviceId":"ESP32_GREENHOUSE_01","data":{"timestamp":1777009499478,"deviceId":"ESP32_GREENHOUSE_01","event":"CRYING","level":105,"raw":423,"diff":423,"message":"CRYING DETECTED! ⚠️ Level: 105"}}
{"timestamp":1777009509556,"type":"alerts","deviceId":"ESP32_GREENHOUSE_01","data":{"timestamp":1777009509556,"deviceId":"ESP32_GREENHOUSE_01","event":"CRYING","level":177,"raw":709,"diff":709,"message":"CRYING DETECTED! ⚠️ Level: 177"}}
{"timestamp":1777009519637,"type":"alerts","deviceId":"ESP32_GREENHOUSE_01","data":{"timestamp":1777009519637,"deviceId":"ESP32_GREENHOUSE_01","event":"CRYING","level":20,"raw":82,"diff":82,"message":"CRYING DETECTED! ⚠️ Level: 20"}}
{"timestamp":1777009529739,"type":"alerts","deviceId":"ESP32_GREENHOUSE_01","data":{"timestamp":1777009529739,"deviceId":"ESP32_GREENHOUSE_01","event":"CRYING","level":176,"raw":705,"diff":705,"message":"CRYING DETECTED! ⚠️ Level: 176"}}
{"timestamp":1777009539829,"type":"alerts","deviceId":"ESP32_GREENHOUSE_01","data":{"timestamp":1777009539829,"deviceId":"ESP32_GREENHOUSE_01","event":"CRYING","level":33,"raw":134,"diff":134,"message":"CRYING DETECTED! ⚠️ Level: 33"}}
{"timestamp":1777009543860,"type":"alerts","deviceId":"ESP32_GREENHOUSE_01","data":{"timestamp":1777009543860,"deviceId":"ESP32_GREENHOUSE_01","event":"Quiet","level":21,"raw":84,"diff":84,"message":"Quiet Level: 21"}}
{"timestamp":1777009549910,"type":"alerts","deviceId":"ESP32_GREENHOUSE_01","data":{"timestamp":1777009549910,"deviceId":"ESP32_GREENHOUSE_01","event":"Quiet","level":33,"raw":133,"diff":133,"message":"Quiet Level: 33"}}
{"timestamp":1777009553941,"type":"alerts","deviceId":"ESP32_GREENHOUSE_01","data":{"timestamp":1777009553941,"deviceId":"ESP32_GREENHOUSE_01","event":"Restless","level":98,"raw":394,"diff":394,"message":"Restless Level: 98"}}
{"timestamp":1777009555958,"type":"alerts","deviceId":"ESP32_GREENHOUSE_01","data":{"timestamp":1777009555957,"deviceId":"ESP32_GREENHOUSE_01","event":"CRYING","level":95,"raw":381,"diff":381,"message":"CRYING DETECTED! ⚠️ Level: 95"}}
{"timestamp":1777009566068,"type":"alerts","deviceId":"ESP32_GREENHOUSE_01","data":{"timestamp":1777009566068,"deviceId":"ESP32_GREENHOUSE_01","event":"CRYING","level":110,"raw":442,"diff":442,"message":"CRYING DETECTED! ⚠️ Level: 110"}}
{"timestamp":1777009576149,"type":"alerts","deviceId":"ESP32_GREENHOUSE_01","data":{"timestamp":1777009576149,"deviceId":"ESP32_GREENHOUSE_01","event":"CRYING","level":145,"raw":583,"diff":583,"message":"CRYING DETECTED! ⚠️ Level: 145"}}
{"timestamp":1777009586229,"type":"alerts","deviceId":"ESP32_GREENHOUSE_01","data":{"timestamp":1777009586229,"deviceId":"ESP32_GREENHOUSE_01","event":"CRYING","level":40,"raw":161,"diff":161,"message":"CRYING DETECTED! ⚠️ Level: 40"}}
{"timestamp":1777009596345,"type":"alerts","deviceId":"ESP32_GREENHOUSE_01","data":{"timestamp":1777009596345,"deviceId":"ESP32_GREENHOUSE_01","event":"CRYING","level":27,"raw":108,"diff":108,"message":"CRYING DETECTED! ⚠️ Level: 27"}}
{"timestamp":1777009606422,"type":"alerts","deviceId":"ESP32_GREENHOUSE_01","data":{"timestamp":1777009606422,"deviceId":"ESP32_GREENHOUSE_01","event":"CRYING","level":202,"raw":809,"diff":809,"message":"CRYING DETECTED! ⚠️ Level: 202"}}
{"timestamp":1777009616501,"type":"alerts","deviceId":"ESP32_GREENHOUSE_01","data":{"timestamp":1777009616501,"deviceId":"ESP32_GREENHOUSE_01","event":"CRYING","level":132,"raw":529,"diff":529,"message":"CRYING DETECTED! ⚠️ Level: 132"}}
{"timestamp":1777009626590,"type":"alerts","deviceId":"ESP32_GREENHOUSE_01","data":{"timestamp":1777009626590,"deviceId":"ESP32_GREENHOUSE_01","event":"CRYING","level":94,"raw":379,"diff":379,"message":"CRYING DETECTED! ⚠️ Level: 94"}}
{"timestamp":1777009636692,"type":"alerts","deviceId":"ESP32_GREENHOUSE_01","data":{"timestamp":1777009636692,"deviceId":"ESP32_GREENHOUSE_01","event":"CRYING","level":55,"raw":222,"diff":222,"message":"CRYING DETECTED! ⚠️ Level: 55"}}
{"timestamp":1777009646773,"type":"alerts","deviceId":"ESP32_GREENHOUSE_01","data":{"timestamp":1777009646773,"deviceId":"ESP32_GREENHOUSE_01","event":"CRYING","level":332,"raw":1328,"diff":1328,"message":"CRYING DETECTED! ⚠️ Level: 332"}}
{"timestamp":1777009656864,"type":"alerts","deviceId":"ESP32_GREENHOUSE_01","data":{"timestamp":1777009656864,"deviceId":"ESP32_GREENHOUSE_01","event":"CRYING","level":239,"raw":959,"diff":959,"message":"CRYING DETECTED! ⚠️ Level: 239"}}
{"timestamp":1777009666966,"type":"alerts","deviceId":"ESP32_GREENHOUSE_01","data":{"timestamp":1777009666966,"deviceId":"ESP32_GREENHOUSE_01","event":"CRYING","level":23,"raw":94,"diff":94,"message":"CRYING DETECTED! ⚠️ Level: 23"}}
{"timestamp":1777009677045,"type":"alerts","deviceId":"ESP32_GREENHOUSE_01","data":{"timestamp":1777009677045,"deviceId":"ESP32_GREENHOUSE_01","event":"CRYING","level":39,"raw":159,"diff":159,"message":"CRYING DETECTED! ⚠️ Level: 39"}}
{"timestamp":1777009687129,"type":"alerts","deviceId":"ESP32_GREENHOUSE_01","data":{"timestamp":1777009687129,"deviceId":"ESP32_GREENHOUSE_01","event":"CRYING","level":50,"raw":203,"diff":203,"message":"CRYING DETECTED! ⚠️ Level: 50"}}
{"timestamp":1777009697237,"type":"alerts","deviceId":"ESP32_GREENHOUSE_01","data":{"timestamp":1777009697237,"deviceId":"ESP32_GREENHOUSE_01","event":"CRYING","level":150,"raw":600,"diff":600,"message":"CRYING DETECTED! ⚠️ Level: 150"}}
{"timestamp":1777009705302,"type":"alerts","deviceId":"ESP32_GREENHOUSE_01","data":{"timestamp":1777009705302,"deviceId":"ESP32_GREENHOUSE_01","event":"Light Activity","level":60,"raw":240,"diff":240,"message":"Light Activity Level: 60"}}
{"timestamp":1777009707317,"type":"alerts","deviceId":"ESP32_GREENHOUSE_01","data":{"timestamp":1777009707317,"deviceId":"ESP32_GREENHOUSE_01","event":"CRYING","level":210,"raw":842,"diff":842,"message":"CRYING DETECTED! ⚠️ Level: 210"}}
{"timestamp":1777009711349,"type":"alerts","deviceId":"ESP32_GREENHOUSE_01","data":{"timestamp":1777009711349,"deviceId":"ESP32_GREENHOUSE_01","event":"Light Activity","level":65,"raw":261,"diff":261,"message":"Light Activity Level: 65"}}
{"timestamp":1777009717399,"type":"alerts","deviceId":"ESP32_GREENHOUSE_01","data":{"timestamp":1777009717399,"deviceId":"ESP32_GREENHOUSE_01","event":"Quiet","level":22,"raw":88,"diff":88,"message":"Quiet Level: 22"}}
{"timestamp":1777009719417,"type":"alerts","deviceId":"ESP32_GREENHOUSE_01","data":{"timestamp":1777009719417,"deviceId":"ESP32_GREENHOUSE_01","event":"CRYING","level":369,"raw":1476,"diff":1476,"message":"CRYING DETECTED! ⚠️ Level: 369"}}
{"timestamp":1777009725493,"type":"alerts","deviceId":"ESP32_GREENHOUSE_01","data":{"timestamp":1777009725493,"deviceId":"ESP32_GREENHOUSE_01","event":"Quiet","level":51,"raw":204,"diff":204,"message":"Quiet Level: 51"}}
{"timestamp":1777009729526,"type":"alerts","deviceId":"ESP32_GREENHOUSE_01","data":{"timestamp":1777009729525,"deviceId":"ESP32_GREENHOUSE_01","event":"CRYING","level":60,"raw":241,"diff":241,"message":"CRYING DETECTED! ⚠️ Level: 60"}}
{"timestamp":1777009733564,"type":"alerts","deviceId":"ESP32_GREENHOUSE_01","data":{"timestamp":1777009733564,"deviceId":"ESP32_GREENHOUSE_01","event":"Light Activity","level":58,"raw":232,"diff":232,"message":"Light Activity Level: 58"}}
{"timestamp":1777009739606,"type":"alerts","deviceId":"ESP32_GREENHOUSE_01","data":{"timestamp":1777009739606,"deviceId":"ESP32_GREENHOUSE_01","event":"CRYING","level":270,"raw":1080,"diff":1080,"message":"CRYING DETECTED! ⚠️ Level: 270"}}
{"timestamp":1777009747671,"type":"alerts","deviceId":"ESP32_GREENHOUSE_01","data":{"timestamp":1777009747670,"deviceId":"ESP32_GREENHOUSE_01","event":"Light Activity","level":58,"raw":232,"diff":232,"message":"Light Activity Level: 58"}}
{"timestamp":1777009749693,"type":"alerts","deviceId":"ESP32_GREENHOUSE_01","data":{"timestamp":1777009749693,"deviceId":"ESP32_GREENHOUSE_01","event":"Quiet","level":42,"raw":170,"diff":170,"message":"Quiet Level: 42"}}
{"timestamp":1777009751709,"type":"alerts","deviceId":"ESP32_GREENHOUSE_01","data":{"timestamp":1777009751709,"deviceId":"ESP32_GREENHOUSE_01","event":"CRYING","level":286,"raw":1144,"diff":1144,"message":"CRYING DETECTED! ⚠️ Level: 286"}}
{"timestamp":1777009755741,"type":"alerts","deviceId":"ESP32_GREENHOUSE_01","data":{"timestamp":1777009755741,"deviceId":"ESP32_GREENHOUSE_01","event":"Quiet","level":41,"raw":166,"diff":166,"message":"Quiet Level: 41"}}
{"timestamp":1777009761815,"type":"alerts","deviceId":"ESP32_GREENHOUSE_01","data":{"timestamp":1777009761815,"deviceId":"ESP32_GREENHOUSE_01","event":"CRYING","level":116,"raw":465,"diff":465,"message":"CRYING DETECTED! ⚠️ Level: 116"}}
{"timestamp":1777009765846,"type":"alerts","deviceId":"ESP32_GREENHOUSE_01","data":{"timestamp":1777009765846,"deviceId":"ESP32_GREENHOUSE_01","event":"Quiet","level":27,"raw":109,"diff":109,"message":"Quiet Level: 27"}}
{"timestamp":1777009771894,"type":"alerts","deviceId":"ESP32_GREENHOUSE_01","data":{"timestamp":1777009771894,"deviceId":"ESP32_GREENHOUSE_01","event":"Restless","level":113,"raw":453,"diff":453,"message":"Restless Level: 113"}}
{"timestamp":1777009773910,"type":"alerts","deviceId":"ESP32_GREENHOUSE_01","data":{"timestamp":1777009773910,"deviceId":"ESP32_GREENHOUSE_01","event":"CRYING","level":162,"raw":648,"diff":648,"message":"CRYING DETECTED! ⚠️ Level: 162"}}
{"timestamp":1777009775927,"type":"alerts","deviceId":"ESP32_GREENHOUSE_01","data":{"timestamp":1777009775927,"deviceId":"ESP32_GREENHOUSE_01","event":"Quiet","level":35,"raw":141,"diff":141,"message":"Quiet Level: 35"}}
{"timestamp":1777009784001,"type":"alerts","deviceId":"ESP32_GREENHOUSE_01","data":{"timestamp":1777009784000,"deviceId":"ESP32_GREENHOUSE_01","event":"CRYING","level":22,"raw":89,"diff":89,"message":"CRYING DETECTED! ⚠️ Level: 22"}}
{"timestamp":1777009786011,"type":"alerts","deviceId":"ESP32_GREENHOUSE_01","data":{"timestamp":1777009786011,"deviceId":"ESP32_GREENHOUSE_01","event":"Quiet","level":30,"raw":121,"diff":121,"message":"Quiet Level: 30"}}
{"timestamp":1777009788032,"type":"alerts","deviceId":"ESP32_GREENHOUSE_01","data":{"timestamp":1777009788032,"deviceId":"ESP32_GREENHOUSE_01","event":"Restless","level":74,"raw":299,"diff":299,"message":"Restless Level: 74"}}
{"timestamp":1777009794102,"type":"alerts","deviceId":"ESP32_GREENHOUSE_01","data":{"timestamp":1777009794102,"deviceId":"ESP32_GREENHOUSE_01","event":"Quiet","level":23,"raw":95,"diff":95,"message":"Quiet Level: 23"}}
{"timestamp":1777009796119,"type":"alerts","deviceId":"ESP32_GREENHOUSE_01","data":{"timestamp":1777009796119,"deviceId":"ESP32_GREENHOUSE_01","event":"CRYING","level":368,"raw":1474,"diff":1474,"message":"CRYING DETECTED! ⚠️ Level: 368"}}
{"timestamp":1777009804182,"type":"alerts","deviceId":"ESP32_GREENHOUSE_01","data":{"timestamp":1777009804182,"deviceId":"ESP32_GREENHOUSE_01","event":"Quiet","level":25,"raw":100,"diff":100,"message":"Quiet Level: 25"}}
{"timestamp":1777009810230,"type":"alerts","deviceId":"ESP32_GREENHOUSE_01","data":{"timestamp":1777009810230,"deviceId":"ESP32_GREENHOUSE_01","event":"Light Activity","level":55,"raw":223,"diff":223,"message":"Light Activity Level: 55"}}
{"timestamp":1777009812247,"type":"alerts","deviceId":"ESP32_GREENHOUSE_01","data":{"timestamp":1777009812247,"deviceId":"ESP32_GREENHOUSE_01","event":"CRYING","level":165,"raw":662,"diff":662,"message":"CRYING DETECTED! ⚠️ Level: 165"}}
{"timestamp":1777009822359,"type":"alerts","deviceId":"ESP32_GREENHOUSE_01","data":{"timestamp":1777009822359,"deviceId":"ESP32_GREENHOUSE_01","event":"Light Activity","level":57,"raw":231,"diff":231,"message":"Light Activity Level: 57"}}
{"timestamp":1777009824375,"type":"alerts","deviceId":"ESP32_GREENHOUSE_01","data":{"timestamp":1777009824375,"deviceId":"ESP32_GREENHOUSE_01","event":"CRYING","level":59,"raw":236,"diff":236,"message":"CRYING DETECTED! ⚠️ Level: 59"}}
{"timestamp":1777009834454,"type":"alerts","deviceId":"ESP32_GREENHOUSE_01","data":{"timestamp":1777009834454,"deviceId":"ESP32_GREENHOUSE_01","event":"CRYING","level":130,"raw":522,"diff":522,"message":"CRYING DETECTED! ⚠️ Level: 130"}}
{"timestamp":1777009844536,"type":"alerts","deviceId":"ESP32_GREENHOUSE_01","data":{"timestamp":1777009844536,"deviceId":"ESP32_GREENHOUSE_01","event":"CRYING","level":188,"raw":752,"diff":752,"message":"CRYING DETECTED! ⚠️ Level: 188"}}
{"timestamp":1777009854648,"type":"alerts","deviceId":"ESP32_GREENHOUSE_01","data":{"timestamp":1777009854647,"deviceId":"ESP32_GREENHOUSE_01","event":"CRYING","level":50,"raw":202,"diff":202,"message":"CRYING DETECTED! ⚠️ Level: 50"}}
{"timestamp":1777009864726,"type":"alerts","deviceId":"ESP32_GREENHOUSE_01","data":{"timestamp":1777009864726,"deviceId":"ESP32_GREENHOUSE_01","event":"CRYING","level":52,"raw":209,"diff":209,"message":"CRYING DETECTED! ⚠️ Level: 52"}}
{"timestamp":1777009870781,"type":"alerts","deviceId":"ESP32_GREENHOUSE_01","data":{"timestamp":1777009870781,"deviceId":"ESP32_GREENHOUSE_01","event":"Quiet","level":31,"raw":126,"diff":126,"message":"Quiet Level: 31"}}
{"timestamp":1777009876824,"type":"alerts","deviceId":"ESP32_GREENHOUSE_01","data":{"timestamp":1777009876824,"deviceId":"ESP32_GREENHOUSE_01","event":"Quiet","level":16,"raw":65,"diff":65,"message":"Quiet Level: 16"}}
{"timestamp":1777009882878,"type":"alerts","deviceId":"ESP32_GREENHOUSE_01","data":{"timestamp":1777009882878,"deviceId":"ESP32_GREENHOUSE_01","event":"Quiet","level":23,"raw":93,"diff":93,"message":"Quiet Level: 23"}}
{"timestamp":1777009888952,"type":"alerts","deviceId":"ESP32_GREENHOUSE_01","data":{"timestamp":1777009888951,"deviceId":"ESP32_GREENHOUSE_01","event":"Quiet","level":23,"raw":93,"diff":93,"message":"Quiet Level: 23"}}
{"timestamp":1777009895001,"type":"alerts","deviceId":"ESP32_GREENHOUSE_01","data":{"timestamp":1777009895001,"deviceId":"ESP32_GREENHOUSE_01","event":"CRYING","level":336,"raw":1347,"diff":1347,"message":"CRYING DETECTED! ⚠️ Level: 336"}}
{"timestamp":1777009905086,"type":"alerts","deviceId":"ESP32_GREENHOUSE_01","data":{"timestamp":1777009905086,"deviceId":"ESP32_GREENHOUSE_01","event":"CRYING","level":31,"raw":127,"diff":127,"message":"CRYING DETECTED! ⚠️ Level: 31"}}
{"timestamp":1777009907095,"type":"alerts","deviceId":"ESP32_GREENHOUSE_01","data":{"timestamp":1777009907095,"deviceId":"ESP32_GREENHOUSE_01","event":"Quiet","level":34,"raw":137,"diff":137,"message":"Quiet Level: 34"}}
{"timestamp":1777009915165,"type":"alerts","deviceId":"ESP32_GREENHOUSE_01","data":{"timestamp":1777009915165,"deviceId":"ESP32_GREENHOUSE_01","event":"CRYING","level":123,"raw":494,"diff":494,"message":"CRYING DETECTED! ⚠️ Level: 123"}}
{"timestamp":1777009923256,"type":"alerts","deviceId":"ESP32_GREENHOUSE_01","data":{"timestamp":1777009923255,"deviceId":"ESP32_GREENHOUSE_01","event":"Quiet","level":18,"raw":75,"diff":75,"message":"Quiet Level: 18"}}
{"timestamp":1777009927287,"type":"alerts","deviceId":"ESP32_GREENHOUSE_01","data":{"timestamp":1777009927287,"deviceId":"ESP32_GREENHOUSE_01","event":"CRYING","level":31,"raw":126,"diff":126,"message":"CRYING DETECTED! ⚠️ Level: 31"}}
{"timestamp":1777009929304,"type":"alerts","deviceId":"ESP32_GREENHOUSE_01","data":{"timestamp":1777009929304,"deviceId":"ESP32_GREENHOUSE_01","event":"Quiet","level":24,"raw":96,"diff":96,"message":"Quiet Level: 24"}}
{"timestamp":1777009935351,"type":"alerts","deviceId":"ESP32_GREENHOUSE_01","data":{"timestamp":1777009935351,"deviceId":"ESP32_GREENHOUSE_01","event":"Quiet","level":26,"raw":105,"diff":105,"message":"Quiet Level: 26"}}
{"timestamp":1777009941401,"type":"alerts","deviceId":"ESP32_GREENHOUSE_01","data":{"timestamp":1777009941401,"deviceId":"ESP32_GREENHOUSE_01","event":"Quiet","level":30,"raw":122,"diff":122,"message":"Quiet Level: 30"}}
{"timestamp":1777009943419,"type":"alerts","deviceId":"ESP32_GREENHOUSE_01","data":{"timestamp":1777009943419,"deviceId":"ESP32_GREENHOUSE_01","event":"CRYING","level":90,"raw":363,"diff":363,"message":"CRYING DETECTED! ⚠️ Level: 90"}}
{"timestamp":1777009947454,"type":"alerts","deviceId":"ESP32_GREENHOUSE_01","data":{"timestamp":1777009947454,"deviceId":"ESP32_GREENHOUSE_01","event":"Quiet","level":35,"raw":140,"diff":140,"message":"Quiet Level: 35"}}
{"timestamp":1777009953528,"type":"alerts","deviceId":"ESP32_GREENHOUSE_01","data":{"timestamp":1777009953528,"deviceId":"ESP32_GREENHOUSE_01","event":"CRYING","level":187,"raw":749,"diff":749,"message":"CRYING DETECTED! ⚠️ Level: 187"}}
{"timestamp":1777009963607,"type":"alerts","deviceId":"ESP32_GREENHOUSE_01","data":{"timestamp":1777009963607,"deviceId":"ESP32_GREENHOUSE_01","event":"CRYING","level":524,"raw":2099,"diff":2099,"message":"CRYING DETECTED! ⚠️ Level: 524"}}
{"timestamp":1777009973694,"type":"alerts","deviceId":"ESP32_GREENHOUSE_01","data":{"timestamp":1777009973694,"deviceId":"ESP32_GREENHOUSE_01","event":"CRYING","level":76,"raw":307,"diff":307,"message":"CRYING DETECTED! ⚠️ Level: 76"}}
{"timestamp":1777009983800,"type":"alerts","deviceId":"ESP32_GREENHOUSE_01","data":{"timestamp":1777009983800,"deviceId":"ESP32_GREENHOUSE_01","event":"Quiet","level":27,"raw":110,"diff":110,"message":"Quiet Level: 27"}}
{"timestamp":1777009985816,"type":"alerts","deviceId":"ESP32_GREENHOUSE_01","data":{"timestamp":1777009985816,"deviceId":"ESP32_GREENHOUSE_01","event":"Restless","level":83,"raw":334,"diff":334,"message":"Restless Level: 83"}}
{"timestamp":1777009989850,"type":"alerts","deviceId":"ESP32_GREENHOUSE_01","data":{"timestamp":1777009989850,"deviceId":"ESP32_GREENHOUSE_01","event":"Quiet","level":23,"raw":93,"diff":93,"message":"Quiet Level: 23"}}
{"timestamp":1777009993880,"type":"alerts","deviceId":"ESP32_GREENHOUSE_01","data":{"timestamp":1777009993880,"deviceId":"ESP32_GREENHOUSE_01","event":"CRYING","level":53,"raw":215,"diff":215,"message":"CRYING DETECTED! ⚠️ Level: 53"}}
{"timestamp":1777009997911,"type":"alerts","deviceId":"ESP32_GREENHOUSE_01","data":{"timestamp":1777009997911,"deviceId":"ESP32_GREENHOUSE_01","event":"Quiet","level":19,"raw":79,"diff":79,"message":"Quiet Level: 19"}}
{"timestamp":1777010003962,"type":"alerts","deviceId":"ESP32_GREENHOUSE_01","data":{"timestamp":1777010003962,"deviceId":"ESP32_GREENHOUSE_01","event":"Quiet","level":20,"raw":82,"diff":82,"message":"Quiet Level: 20"}}
{"timestamp":1777010005979,"type":"alerts","deviceId":"ESP32_GREENHOUSE_01","data":{"timestamp":1777010005979,"deviceId":"ESP32_GREENHOUSE_01","event":"CRYING","level":282,"raw":1129,"diff":1129,"message":"CRYING DETECTED! ⚠️ Level: 282"}}
{"timestamp":1777010012031,"type":"alerts","deviceId":"ESP32_GREENHOUSE_01","data":{"timestamp":1777010012031,"deviceId":"ESP32_GREENHOUSE_01","event":"Quiet","level":21,"raw":84,"diff":84,"message":"Quiet Level: 21"}}
{"timestamp":1777010018105,"type":"alerts","deviceId":"ESP32_GREENHOUSE_01","data":{"timestamp":1777010018105,"deviceId":"ESP32_GREENHOUSE_01","event":"Quiet","level":18,"raw":75,"diff":75,"message":"Quiet Level: 18"}}
{"timestamp":1777010022136,"type":"alerts","deviceId":"ESP32_GREENHOUSE_01","data":{"timestamp":1777010022136,"deviceId":"ESP32_GREENHOUSE_01","event":"CRYING","level":713,"raw":2853,"diff":2853,"message":"CRYING DETECTED! ⚠️ Level: 713"}}
{"timestamp":1777010028188,"type":"alerts","deviceId":"ESP32_GREENHOUSE_01","data":{"timestamp":1777010028188,"deviceId":"ESP32_GREENHOUSE_01","event":"Quiet","level":17,"raw":69,"diff":69,"message":"Quiet Level: 17"}}
{"timestamp":1777010034235,"type":"alerts","deviceId":"ESP32_GREENHOUSE_01","data":{"timestamp":1777010034235,"deviceId":"ESP32_GREENHOUSE_01","event":"Quiet","level":25,"raw":100,"diff":100,"message":"Quiet Level: 25"}}
{"timestamp":1777010040286,"type":"alerts","deviceId":"ESP32_GREENHOUSE_01","data":{"timestamp":1777010040286,"deviceId":"ESP32_GREENHOUSE_01","event":"Quiet","level":24,"raw":99,"diff":99,"message":"Quiet Level: 24"}}
{"timestamp":1777010042303,"type":"alerts","deviceId":"ESP32_GREENHOUSE_01","data":{"timestamp":1777010042303,"deviceId":"ESP32_GREENHOUSE_01","event":"CRYING","level":364,"raw":1458,"diff":1458,"message":"CRYING DETECTED! ⚠️ Level: 364"}}
{"timestamp":1777010046361,"type":"alerts","deviceId":"ESP32_GREENHOUSE_01","data":{"timestamp":1777010046361,"deviceId":"ESP32_GREENHOUSE_01","event":"Light Activity","level":67,"raw":269,"diff":269,"message":"Light Activity Level: 67"}}
{"timestamp":1777010052408,"type":"alerts","deviceId":"ESP32_GREENHOUSE_01","data":{"timestamp":1777010052408,"deviceId":"ESP32_GREENHOUSE_01","event":"Quiet","level":28,"raw":113,"diff":113,"message":"Quiet Level: 28"}}
{"timestamp":1777010056443,"type":"alerts","deviceId":"ESP32_GREENHOUSE_01","data":{"timestamp":1777010056443,"deviceId":"ESP32_GREENHOUSE_01","event":"CRYING","level":321,"raw":1286,"diff":1286,"message":"CRYING DETECTED! ⚠️ Level: 321"}}
{"timestamp":1777010062489,"type":"alerts","deviceId":"ESP32_GREENHOUSE_01","data":{"timestamp":1777010062489,"deviceId":"ESP32_GREENHOUSE_01","event":"Quiet","level":21,"raw":84,"diff":84,"message":"Quiet Level: 21"}}
{"timestamp":1777010066523,"type":"alerts","deviceId":"ESP32_GREENHOUSE_01","data":{"timestamp":1777010066523,"deviceId":"ESP32_GREENHOUSE_01","event":"CRYING","level":435,"raw":1743,"diff":1743,"message":"CRYING DETECTED! ⚠️ Level: 435"}}
{"timestamp":1777010072574,"type":"alerts","deviceId":"ESP32_GREENHOUSE_01","data":{"timestamp":1777010072574,"deviceId":"ESP32_GREENHOUSE_01","event":"Restless","level":223,"raw":892,"diff":892,"message":"Restless Level: 223"}}
{"timestamp":1777010074592,"type":"alerts","deviceId":"ESP32_GREENHOUSE_01","data":{"timestamp":1777010074592,"deviceId":"ESP32_GREENHOUSE_01","event":"Quiet","level":33,"raw":133,"diff":133,"message":"Quiet Level: 33"}}
{"timestamp":1777010076609,"type":"alerts","deviceId":"ESP32_GREENHOUSE_01","data":{"timestamp":1777010076609,"deviceId":"ESP32_GREENHOUSE_01","event":"CRYING","level":39,"raw":159,"diff":159,"message":"CRYING DETECTED! ⚠️ Level: 39"}}
{"timestamp":1777010082684,"type":"alerts","deviceId":"ESP32_GREENHOUSE_01","data":{"timestamp":1777010082684,"deviceId":"ESP32_GREENHOUSE_01","event":"Quiet","level":23,"raw":94,"diff":94,"message":"Quiet Level: 23"}}
{"timestamp":1777010086714,"type":"alerts","deviceId":"ESP32_GREENHOUSE_01","data":{"timestamp":1777010086714,"deviceId":"ESP32_GREENHOUSE_01","event":"CRYING","level":84,"raw":336,"diff":336,"message":"CRYING DETECTED! ⚠️ Level: 84"}}
{"timestamp":1777010090746,"type":"alerts","deviceId":"ESP32_GREENHOUSE_01","data":{"timestamp":1777010090745,"deviceId":"ESP32_GREENHOUSE_01","event":"Quiet","level":40,"raw":161,"diff":161,"message":"Quiet Level: 40"}}
{"timestamp":1777010092763,"type":"alerts","deviceId":"ESP32_GREENHOUSE_01","data":{"timestamp":1777010092763,"deviceId":"ESP32_GREENHOUSE_01","event":"Light Activity","level":69,"raw":279,"diff":279,"message":"Light Activity Level: 69"}}
{"timestamp":1777010096794,"type":"alerts","deviceId":"ESP32_GREENHOUSE_01","data":{"timestamp":1777010096793,"deviceId":"ESP32_GREENHOUSE_01","event":"Quiet","level":13,"raw":54,"diff":54,"message":"Quiet Level: 13"}}
{"timestamp":1777010102843,"type":"alerts","deviceId":"ESP32_GREENHOUSE_01","data":{"timestamp":1777010102843,"deviceId":"ESP32_GREENHOUSE_01","event":"CRYING","level":45,"raw":180,"diff":180,"message":"CRYING DETECTED! ⚠️ Level: 45"}}
{"timestamp":1777010106878,"type":"alerts","deviceId":"ESP32_GREENHOUSE_01","data":{"timestamp":1777010106878,"deviceId":"ESP32_GREENHOUSE_01","event":"Quiet","level":15,"raw":63,"diff":63,"message":"Quiet Level: 15"}}
{"timestamp":1777010112958,"type":"alerts","deviceId":"ESP32_GREENHOUSE_01","data":{"timestamp":1777010112958,"deviceId":"ESP32_GREENHOUSE_01","event":"Quiet","level":25,"raw":101,"diff":101,"message":"Quiet Level: 25"}}
{"timestamp":1777010114970,"type":"alerts","deviceId":"ESP32_GREENHOUSE_01","data":{"timestamp":1777010114970,"deviceId":"ESP32_GREENHOUSE_01","event":"CRYING","level":78,"raw":314,"diff":314,"message":"CRYING DETECTED! ⚠️ Level: 78"}}
{"timestamp":1777010116985,"type":"alerts","deviceId":"ESP32_GREENHOUSE_01","data":{"timestamp":1777010116985,"deviceId":"ESP32_GREENHOUSE_01","event":"Light Activity","level":64,"raw":257,"diff":257,"message":"Light Activity Level: 64"}}
{"timestamp":1777010125049,"type":"alerts","deviceId":"ESP32_GREENHOUSE_01","data":{"timestamp":1777010125049,"deviceId":"ESP32_GREENHOUSE_01","event":"Quiet","level":48,"raw":193,"diff":193,"message":"Quiet Level: 48"}}
{"timestamp":1777010127065,"type":"alerts","deviceId":"ESP32_GREENHOUSE_01","data":{"timestamp":1777010127065,"deviceId":"ESP32_GREENHOUSE_01","event":"CRYING","level":240,"raw":960,"diff":960,"message":"CRYING DETECTED! ⚠️ Level: 240"}}
{"timestamp":1777010137148,"type":"alerts","deviceId":"ESP32_GREENHOUSE_01","data":{"timestamp":1777010137148,"deviceId":"ESP32_GREENHOUSE_01","event":"CRYING","level":626,"raw":2505,"diff":2505,"message":"CRYING DETECTED! ⚠️ Level: 626"}}
{"timestamp":1777010147258,"type":"alerts","deviceId":"ESP32_GREENHOUSE_01","data":{"timestamp":1777010147258,"deviceId":"ESP32_GREENHOUSE_01","event":"CRYING","level":73,"raw":292,"diff":292,"message":"CRYING DETECTED! ⚠️ Level: 73"}}
{"timestamp":1777010149273,"type":"alerts","deviceId":"ESP32_GREENHOUSE_01","data":{"timestamp":1777010149273,"deviceId":"ESP32_GREENHOUSE_01","event":"Quiet","level":19,"raw":77,"diff":77,"message":"Quiet Level: 19"}}
{"timestamp":1777010155322,"type":"alerts","deviceId":"ESP32_GREENHOUSE_01","data":{"timestamp":1777010155322,"deviceId":"ESP32_GREENHOUSE_01","event":"Quiet","level":33,"raw":133,"diff":133,"message":"Quiet Level: 33"}}
{"timestamp":1777010157338,"type":"alerts","deviceId":"ESP32_GREENHOUSE_01","data":{"timestamp":1777010157338,"deviceId":"ESP32_GREENHOUSE_01","event":"CRYING","level":827,"raw":3311,"diff":3311,"message":"CRYING DETECTED! ⚠️ Level: 827"}}
{"timestamp":1777010167418,"type":"alerts","deviceId":"ESP32_GREENHOUSE_01","data":{"timestamp":1777010167418,"deviceId":"ESP32_GREENHOUSE_01","event":"CRYING","level":31,"raw":126,"diff":126,"message":"CRYING DETECTED! ⚠️ Level: 31"}}
{"timestamp":1777010175513,"type":"alerts","deviceId":"ESP32_GREENHOUSE_01","data":{"timestamp":1777010175513,"deviceId":"ESP32_GREENHOUSE_01","event":"Quiet","level":51,"raw":205,"diff":205,"message":"Quiet Level: 51"}}
{"timestamp":1777010177530,"type":"alerts","deviceId":"ESP32_GREENHOUSE_01","data":{"timestamp":1777010177530,"deviceId":"ESP32_GREENHOUSE_01","event":"CRYING","level":607,"raw":2431,"diff":2431,"message":"CRYING DETECTED! ⚠️ Level: 607"}}
{"timestamp":1777010187611,"type":"alerts","deviceId":"ESP32_GREENHOUSE_01","data":{"timestamp":1777010187611,"deviceId":"ESP32_GREENHOUSE_01","event":"CRYING","level":655,"raw":2620,"diff":2620,"message":"CRYING DETECTED! ⚠️ Level: 655"}}
