{"timestamp":1777162982107,"type":"motion","deviceId":"ESP32_GREENHOUSE_01","data":{"sound_level":62,"sound_alert":"Quiet","timestamp":1777162982107}}
{"timestamp":1777162984107,"type":"motion","deviceId":"ESP32_GREENHOUSE_01","data":{"sound_level":154,"sound_alert":"Light Activity","timestamp":1777162984107}}
{"timestamp":1777162986124,"type":"motion","deviceId":"ESP32_GREENHOUSE_01","data":{"sound_level":71,"sound_alert":"Quiet","timestamp":1777162986124}}
{"timestamp":1777162988139,"type":"motion","deviceId":"ESP32_GREENHOUSE_01","data":{"sound_level":69,"sound_alert":"Quiet","timestamp":1777162988139}}
{"timestamp":1777163129444,"type":"motion","deviceId":"ESP32_GREENHOUSE_01","data":{"sound_level":124,"sound_alert":"Quiet","timestamp":1777163129444}}
{"timestamp":1777163131436,"type":"motion","deviceId":"ESP32_GREENHOUSE_01","data":{"sound_level":70,"sound_alert":"Quiet","timestamp":1777163131436}}
{"timestamp":1777163133452,"type":"motion","deviceId":"ESP32_GREENHOUSE_01","data":{"sound_level":60,"sound_alert":"Quiet","timestamp":1777163133452}}
{"timestamp":1777163135468,"type":"motion","deviceId":"ESP32_GREENHOUSE_01","data":{"sound_level":67,"sound_alert":"Quiet","timestamp":1777163135468}}
{"timestamp":1777163137491,"type":"motion","deviceId":"ESP32_GREENHOUSE_01","data":{"sound_level":60,"sound_alert":"Quiet","timestamp":1777163137491}}
{"timestamp":1777163139512,"type":"motion","deviceId":"ESP32_GREENHOUSE_01","data":{"sound_level":62,"sound_alert":"Quiet","timestamp":1777163139512}}
{"timestamp":1777170540105,"type":"motion","deviceId":"ESP32_GREENHOUSE_01","data":{"sound_level":93,"sound_alert":"Quiet","timestamp":1777170540105}}
{"timestamp":1777170542111,"type":"motion","deviceId":"ESP32_GREENHOUSE_01","data":{"sound_level":105,"sound_alert":"Quiet","timestamp":1777170542111}}
{"timestamp":1777170544127,"type":"motion","deviceId":"ESP32_GREENHOUSE_01","data":{"sound_level":45,"sound_alert":"Quiet","timestamp":1777170544127}}
{"timestamp":1777170546149,"type":"motion","deviceId":"ESP32_GREENHOUSE_01","data":{"sound_level":34,"sound_alert":"Quiet","timestamp":1777170546149}}
{"timestamp":1777170548160,"type":"motion","deviceId":"ESP32_GREENHOUSE_01","data":{"sound_level":42,"sound_alert":"Quiet","timestamp":1777170548160}}
{"timestamp":1777170550203,"type":"motion","deviceId":"ESP32_GREENHOUSE_01","data":{"sound_level":46,"sound_alert":"Quiet","timestamp":1777170550203}}
{"timestamp":1777170552193,"type":"motion","deviceId":"ESP32_GREENHOUSE_01","data":{"sound_level":29,"sound_alert":"Quiet","timestamp":1777170552193}}
{"timestamp":1777170564321,"type":"motion","deviceId":"ESP32_GREENHOUSE_01","data":{"sound_level":27,"sound_alert":"Quiet","timestamp":1777170564321}}
{"timestamp":1777170566337,"type":"motion","deviceId":"ESP32_GREENHOUSE_01","data":{"sound_level":23,"sound_alert":"Quiet","timestamp":1777170566337}}
{"timestamp":1777170568352,"type":"motion","deviceId":"ESP32_GREENHOUSE_01","data":{"sound_level":27,"sound_alert":"Quiet","timestamp":1777170568352}}
{"timestamp":1777170570373,"type":"motion","deviceId":"ESP32_GREENHOUSE_01","data":{"sound_level":27,"sound_alert":"Quiet","timestamp":1777170570373}}
{"timestamp":1777170572384,"type":"motion","deviceId":"ESP32_GREENHOUSE_01","data":{"sound_level":17,"sound_alert":"Quiet","timestamp":1777170572384}}
{"timestamp":1777170574413,"type":"motion","deviceId":"ESP32_GREENHOUSE_01","data":{"sound_level":35,"sound_alert":"Quiet","timestamp":1777170574413}}
{"timestamp":1777170681383,"type":"motion","deviceId":"ESP32_GREENHOUSE_01","data":{"sound_level":43,"sound_alert":"Quiet","timestamp":1777170681383}}
{"timestamp":1777170683368,"type":"motion","deviceId":"ESP32_GREENHOUSE_01","data":{"sound_level":36,"sound_alert":"Quiet","timestamp":1777170683368}}
{"timestamp":1777170685395,"type":"motion","deviceId":"ESP32_GREENHOUSE_01","data":{"sound_level":36,"sound_alert":"Quiet","timestamp":1777170685395}}
{"timestamp":1777170687425,"type":"motion","deviceId":"ESP32_GREENHOUSE_01","data":{"sound_level":48,"sound_alert":"Quiet","timestamp":1777170687425}}
{"timestamp":1777171163711,"type":"motion","deviceId":"ESP32_GREENHOUSE_01","data":{"sound_level":48,"sound_alert":"Quiet","timestamp":1777171163711}}
{"timestamp":1777171165701,"type":"motion","deviceId":"ESP32_GREENHOUSE_01","data":{"sound_level":47,"sound_alert":"Quiet","timestamp":1777171165701}}
{"timestamp":1777171167716,"type":"motion","deviceId":"ESP32_GREENHOUSE_01","data":{"sound_level":35,"sound_alert":"Quiet","timestamp":1777171167716}}
{"timestamp":1777171169732,"type":"motion","deviceId":"ESP32_GREENHOUSE_01","data":{"sound_level":31,"sound_alert":"Quiet","timestamp":1777171169732}}
{"timestamp":1777174511837,"type":"motion","deviceId":"ESP32_GREENHOUSE_01","data":{"sound_level":22,"sound_alert":"Quiet","timestamp":1777174511837}}
{"timestamp":1777174513852,"type":"motion","deviceId":"ESP32_GREENHOUSE_01","data":{"sound_level":23,"sound_alert":"Quiet","timestamp":1777174513852}}
{"timestamp":1777174515868,"type":"motion","deviceId":"ESP32_GREENHOUSE_01","data":{"sound_level":32,"sound_alert":"Quiet","timestamp":1777174515868}}
{"timestamp":1777175880135,"type":"motion","deviceId":"ESP32_GREENHOUSE_01","data":{"sound_level":49,"sound_alert":"Quiet","timestamp":1777175880135}}
{"timestamp":1777175882150,"type":"motion","deviceId":"ESP32_GREENHOUSE_01","data":{"sound_level":56,"sound_alert":"Quiet","timestamp":1777175882150}}
{"timestamp":1777175884167,"type":"motion","deviceId":"ESP32_GREENHOUSE_01","data":{"sound_level":155,"sound_alert":"CRYING DETECTED! ⚠️","timestamp":1777175884167}}
{"timestamp":1777175886182,"type":"motion","deviceId":"ESP32_GREENHOUSE_01","data":{"sound_level":58,"sound_alert":"Quiet","timestamp":1777175886182}}
{"timestamp":1777175888199,"type":"motion","deviceId":"ESP32_GREENHOUSE_01","data":{"sound_level":51,"sound_alert":"Quiet","timestamp":1777175888199}}
{"timestamp":1777175890216,"type":"motion","deviceId":"ESP32_GREENHOUSE_01","data":{"sound_level":63,"sound_alert":"Quiet","timestamp":1777175890216}}
{"timestamp":1777175910409,"type":"motion","deviceId":"ESP32_GREENHOUSE_01","data":{"sound_level":-1572,"sound_alert":"CRYING DETECTED! ⚠️","timestamp":1777175910409}}
{"timestamp":1777175912422,"type":"motion","deviceId":"ESP32_GREENHOUSE_01","data":{"sound_level":237,"sound_alert":"CRYING DETECTED! ⚠️","timestamp":1777175912422}}
{"timestamp":1777175914438,"type":"motion","deviceId":"ESP32_GREENHOUSE_01","data":{"sound_level":217,"sound_alert":"Restless","timestamp":1777175914438}}
{"timestamp":1777175916454,"type":"motion","deviceId":"ESP32_GREENHOUSE_01","data":{"sound_level":96,"sound_alert":"Quiet","timestamp":1777175916454}}
{"timestamp":1777175918470,"type":"motion","deviceId":"ESP32_GREENHOUSE_01","data":{"sound_level":85,"sound_alert":"Quiet","timestamp":1777175918470}}
{"timestamp":1777177789597,"type":"motion","deviceId":"ESP32_GREENHOUSE_01","data":{"sound_level":122,"sound_alert":"Quiet","timestamp":1777177789597}}
{"timestamp":1777177791605,"type":"motion","deviceId":"ESP32_GREENHOUSE_01","data":{"sound_level":200,"sound_alert":"Restless","timestamp":1777177791605}}
{"timestamp":1777177793630,"type":"motion","deviceId":"ESP32_GREENHOUSE_01","data":{"sound_level":133,"sound_alert":"Quiet","timestamp":1777177793630}}
{"timestamp":1777177795641,"type":"motion","deviceId":"ESP32_GREENHOUSE_01","data":{"sound_level":54,"sound_alert":"Quiet","timestamp":1777177795641}}
{"timestamp":1777178379674,"type":"motion","deviceId":"ESP32_GREENHOUSE_01","data":{"sound_level":108,"sound_alert":"Quiet","timestamp":1777178379674}}
{"timestamp":1777178381692,"type":"motion","deviceId":"ESP32_GREENHOUSE_01","data":{"sound_level":116,"sound_alert":"Quiet","timestamp":1777178381692}}
{"timestamp":1777178383704,"type":"motion","deviceId":"ESP32_GREENHOUSE_01","data":{"sound_level":391,"sound_alert":"CRYING DETECTED! ⚠️","timestamp":1777178383704}}
{"timestamp":1777178560147,"type":"motion","deviceId":"ESP32_GREENHOUSE_01","data":{"sound_level":99,"sound_alert":"Quiet","timestamp":1777178560147}}
{"timestamp":1777178562142,"type":"motion","deviceId":"ESP32_GREENHOUSE_01","data":{"sound_level":91,"sound_alert":"Quiet","timestamp":1777178562142}}
{"timestamp":1777178564164,"type":"motion","deviceId":"ESP32_GREENHOUSE_01","data":{"sound_level":158,"sound_alert":"Light Activity","timestamp":1777178564164}}
{"timestamp":1777178566180,"type":"motion","deviceId":"ESP32_GREENHOUSE_01","data":{"sound_level":109,"sound_alert":"Quiet","timestamp":1777178566180}}
{"timestamp":1777178568217,"type":"motion","deviceId":"ESP32_GREENHOUSE_01","data":{"sound_level":269,"sound_alert":"CRYING DETECTED! ⚠️","timestamp":1777178568217}}
{"timestamp":1777178602529,"type":"motion","deviceId":"ESP32_GREENHOUSE_01","data":{"sound_level":281,"sound_alert":"CRYING DETECTED! ⚠️","timestamp":1777178602529}}
{"timestamp":1777178604539,"type":"motion","deviceId":"ESP32_GREENHOUSE_01","data":{"sound_level":254,"sound_alert":"CRYING DETECTED! ⚠️","timestamp":1777178604539}}
{"timestamp":1777178606555,"type":"motion","deviceId":"ESP32_GREENHOUSE_01","data":{"sound_level":353,"sound_alert":"CRYING DETECTED! ⚠️","timestamp":1777178606555}}
{"timestamp":1777178608571,"type":"motion","deviceId":"ESP32_GREENHOUSE_01","data":{"sound_level":170,"sound_alert":"CRYING DETECTED! ⚠️","timestamp":1777178608571}}
{"timestamp":1777178610586,"type":"motion","deviceId":"ESP32_GREENHOUSE_01","data":{"sound_level":426,"sound_alert":"CRYING DETECTED! ⚠️","timestamp":1777178610586}}
{"timestamp":1777178612602,"type":"motion","deviceId":"ESP32_GREENHOUSE_01","data":{"sound_level":154,"sound_alert":"CRYING DETECTED! ⚠️","timestamp":1777178612602}}
{"timestamp":1777178614619,"type":"motion","deviceId":"ESP32_GREENHOUSE_01","data":{"sound_level":141,"sound_alert":"CRYING DETECTED! ⚠️","timestamp":1777178614619}}
{"timestamp":1777178721599,"type":"motion","deviceId":"ESP32_GREENHOUSE_01","data":{"sound_level":82,"sound_alert":"CRYING DETECTED! ⚠️","timestamp":1777178721599}}
{"timestamp":1777178723611,"type":"motion","deviceId":"ESP32_GREENHOUSE_01","data":{"sound_level":85,"sound_alert":"Quiet","timestamp":1777178723611}}
{"timestamp":1777178725627,"type":"motion","deviceId":"ESP32_GREENHOUSE_01","data":{"sound_level":83,"sound_alert":"Quiet","timestamp":1777178725627}}
{"timestamp":1777178727646,"type":"motion","deviceId":"ESP32_GREENHOUSE_01","data":{"sound_level":76,"sound_alert":"Quiet","timestamp":1777178727646}}
{"timestamp":1777178729659,"type":"motion","deviceId":"ESP32_GREENHOUSE_01","data":{"sound_level":187,"sound_alert":"CRYING DETECTED! ⚠️","timestamp":1777178729659}}
{"timestamp":1777181293967,"type":"motion","deviceId":"ESP32_GREENHOUSE_01","data":{"sound_level":258,"sound_alert":"CRYING DETECTED! ⚠️","timestamp":1777181293967}}
{"timestamp":1777181295981,"type":"motion","deviceId":"ESP32_GREENHOUSE_01","data":{"sound_level":165,"sound_alert":"Light Activity","timestamp":1777181295981}}
{"timestamp":1777181297997,"type":"motion","deviceId":"ESP32_GREENHOUSE_01","data":{"sound_level":91,"sound_alert":"Quiet","timestamp":1777181297997}}
{"timestamp":1777181300013,"type":"motion","deviceId":"ESP32_GREENHOUSE_01","data":{"sound_level":114,"sound_alert":"Quiet","timestamp":1777181300013}}
{"timestamp":1777181302029,"type":"motion","deviceId":"ESP32_GREENHOUSE_01","data":{"sound_level":99,"sound_alert":"Quiet","timestamp":1777181302029}}
{"timestamp":1777181304048,"type":"motion","deviceId":"ESP32_GREENHOUSE_01","data":{"sound_level":114,"sound_alert":"Quiet","timestamp":1777181304048}}
{"timestamp":1777181348399,"type":"motion","deviceId":"ESP32_GREENHOUSE_01","data":{"sound_level":99,"sound_alert":"Quiet","timestamp":1777181348399}}
{"timestamp":1777181350414,"type":"motion","deviceId":"ESP32_GREENHOUSE_01","data":{"sound_level":93,"sound_alert":"Quiet","timestamp":1777181350414}}
{"timestamp":1777181352430,"type":"motion","deviceId":"ESP32_GREENHOUSE_01","data":{"sound_level":79,"sound_alert":"Quiet","timestamp":1777181352430}}
{"timestamp":1777182128596,"type":"motion","deviceId":"ESP32_GREENHOUSE_01","data":{"sound_level":170,"sound_alert":"CRYING DETECTED! ⚠️","timestamp":1777182128596}}
{"timestamp":1777182130616,"type":"motion","deviceId":"ESP32_GREENHOUSE_01","data":{"sound_level":1023,"sound_alert":"CRYING DETECTED! ⚠️","timestamp":1777182130616}}
{"timestamp":1777182132636,"type":"motion","deviceId":"ESP32_GREENHOUSE_01","data":{"sound_level":103,"sound_alert":"CRYING DETECTED! ⚠️","timestamp":1777182132636}}
{"timestamp":1777182134648,"type":"motion","deviceId":"ESP32_GREENHOUSE_01","data":{"sound_level":143,"sound_alert":"CRYING DETECTED! ⚠️","timestamp":1777182134648}}
{"timestamp":1777182136660,"type":"motion","deviceId":"ESP32_GREENHOUSE_01","data":{"sound_level":168,"sound_alert":"CRYING DETECTED! ⚠️","timestamp":1777182136660}}
{"timestamp":1777182138678,"type":"motion","deviceId":"ESP32_GREENHOUSE_01","data":{"sound_level":572,"sound_alert":"CRYING DETECTED! ⚠️","timestamp":1777182138678}}
{"timestamp":1777182140692,"type":"motion","deviceId":"ESP32_GREENHOUSE_01","data":{"sound_level":553,"sound_alert":"CRYING DETECTED! ⚠️","timestamp":1777182140692}}
{"timestamp":1777182142708,"type":"motion","deviceId":"ESP32_GREENHOUSE_01","data":{"sound_level":211,"sound_alert":"Restless","timestamp":1777182142708}}
{"timestamp":1777182144725,"type":"motion","deviceId":"ESP32_GREENHOUSE_01","data":{"sound_level":82,"sound_alert":"Quiet","timestamp":1777182144725}}
{"timestamp":1777182146740,"type":"motion","deviceId":"ESP32_GREENHOUSE_01","data":{"sound_level":97,"sound_alert":"Quiet","timestamp":1777182146740}}
{"timestamp":1777182172950,"type":"motion","deviceId":"ESP32_GREENHOUSE_01","data":{"sound_level":124,"sound_alert":"CRYING DETECTED! ⚠️","timestamp":1777182172950}}
{"timestamp":1777182174965,"type":"motion","deviceId":"ESP32_GREENHOUSE_01","data":{"sound_level":84,"sound_alert":"Quiet","timestamp":1777182174965}}
{"timestamp":1777182176980,"type":"motion","deviceId":"ESP32_GREENHOUSE_01","data":{"sound_level":108,"sound_alert":"Quiet","timestamp":1777182176980}}
{"timestamp":1777182178997,"type":"motion","deviceId":"ESP32_GREENHOUSE_01","data":{"sound_level":92,"sound_alert":"Quiet","timestamp":1777182178997}}
{"timestamp":1777182392951,"type":"motion","deviceId":"ESP32_GREENHOUSE_01","data":{"sound_level":100,"sound_alert":"Quiet","timestamp":1777182392951}}
{"timestamp":1777182394970,"type":"motion","deviceId":"ESP32_GREENHOUSE_01","data":{"sound_level":95,"sound_alert":"Quiet","timestamp":1777182394970}}
{"timestamp":1777182396982,"type":"motion","deviceId":"ESP32_GREENHOUSE_01","data":{"sound_level":96,"sound_alert":"Quiet","timestamp":1777182396982}}
{"timestamp":1777182399001,"type":"motion","deviceId":"ESP32_GREENHOUSE_01","data":{"sound_level":106,"sound_alert":"Quiet","timestamp":1777182399001}}
{"timestamp":1777182401015,"type":"motion","deviceId":"ESP32_GREENHOUSE_01","data":{"sound_level":81,"sound_alert":"Quiet","timestamp":1777182401015}}
{"timestamp":1777182774012,"type":"motion","deviceId":"ESP32_GREENHOUSE_01","data":{"sound_level":85,"sound_alert":"Quiet","timestamp":1777182774012}}
{"timestamp":1777182776010,"type":"motion","deviceId":"ESP32_GREENHOUSE_01","data":{"sound_level":112,"sound_alert":"Quiet","timestamp":1777182776010}}
{"timestamp":1777182778017,"type":"motion","deviceId":"ESP32_GREENHOUSE_01","data":{"sound_level":84,"sound_alert":"Quiet","timestamp":1777182778017}}
{"timestamp":1777182780065,"type":"motion","deviceId":"ESP32_GREENHOUSE_01","data":{"sound_level":118,"sound_alert":"Quiet","timestamp":1777182780065}}
{"timestamp":1777182782086,"type":"motion","deviceId":"ESP32_GREENHOUSE_01","data":{"sound_level":303,"sound_alert":"CRYING DETECTED! ⚠️","timestamp":1777182782086}}
{"timestamp":1777182792179,"type":"motion","deviceId":"ESP32_GREENHOUSE_01","data":{"sound_level":158,"sound_alert":"Light Activity","timestamp":1777182792179}}
{"timestamp":1777182794174,"type":"motion","deviceId":"ESP32_GREENHOUSE_01","data":{"sound_level":933,"sound_alert":"CRYING DETECTED! ⚠️","timestamp":1777182794174}}
{"timestamp":1777182796187,"type":"motion","deviceId":"ESP32_GREENHOUSE_01","data":{"sound_level":104,"sound_alert":"Quiet","timestamp":1777182796187}}
{"timestamp":1777182798201,"type":"motion","deviceId":"ESP32_GREENHOUSE_01","data":{"sound_level":119,"sound_alert":"Quiet","timestamp":1777182798201}}
{"timestamp":1777182800219,"type":"motion","deviceId":"ESP32_GREENHOUSE_01","data":{"sound_level":109,"sound_alert":"Quiet","timestamp":1777182800219}}
{"timestamp":1777182802238,"type":"motion","deviceId":"ESP32_GREENHOUSE_01","data":{"sound_level":82,"sound_alert":"Quiet","timestamp":1777182802238}}
{"timestamp":1777182804256,"type":"motion","deviceId":"ESP32_GREENHOUSE_01","data":{"sound_level":81,"sound_alert":"Quiet","timestamp":1777182804256}}
{"timestamp":1777185127106,"type":"motion","deviceId":"ESP32_GREENHOUSE_01","data":{"sound_level":249,"sound_alert":"CRYING DETECTED! ⚠️","timestamp":1777185127106}}
{"timestamp":1777185129100,"type":"motion","deviceId":"ESP32_GREENHOUSE_01","data":{"sound_level":764,"sound_alert":"CRYING DETECTED! ⚠️","timestamp":1777185129100}}
{"timestamp":1777185131127,"type":"motion","deviceId":"ESP32_GREENHOUSE_01","data":{"sound_level":117,"sound_alert":"CRYING DETECTED! ⚠️","timestamp":1777185131127}}
{"timestamp":1777185133135,"type":"motion","deviceId":"ESP32_GREENHOUSE_01","data":{"sound_level":122,"sound_alert":"CRYING DETECTED! ⚠️","timestamp":1777185133135}}
{"timestamp":1777185135154,"type":"motion","deviceId":"ESP32_GREENHOUSE_01","data":{"sound_level":1023,"sound_alert":"CRYING DETECTED! ⚠️","timestamp":1777185135154}}
{"timestamp":1777185137205,"type":"motion","deviceId":"ESP32_GREENHOUSE_01","data":{"sound_level":997,"sound_alert":"CRYING DETECTED! ⚠️","timestamp":1777185137205}}
{"timestamp":1777185139215,"type":"motion","deviceId":"ESP32_GREENHOUSE_01","data":{"sound_level":482,"sound_alert":"CRYING DETECTED! ⚠️","timestamp":1777185139215}}
{"timestamp":1777185141229,"type":"motion","deviceId":"ESP32_GREENHOUSE_01","data":{"sound_level":156,"sound_alert":"CRYING DETECTED! ⚠️","timestamp":1777185141229}}
{"timestamp":1777185143249,"type":"motion","deviceId":"ESP32_GREENHOUSE_01","data":{"sound_level":477,"sound_alert":"CRYING DETECTED! ⚠️","timestamp":1777185143249}}
{"timestamp":1777185145266,"type":"motion","deviceId":"ESP32_GREENHOUSE_01","data":{"sound_level":352,"sound_alert":"CRYING DETECTED! ⚠️","timestamp":1777185145266}}
{"timestamp":1777185147273,"type":"motion","deviceId":"ESP32_GREENHOUSE_01","data":{"sound_level":535,"sound_alert":"CRYING DETECTED! ⚠️","timestamp":1777185147273}}
{"timestamp":1777185149291,"type":"motion","deviceId":"ESP32_GREENHOUSE_01","data":{"sound_level":103,"sound_alert":"CRYING DETECTED! ⚠️","timestamp":1777185149291}}
{"timestamp":1777185151308,"type":"motion","deviceId":"ESP32_GREENHOUSE_01","data":{"sound_level":101,"sound_alert":"CRYING DETECTED! ⚠️","timestamp":1777185151308}}
{"timestamp":1777185153321,"type":"motion","deviceId":"ESP32_GREENHOUSE_01","data":{"sound_level":304,"sound_alert":"CRYING DETECTED! ⚠️","timestamp":1777185153321}}
{"timestamp":1777185155346,"type":"motion","deviceId":"ESP32_GREENHOUSE_01","data":{"sound_level":103,"sound_alert":"CRYING DETECTED! ⚠️","timestamp":1777185155346}}
{"timestamp":1777187861653,"type":"motion","deviceId":"ESP32_GREENHOUSE_01","data":{"sound_level":90,"sound_alert":"CRYING DETECTED! ⚠️","timestamp":1777187861653}}
{"timestamp":1777187863671,"type":"motion","deviceId":"ESP32_GREENHOUSE_01","data":{"sound_level":81,"sound_alert":"CRYING DETECTED! ⚠️","timestamp":1777187863671}}
{"timestamp":1777187865686,"type":"motion","deviceId":"ESP32_GREENHOUSE_01","data":{"sound_level":93,"sound_alert":"CRYING DETECTED! ⚠️","timestamp":1777187865686}}
{"timestamp":1777187879823,"type":"motion","deviceId":"ESP32_GREENHOUSE_01","data":{"sound_level":318,"sound_alert":"CRYING DETECTED! ⚠️","timestamp":1777187879823}}
{"timestamp":1777187881822,"type":"motion","deviceId":"ESP32_GREENHOUSE_01","data":{"sound_level":98,"sound_alert":"CRYING DETECTED! ⚠️","timestamp":1777187881822}}
{"timestamp":1777187883861,"type":"motion","deviceId":"ESP32_GREENHOUSE_01","data":{"sound_level":97,"sound_alert":"CRYING DETECTED! ⚠️","timestamp":1777187883861}}
{"timestamp":1777187885878,"type":"motion","deviceId":"ESP32_GREENHOUSE_01","data":{"sound_level":422,"sound_alert":"CRYING DETECTED! ⚠️","timestamp":1777187885878}}
{"timestamp":1777187887895,"type":"motion","deviceId":"ESP32_GREENHOUSE_01","data":{"sound_level":84,"sound_alert":"CRYING DETECTED! ⚠️","timestamp":1777187887895}}
{"timestamp":1777187889910,"type":"motion","deviceId":"ESP32_GREENHOUSE_01","data":{"sound_level":96,"sound_alert":"CRYING DETECTED! ⚠️","timestamp":1777187889910}}
{"timestamp":1777187891927,"type":"motion","deviceId":"ESP32_GREENHOUSE_01","data":{"sound_level":131,"sound_alert":"CRYING DETECTED! ⚠️","timestamp":1777187891927}}
{"timestamp":1777187893943,"type":"motion","deviceId":"ESP32_GREENHOUSE_01","data":{"sound_level":302,"sound_alert":"CRYING DETECTED! ⚠️","timestamp":1777187893943}}
{"timestamp":1777188080250,"type":"motion","deviceId":"ESP32_GREENHOUSE_01","data":{"sound_level":97,"sound_alert":"Quiet","timestamp":1777188080250}}
{"timestamp":1777188082264,"type":"motion","deviceId":"ESP32_GREENHOUSE_01","data":{"sound_level":118,"sound_alert":"Quiet","timestamp":1777188082264}}
{"timestamp":1777188084280,"type":"motion","deviceId":"ESP32_GREENHOUSE_01","data":{"sound_level":112,"sound_alert":"Quiet","timestamp":1777188084280}}
{"timestamp":1777188086297,"type":"motion","deviceId":"ESP32_GREENHOUSE_01","data":{"sound_level":85,"sound_alert":"Quiet","timestamp":1777188086297}}
{"timestamp":1777188090330,"type":"motion","deviceId":"ESP32_GREENHOUSE_01","data":{"sound_level":107,"sound_alert":"Quiet","timestamp":1777188090330}}
{"timestamp":1777188092345,"type":"motion","deviceId":"ESP32_GREENHOUSE_01","data":{"sound_level":229,"sound_alert":"CRYING DETECTED! ⚠️","timestamp":1777188092345}}
{"timestamp":1777188094361,"type":"motion","deviceId":"ESP32_GREENHOUSE_01","data":{"sound_level":104,"sound_alert":"Quiet","timestamp":1777188094361}}
{"timestamp":1777188096377,"type":"motion","deviceId":"ESP32_GREENHOUSE_01","data":{"sound_level":203,"sound_alert":"Restless","timestamp":1777188096377}}
{"timestamp":1777188104441,"type":"motion","deviceId":"ESP32_GREENHOUSE_01","data":{"sound_level":301,"sound_alert":"CRYING DETECTED! ⚠️","timestamp":1777188104441}}
{"timestamp":1777188106460,"type":"motion","deviceId":"ESP32_GREENHOUSE_01","data":{"sound_level":193,"sound_alert":"CRYING DETECTED! ⚠️","timestamp":1777188106460}}
{"timestamp":1777188108475,"type":"motion","deviceId":"ESP32_GREENHOUSE_01","data":{"sound_level":106,"sound_alert":"Quiet","timestamp":1777188108475}}
{"timestamp":1777188110489,"type":"motion","deviceId":"ESP32_GREENHOUSE_01","data":{"sound_level":112,"sound_alert":"CRYING DETECTED! ⚠️","timestamp":1777188110489}}
{"timestamp":1777188116537,"type":"motion","deviceId":"ESP32_GREENHOUSE_01","data":{"sound_level":130,"sound_alert":"CRYING DETECTED! ⚠️","timestamp":1777188116537}}
{"timestamp":1777195554781,"type":"motion","deviceId":"ESP32_GREENHOUSE_01","data":{"sound_level":302,"sound_alert":"CRYING DETECTED! ⚠️","timestamp":1777195554781}}
{"timestamp":1777195556797,"type":"motion","deviceId":"ESP32_GREENHOUSE_01","data":{"sound_level":280,"sound_alert":"CRYING DETECTED! ⚠️","timestamp":1777195556797}}
{"timestamp":1777195558819,"type":"motion","deviceId":"ESP32_GREENHOUSE_01","data":{"sound_level":123,"sound_alert":"CRYING DETECTED! ⚠️","timestamp":1777195558819}}
{"timestamp":1777195560829,"type":"motion","deviceId":"ESP32_GREENHOUSE_01","data":{"sound_level":181,"sound_alert":"CRYING DETECTED! ⚠️","timestamp":1777195560829}}
{"timestamp":1777195562849,"type":"motion","deviceId":"ESP32_GREENHOUSE_01","data":{"sound_level":116,"sound_alert":"CRYING DETECTED! ⚠️","timestamp":1777195562849}}
{"timestamp":1777195564861,"type":"motion","deviceId":"ESP32_GREENHOUSE_01","data":{"sound_level":153,"sound_alert":"Light Activity","timestamp":1777195564861}}
{"timestamp":1777195566877,"type":"motion","deviceId":"ESP32_GREENHOUSE_01","data":{"sound_level":146,"sound_alert":"Quiet","timestamp":1777195566877}}
