{"timestamp":1774162315546,"type":"motion","deviceId":"ESP32_GREENHOUSE_01","data":{"sound_level":0,"sound_alert":"Quiet","timestamp":1774162315546}}
{"timestamp":1774162317808,"type":"motion","deviceId":"ESP32_GREENHOUSE_01","data":{"sound_level":90,"sound_alert":"Light Activity","timestamp":1774162317808}}
{"timestamp":1774162319501,"type":"motion","deviceId":"ESP32_GREENHOUSE_01","data":{"sound_level":159,"sound_alert":"Light Activity","timestamp":1774162319501}}
{"timestamp":1774162321091,"type":"motion","deviceId":"ESP32_GREENHOUSE_01","data":{"sound_level":606,"sound_alert":"CRYING DETECTED! ⚠️","timestamp":1774162321091}}
{"timestamp":1774162323067,"type":"motion","deviceId":"ESP32_GREENHOUSE_01","data":{"sound_level":132,"sound_alert":"Light Activity","timestamp":1774162323067}}
{"timestamp":1774162325065,"type":"motion","deviceId":"ESP32_GREENHOUSE_01","data":{"sound_level":135,"sound_alert":"Light Activity","timestamp":1774162325065}}
{"timestamp":1774162327093,"type":"motion","deviceId":"ESP32_GREENHOUSE_01","data":{"sound_level":132,"sound_alert":"Light Activity","timestamp":1774162327093}}
{"timestamp":1774162329066,"type":"motion","deviceId":"ESP32_GREENHOUSE_01","data":{"sound_level":1023,"sound_alert":"CRYING DETECTED! ⚠️","timestamp":1774162329066}}
{"timestamp":1774162331066,"type":"motion","deviceId":"ESP32_GREENHOUSE_01","data":{"sound_level":138,"sound_alert":"Light Activity","timestamp":1774162331066}}
{"timestamp":1774162333076,"type":"motion","deviceId":"ESP32_GREENHOUSE_01","data":{"sound_level":153,"sound_alert":"Light Activity","timestamp":1774162333076}}
{"timestamp":1774162335070,"type":"motion","deviceId":"ESP32_GREENHOUSE_01","data":{"sound_level":111,"sound_alert":"Light Activity","timestamp":1774162335070}}
{"timestamp":1774162377086,"type":"motion","deviceId":"ESP32_GREENHOUSE_01","data":{"sound_level":138,"sound_alert":"Light Activity","timestamp":1774162377086}}
{"timestamp":1774162379091,"type":"motion","deviceId":"ESP32_GREENHOUSE_01","data":{"sound_level":159,"sound_alert":"Light Activity","timestamp":1774162379091}}
{"timestamp":1774162381111,"type":"motion","deviceId":"ESP32_GREENHOUSE_01","data":{"sound_level":132,"sound_alert":"Light Activity","timestamp":1774162381111}}
{"timestamp":1774162383097,"type":"motion","deviceId":"ESP32_GREENHOUSE_01","data":{"sound_level":228,"sound_alert":"Light Activity","timestamp":1774162383097}}
{"timestamp":1774162385092,"type":"motion","deviceId":"ESP32_GREENHOUSE_01","data":{"sound_level":171,"sound_alert":"Light Activity","timestamp":1774162385092}}
{"timestamp":1774162387091,"type":"motion","deviceId":"ESP32_GREENHOUSE_01","data":{"sound_level":132,"sound_alert":"Light Activity","timestamp":1774162387090}}
{"timestamp":1774162389096,"type":"motion","deviceId":"ESP32_GREENHOUSE_01","data":{"sound_level":111,"sound_alert":"Light Activity","timestamp":1774162389096}}
{"timestamp":1774162391092,"type":"motion","deviceId":"ESP32_GREENHOUSE_01","data":{"sound_level":90,"sound_alert":"Light Activity","timestamp":1774162391092}}
{"timestamp":1774162393095,"type":"motion","deviceId":"ESP32_GREENHOUSE_01","data":{"sound_level":126,"sound_alert":"Light Activity","timestamp":1774162393095}}
{"timestamp":1774162395097,"type":"motion","deviceId":"ESP32_GREENHOUSE_01","data":{"sound_level":129,"sound_alert":"Light Activity","timestamp":1774162395097}}
{"timestamp":1774162397099,"type":"motion","deviceId":"ESP32_GREENHOUSE_01","data":{"sound_level":87,"sound_alert":"Light Activity","timestamp":1774162397099}}
{"timestamp":1774162399136,"type":"motion","deviceId":"ESP32_GREENHOUSE_01","data":{"sound_level":117,"sound_alert":"Light Activity","timestamp":1774162399136}}
{"timestamp":1774162405105,"type":"motion","deviceId":"ESP32_GREENHOUSE_01","data":{"sound_level":87,"sound_alert":"Light Activity","timestamp":1774162405105}}
{"timestamp":1774162407102,"type":"motion","deviceId":"ESP32_GREENHOUSE_01","data":{"sound_level":150,"sound_alert":"Light Activity","timestamp":1774162407102}}
{"timestamp":1774162409103,"type":"motion","deviceId":"ESP32_GREENHOUSE_01","data":{"sound_level":126,"sound_alert":"Light Activity","timestamp":1774162409103}}
{"timestamp":1774162411103,"type":"motion","deviceId":"ESP32_GREENHOUSE_01","data":{"sound_level":153,"sound_alert":"Light Activity","timestamp":1774162411103}}
{"timestamp":1774162413118,"type":"motion","deviceId":"ESP32_GREENHOUSE_01","data":{"sound_level":144,"sound_alert":"Light Activity","timestamp":1774162413118}}
{"timestamp":1774162415106,"type":"motion","deviceId":"ESP32_GREENHOUSE_01","data":{"sound_level":138,"sound_alert":"Light Activity","timestamp":1774162415106}}
{"timestamp":1774162417113,"type":"motion","deviceId":"ESP32_GREENHOUSE_01","data":{"sound_level":114,"sound_alert":"Light Activity","timestamp":1774162417113}}
{"timestamp":1774162441134,"type":"motion","deviceId":"ESP32_GREENHOUSE_01","data":{"sound_level":0,"sound_alert":"Quiet","timestamp":1774162441134}}
{"timestamp":1774162443123,"type":"motion","deviceId":"ESP32_GREENHOUSE_01","data":{"sound_level":153,"sound_alert":"Light Activity","timestamp":1774162443123}}
{"timestamp":1774162445124,"type":"motion","deviceId":"ESP32_GREENHOUSE_01","data":{"sound_level":147,"sound_alert":"Light Activity","timestamp":1774162445124}}
{"timestamp":1774162447133,"type":"motion","deviceId":"ESP32_GREENHOUSE_01","data":{"sound_level":147,"sound_alert":"Light Activity","timestamp":1774162447133}}
{"timestamp":1774162449132,"type":"motion","deviceId":"ESP32_GREENHOUSE_01","data":{"sound_level":138,"sound_alert":"Light Activity","timestamp":1774162449132}}
{"timestamp":1774162451130,"type":"motion","deviceId":"ESP32_GREENHOUSE_01","data":{"sound_level":153,"sound_alert":"Light Activity","timestamp":1774162451130}}
{"timestamp":1774162453146,"type":"motion","deviceId":"ESP32_GREENHOUSE_01","data":{"sound_level":120,"sound_alert":"Light Activity","timestamp":1774162453146}}
{"timestamp":1774162455143,"type":"motion","deviceId":"ESP32_GREENHOUSE_01","data":{"sound_level":153,"sound_alert":"Light Activity","timestamp":1774162455143}}
{"timestamp":1774162457130,"type":"motion","deviceId":"ESP32_GREENHOUSE_01","data":{"sound_level":156,"sound_alert":"Light Activity","timestamp":1774162457130}}
{"timestamp":1774162459145,"type":"motion","deviceId":"ESP32_GREENHOUSE_01","data":{"sound_level":126,"sound_alert":"Light Activity","timestamp":1774162459145}}
{"timestamp":1774162461131,"type":"motion","deviceId":"ESP32_GREENHOUSE_01","data":{"sound_level":147,"sound_alert":"Light Activity","timestamp":1774162461131}}
{"timestamp":1774162463143,"type":"motion","deviceId":"ESP32_GREENHOUSE_01","data":{"sound_level":147,"sound_alert":"Light Activity","timestamp":1774162463143}}
{"timestamp":1774162465134,"type":"motion","deviceId":"ESP32_GREENHOUSE_01","data":{"sound_level":150,"sound_alert":"Light Activity","timestamp":1774162465134}}
{"timestamp":1774162467138,"type":"motion","deviceId":"ESP32_GREENHOUSE_01","data":{"sound_level":123,"sound_alert":"Light Activity","timestamp":1774162467138}}
{"timestamp":1774162469136,"type":"motion","deviceId":"ESP32_GREENHOUSE_01","data":{"sound_level":198,"sound_alert":"Light Activity","timestamp":1774162469136}}
{"timestamp":1774162471154,"type":"motion","deviceId":"ESP32_GREENHOUSE_01","data":{"sound_level":75,"sound_alert":"Light Activity","timestamp":1774162471154}}
{"timestamp":1774162473139,"type":"motion","deviceId":"ESP32_GREENHOUSE_01","data":{"sound_level":102,"sound_alert":"Light Activity","timestamp":1774162473139}}
{"timestamp":1774162475139,"type":"motion","deviceId":"ESP32_GREENHOUSE_01","data":{"sound_level":129,"sound_alert":"Light Activity","timestamp":1774162475139}}
{"timestamp":1774162477142,"type":"motion","deviceId":"ESP32_GREENHOUSE_01","data":{"sound_level":108,"sound_alert":"Light Activity","timestamp":1774162477142}}
{"timestamp":1774162479169,"type":"motion","deviceId":"ESP32_GREENHOUSE_01","data":{"sound_level":93,"sound_alert":"Light Activity","timestamp":1774162479169}}
{"timestamp":1774162481153,"type":"motion","deviceId":"ESP32_GREENHOUSE_01","data":{"sound_level":105,"sound_alert":"Light Activity","timestamp":1774162481153}}
{"timestamp":1774162483143,"type":"motion","deviceId":"ESP32_GREENHOUSE_01","data":{"sound_level":111,"sound_alert":"Light Activity","timestamp":1774162483143}}
{"timestamp":1774162485145,"type":"motion","deviceId":"ESP32_GREENHOUSE_01","data":{"sound_level":99,"sound_alert":"Light Activity","timestamp":1774162485145}}
{"timestamp":1774162487143,"type":"motion","deviceId":"ESP32_GREENHOUSE_01","data":{"sound_level":123,"sound_alert":"Light Activity","timestamp":1774162487143}}
{"timestamp":1774162489143,"type":"motion","deviceId":"ESP32_GREENHOUSE_01","data":{"sound_level":102,"sound_alert":"Light Activity","timestamp":1774162489143}}
{"timestamp":1774162491203,"type":"motion","deviceId":"ESP32_GREENHOUSE_01","data":{"sound_level":111,"sound_alert":"Light Activity","timestamp":1774162491203}}
{"timestamp":1774162493145,"type":"motion","deviceId":"ESP32_GREENHOUSE_01","data":{"sound_level":96,"sound_alert":"Light Activity","timestamp":1774162493145}}
{"timestamp":1774162495152,"type":"motion","deviceId":"ESP32_GREENHOUSE_01","data":{"sound_level":111,"sound_alert":"Light Activity","timestamp":1774162495152}}
{"timestamp":1774162497179,"type":"motion","deviceId":"ESP32_GREENHOUSE_01","data":{"sound_level":87,"sound_alert":"Light Activity","timestamp":1774162497179}}
{"timestamp":1774162511195,"type":"motion","deviceId":"ESP32_GREENHOUSE_01","data":{"sound_level":126,"sound_alert":"Light Activity","timestamp":1774162511195}}
{"timestamp":1774162513158,"type":"motion","deviceId":"ESP32_GREENHOUSE_01","data":{"sound_level":105,"sound_alert":"Light Activity","timestamp":1774162513158}}
{"timestamp":1774162515184,"type":"motion","deviceId":"ESP32_GREENHOUSE_01","data":{"sound_level":111,"sound_alert":"Light Activity","timestamp":1774162515184}}
{"timestamp":1774162517211,"type":"motion","deviceId":"ESP32_GREENHOUSE_01","data":{"sound_level":138,"sound_alert":"Light Activity","timestamp":1774162517211}}
{"timestamp":1774162521173,"type":"motion","deviceId":"ESP32_GREENHOUSE_01","data":{"sound_level":153,"sound_alert":"Light Activity","timestamp":1774162521173}}
{"timestamp":1774162523160,"type":"motion","deviceId":"ESP32_GREENHOUSE_01","data":{"sound_level":132,"sound_alert":"Light Activity","timestamp":1774162523160}}
{"timestamp":1774162525174,"type":"motion","deviceId":"ESP32_GREENHOUSE_01","data":{"sound_level":141,"sound_alert":"Light Activity","timestamp":1774162525174}}
{"timestamp":1774162527163,"type":"motion","deviceId":"ESP32_GREENHOUSE_01","data":{"sound_level":108,"sound_alert":"Light Activity","timestamp":1774162527163}}
{"timestamp":1774162529165,"type":"motion","deviceId":"ESP32_GREENHOUSE_01","data":{"sound_level":90,"sound_alert":"Light Activity","timestamp":1774162529165}}
{"timestamp":1774162531166,"type":"motion","deviceId":"ESP32_GREENHOUSE_01","data":{"sound_level":144,"sound_alert":"Light Activity","timestamp":1774162531166}}
{"timestamp":1774162533194,"type":"motion","deviceId":"ESP32_GREENHOUSE_01","data":{"sound_level":120,"sound_alert":"Light Activity","timestamp":1774162533194}}
{"timestamp":1774162535166,"type":"motion","deviceId":"ESP32_GREENHOUSE_01","data":{"sound_level":144,"sound_alert":"Light Activity","timestamp":1774162535166}}
{"timestamp":1774162537167,"type":"motion","deviceId":"ESP32_GREENHOUSE_01","data":{"sound_level":99,"sound_alert":"Light Activity","timestamp":1774162537167}}
{"timestamp":1774162539177,"type":"motion","deviceId":"ESP32_GREENHOUSE_01","data":{"sound_level":111,"sound_alert":"Light Activity","timestamp":1774162539177}}
{"timestamp":1774162545183,"type":"motion","deviceId":"ESP32_GREENHOUSE_01","data":{"sound_level":120,"sound_alert":"Light Activity","timestamp":1774162545183}}
{"timestamp":1774162546828,"type":"motion","deviceId":"ESP32_GREENHOUSE_01","data":{"sound_level":522,"sound_alert":"Restless","timestamp":1774162546828}}
{"timestamp":1774162548819,"type":"motion","deviceId":"ESP32_GREENHOUSE_01","data":{"sound_level":117,"sound_alert":"Light Activity","timestamp":1774162548819}}
{"timestamp":1774162550839,"type":"motion","deviceId":"ESP32_GREENHOUSE_01","data":{"sound_level":0,"sound_alert":"Quiet","timestamp":1774162550839}}
{"timestamp":1774162552823,"type":"motion","deviceId":"ESP32_GREENHOUSE_01","data":{"sound_level":165,"sound_alert":"Light Activity","timestamp":1774162552823}}
{"timestamp":1774162554824,"type":"motion","deviceId":"ESP32_GREENHOUSE_01","data":{"sound_level":144,"sound_alert":"Light Activity","timestamp":1774162554824}}
{"timestamp":1774162556947,"type":"motion","deviceId":"ESP32_GREENHOUSE_01","data":{"sound_level":132,"sound_alert":"Light Activity","timestamp":1774162556947}}
{"timestamp":1774162558823,"type":"motion","deviceId":"ESP32_GREENHOUSE_01","data":{"sound_level":135,"sound_alert":"Light Activity","timestamp":1774162558823}}
{"timestamp":1774162560831,"type":"motion","deviceId":"ESP32_GREENHOUSE_01","data":{"sound_level":78,"sound_alert":"Light Activity","timestamp":1774162560831}}
{"timestamp":1774162562842,"type":"motion","deviceId":"ESP32_GREENHOUSE_01","data":{"sound_level":126,"sound_alert":"Light Activity","timestamp":1774162562842}}
{"timestamp":1774162564832,"type":"motion","deviceId":"ESP32_GREENHOUSE_01","data":{"sound_level":0,"sound_alert":"Quiet","timestamp":1774162564832}}
{"timestamp":1774162566855,"type":"motion","deviceId":"ESP32_GREENHOUSE_01","data":{"sound_level":102,"sound_alert":"Light Activity","timestamp":1774162566855}}
{"timestamp":1774162568874,"type":"motion","deviceId":"ESP32_GREENHOUSE_01","data":{"sound_level":78,"sound_alert":"Light Activity","timestamp":1774162568874}}
{"timestamp":1774162570833,"type":"motion","deviceId":"ESP32_GREENHOUSE_01","data":{"sound_level":87,"sound_alert":"Light Activity","timestamp":1774162570833}}
{"timestamp":1774162572831,"type":"motion","deviceId":"ESP32_GREENHOUSE_01","data":{"sound_level":93,"sound_alert":"Light Activity","timestamp":1774162572831}}
{"timestamp":1774162574843,"type":"motion","deviceId":"ESP32_GREENHOUSE_01","data":{"sound_level":0,"sound_alert":"Quiet","timestamp":1774162574843}}
{"timestamp":1774162576845,"type":"motion","deviceId":"ESP32_GREENHOUSE_01","data":{"sound_level":111,"sound_alert":"Light Activity","timestamp":1774162576845}}
{"timestamp":1774162578836,"type":"motion","deviceId":"ESP32_GREENHOUSE_01","data":{"sound_level":108,"sound_alert":"Light Activity","timestamp":1774162578836}}
{"timestamp":1774162580837,"type":"motion","deviceId":"ESP32_GREENHOUSE_01","data":{"sound_level":135,"sound_alert":"Light Activity","timestamp":1774162580837}}
{"timestamp":1774162582854,"type":"motion","deviceId":"ESP32_GREENHOUSE_01","data":{"sound_level":87,"sound_alert":"Light Activity","timestamp":1774162582854}}
{"timestamp":1774162584838,"type":"motion","deviceId":"ESP32_GREENHOUSE_01","data":{"sound_level":108,"sound_alert":"Light Activity","timestamp":1774162584838}}
{"timestamp":1774162586865,"type":"motion","deviceId":"ESP32_GREENHOUSE_01","data":{"sound_level":111,"sound_alert":"Light Activity","timestamp":1774162586865}}
{"timestamp":1774162588845,"type":"motion","deviceId":"ESP32_GREENHOUSE_01","data":{"sound_level":120,"sound_alert":"Light Activity","timestamp":1774162588845}}
{"timestamp":1774162596884,"type":"motion","deviceId":"ESP32_GREENHOUSE_01","data":{"sound_level":114,"sound_alert":"Light Activity","timestamp":1774162596884}}
{"timestamp":1774162598845,"type":"motion","deviceId":"ESP32_GREENHOUSE_01","data":{"sound_level":126,"sound_alert":"Light Activity","timestamp":1774162598845}}
{"timestamp":1774162600845,"type":"motion","deviceId":"ESP32_GREENHOUSE_01","data":{"sound_level":132,"sound_alert":"Light Activity","timestamp":1774162600845}}
{"timestamp":1774162602923,"type":"motion","deviceId":"ESP32_GREENHOUSE_01","data":{"sound_level":126,"sound_alert":"Light Activity","timestamp":1774162602923}}
{"timestamp":1774162604908,"type":"motion","deviceId":"ESP32_GREENHOUSE_01","data":{"sound_level":138,"sound_alert":"Light Activity","timestamp":1774162604908}}
{"timestamp":1774162606849,"type":"motion","deviceId":"ESP32_GREENHOUSE_01","data":{"sound_level":135,"sound_alert":"Light Activity","timestamp":1774162606849}}
{"timestamp":1774162608850,"type":"motion","deviceId":"ESP32_GREENHOUSE_01","data":{"sound_level":126,"sound_alert":"Light Activity","timestamp":1774162608850}}
{"timestamp":1774162610852,"type":"motion","deviceId":"ESP32_GREENHOUSE_01","data":{"sound_level":144,"sound_alert":"Light Activity","timestamp":1774162610852}}
{"timestamp":1774162612945,"type":"motion","deviceId":"ESP32_GREENHOUSE_01","data":{"sound_level":123,"sound_alert":"Light Activity","timestamp":1774162612945}}
{"timestamp":1774162616856,"type":"motion","deviceId":"ESP32_GREENHOUSE_01","data":{"sound_level":180,"sound_alert":"Light Activity","timestamp":1774162616856}}
{"timestamp":1774162618855,"type":"motion","deviceId":"ESP32_GREENHOUSE_01","data":{"sound_level":141,"sound_alert":"Light Activity","timestamp":1774162618855}}
{"timestamp":1774162620858,"type":"motion","deviceId":"ESP32_GREENHOUSE_01","data":{"sound_level":96,"sound_alert":"Light Activity","timestamp":1774162620858}}
{"timestamp":1774162622872,"type":"motion","deviceId":"ESP32_GREENHOUSE_01","data":{"sound_level":111,"sound_alert":"Light Activity","timestamp":1774162622872}}
{"timestamp":1774162624861,"type":"motion","deviceId":"ESP32_GREENHOUSE_01","data":{"sound_level":129,"sound_alert":"Light Activity","timestamp":1774162624861}}
{"timestamp":1774162625853,"type":"motion","deviceId":"ESP32_GREENHOUSE_01","data":{"sound_level":792,"sound_alert":"CRYING DETECTED! ⚠️","timestamp":1774162625853}}
{"timestamp":1774162626998,"type":"motion","deviceId":"ESP32_GREENHOUSE_01","data":{"sound_level":1023,"sound_alert":"CRYING DETECTED! ⚠️","timestamp":1774162626998}}
{"timestamp":1774162632861,"type":"motion","deviceId":"ESP32_GREENHOUSE_01","data":{"sound_level":261,"sound_alert":"Restless","timestamp":1774162632861}}
{"timestamp":1774162634878,"type":"motion","deviceId":"ESP32_GREENHOUSE_01","data":{"sound_level":114,"sound_alert":"Light Activity","timestamp":1774162634878}}
{"timestamp":1774162636870,"type":"motion","deviceId":"ESP32_GREENHOUSE_01","data":{"sound_level":132,"sound_alert":"Light Activity","timestamp":1774162636870}}
{"timestamp":1774162638880,"type":"motion","deviceId":"ESP32_GREENHOUSE_01","data":{"sound_level":90,"sound_alert":"Light Activity","timestamp":1774162638880}}
{"timestamp":1774162640926,"type":"motion","deviceId":"ESP32_GREENHOUSE_01","data":{"sound_level":117,"sound_alert":"Light Activity","timestamp":1774162640926}}
{"timestamp":1774162642966,"type":"motion","deviceId":"ESP32_GREENHOUSE_01","data":{"sound_level":129,"sound_alert":"Light Activity","timestamp":1774162642966}}
{"timestamp":1774162648869,"type":"motion","deviceId":"ESP32_GREENHOUSE_01","data":{"sound_level":141,"sound_alert":"Light Activity","timestamp":1774162648869}}
{"timestamp":1774162650875,"type":"motion","deviceId":"ESP32_GREENHOUSE_01","data":{"sound_level":114,"sound_alert":"Light Activity","timestamp":1774162650875}}
{"timestamp":1774162652878,"type":"motion","deviceId":"ESP32_GREENHOUSE_01","data":{"sound_level":120,"sound_alert":"Light Activity","timestamp":1774162652878}}
{"timestamp":1774162654875,"type":"motion","deviceId":"ESP32_GREENHOUSE_01","data":{"sound_level":141,"sound_alert":"Light Activity","timestamp":1774162654875}}
{"timestamp":1774162656883,"type":"motion","deviceId":"ESP32_GREENHOUSE_01","data":{"sound_level":141,"sound_alert":"Light Activity","timestamp":1774162656883}}
{"timestamp":1774162658910,"type":"motion","deviceId":"ESP32_GREENHOUSE_01","data":{"sound_level":123,"sound_alert":"Light Activity","timestamp":1774162658910}}
{"timestamp":1774162664878,"type":"motion","deviceId":"ESP32_GREENHOUSE_01","data":{"sound_level":117,"sound_alert":"Light Activity","timestamp":1774162664878}}
{"timestamp":1774162666890,"type":"motion","deviceId":"ESP32_GREENHOUSE_01","data":{"sound_level":147,"sound_alert":"Light Activity","timestamp":1774162666890}}
{"timestamp":1774162668897,"type":"motion","deviceId":"ESP32_GREENHOUSE_01","data":{"sound_level":102,"sound_alert":"Light Activity","timestamp":1774162668897}}
{"timestamp":1774162670883,"type":"motion","deviceId":"ESP32_GREENHOUSE_01","data":{"sound_level":99,"sound_alert":"Light Activity","timestamp":1774162670883}}
{"timestamp":1774162672885,"type":"motion","deviceId":"ESP32_GREENHOUSE_01","data":{"sound_level":99,"sound_alert":"Light Activity","timestamp":1774162672885}}
{"timestamp":1774162674886,"type":"motion","deviceId":"ESP32_GREENHOUSE_01","data":{"sound_level":132,"sound_alert":"Light Activity","timestamp":1774162674886}}
{"timestamp":1774162686896,"type":"motion","deviceId":"ESP32_GREENHOUSE_01","data":{"sound_level":108,"sound_alert":"Light Activity","timestamp":1774162686896}}
{"timestamp":1774162688893,"type":"motion","deviceId":"ESP32_GREENHOUSE_01","data":{"sound_level":114,"sound_alert":"Light Activity","timestamp":1774162688893}}
{"timestamp":1774162690895,"type":"motion","deviceId":"ESP32_GREENHOUSE_01","data":{"sound_level":117,"sound_alert":"Light Activity","timestamp":1774162690895}}
{"timestamp":1774162692891,"type":"motion","deviceId":"ESP32_GREENHOUSE_01","data":{"sound_level":132,"sound_alert":"Light Activity","timestamp":1774162692891}}
{"timestamp":1774162694905,"type":"motion","deviceId":"ESP32_GREENHOUSE_01","data":{"sound_level":120,"sound_alert":"Light Activity","timestamp":1774162694905}}
{"timestamp":1774162696930,"type":"motion","deviceId":"ESP32_GREENHOUSE_01","data":{"sound_level":99,"sound_alert":"Light Activity","timestamp":1774162696930}}
{"timestamp":1774162698978,"type":"motion","deviceId":"ESP32_GREENHOUSE_01","data":{"sound_level":96,"sound_alert":"Light Activity","timestamp":1774162698978}}
{"timestamp":1774162700896,"type":"motion","deviceId":"ESP32_GREENHOUSE_01","data":{"sound_level":126,"sound_alert":"Light Activity","timestamp":1774162700896}}
{"timestamp":1774162702929,"type":"motion","deviceId":"ESP32_GREENHOUSE_01","data":{"sound_level":144,"sound_alert":"Light Activity","timestamp":1774162702929}}
{"timestamp":1774162704917,"type":"motion","deviceId":"ESP32_GREENHOUSE_01","data":{"sound_level":135,"sound_alert":"Light Activity","timestamp":1774162704917}}
{"timestamp":1774162706909,"type":"motion","deviceId":"ESP32_GREENHOUSE_01","data":{"sound_level":129,"sound_alert":"Light Activity","timestamp":1774162706909}}
{"timestamp":1774162708901,"type":"motion","deviceId":"ESP32_GREENHOUSE_01","data":{"sound_level":147,"sound_alert":"Light Activity","timestamp":1774162708901}}
{"timestamp":1774162710957,"type":"motion","deviceId":"ESP32_GREENHOUSE_01","data":{"sound_level":150,"sound_alert":"Light Activity","timestamp":1774162710957}}
{"timestamp":1774162712910,"type":"motion","deviceId":"ESP32_GREENHOUSE_01","data":{"sound_level":135,"sound_alert":"Light Activity","timestamp":1774162712910}}
{"timestamp":1774162714904,"type":"motion","deviceId":"ESP32_GREENHOUSE_01","data":{"sound_level":135,"sound_alert":"Light Activity","timestamp":1774162714904}}
{"timestamp":1774162716998,"type":"motion","deviceId":"ESP32_GREENHOUSE_01","data":{"sound_level":138,"sound_alert":"Light Activity","timestamp":1774162716998}}
{"timestamp":1774162718930,"type":"motion","deviceId":"ESP32_GREENHOUSE_01","data":{"sound_level":147,"sound_alert":"Light Activity","timestamp":1774162718930}}
{"timestamp":1774162720906,"type":"motion","deviceId":"ESP32_GREENHOUSE_01","data":{"sound_level":135,"sound_alert":"Light Activity","timestamp":1774162720906}}
{"timestamp":1774162722922,"type":"motion","deviceId":"ESP32_GREENHOUSE_01","data":{"sound_level":147,"sound_alert":"Light Activity","timestamp":1774162722922}}
{"timestamp":1774162724915,"type":"motion","deviceId":"ESP32_GREENHOUSE_01","data":{"sound_level":135,"sound_alert":"Light Activity","timestamp":1774162724915}}
{"timestamp":1774162726910,"type":"motion","deviceId":"ESP32_GREENHOUSE_01","data":{"sound_level":138,"sound_alert":"Light Activity","timestamp":1774162726910}}
{"timestamp":1774162728911,"type":"motion","deviceId":"ESP32_GREENHOUSE_01","data":{"sound_level":135,"sound_alert":"Light Activity","timestamp":1774162728911}}
{"timestamp":1774162730917,"type":"motion","deviceId":"ESP32_GREENHOUSE_01","data":{"sound_level":156,"sound_alert":"Light Activity","timestamp":1774162730917}}
{"timestamp":1774162732914,"type":"motion","deviceId":"ESP32_GREENHOUSE_01","data":{"sound_level":129,"sound_alert":"Light Activity","timestamp":1774162732914}}
{"timestamp":1774162735020,"type":"motion","deviceId":"ESP32_GREENHOUSE_01","data":{"sound_level":141,"sound_alert":"Light Activity","timestamp":1774162735020}}
{"timestamp":1774162736916,"type":"motion","deviceId":"ESP32_GREENHOUSE_01","data":{"sound_level":162,"sound_alert":"Light Activity","timestamp":1774162736916}}
{"timestamp":1774162738922,"type":"motion","deviceId":"ESP32_GREENHOUSE_01","data":{"sound_level":159,"sound_alert":"Light Activity","timestamp":1774162738922}}
{"timestamp":1774162740916,"type":"motion","deviceId":"ESP32_GREENHOUSE_01","data":{"sound_level":138,"sound_alert":"Light Activity","timestamp":1774162740916}}
{"timestamp":1774162742920,"type":"motion","deviceId":"ESP32_GREENHOUSE_01","data":{"sound_level":138,"sound_alert":"Light Activity","timestamp":1774162742920}}
{"timestamp":1774162744924,"type":"motion","deviceId":"ESP32_GREENHOUSE_01","data":{"sound_level":147,"sound_alert":"Light Activity","timestamp":1774162744924}}
{"timestamp":1774162746931,"type":"motion","deviceId":"ESP32_GREENHOUSE_01","data":{"sound_level":177,"sound_alert":"Light Activity","timestamp":1774162746931}}
{"timestamp":1774162748924,"type":"motion","deviceId":"ESP32_GREENHOUSE_01","data":{"sound_level":108,"sound_alert":"Light Activity","timestamp":1774162748924}}
{"timestamp":1774162750923,"type":"motion","deviceId":"ESP32_GREENHOUSE_01","data":{"sound_level":120,"sound_alert":"Light Activity","timestamp":1774162750923}}
{"timestamp":1774162752967,"type":"motion","deviceId":"ESP32_GREENHOUSE_01","data":{"sound_level":132,"sound_alert":"Light Activity","timestamp":1774162752967}}
{"timestamp":1774162754932,"type":"motion","deviceId":"ESP32_GREENHOUSE_01","data":{"sound_level":171,"sound_alert":"Light Activity","timestamp":1774162754932}}
{"timestamp":1774162756948,"type":"motion","deviceId":"ESP32_GREENHOUSE_01","data":{"sound_level":144,"sound_alert":"Light Activity","timestamp":1774162756948}}
{"timestamp":1774162758935,"type":"motion","deviceId":"ESP32_GREENHOUSE_01","data":{"sound_level":138,"sound_alert":"Light Activity","timestamp":1774162758935}}
{"timestamp":1774162762932,"type":"motion","deviceId":"ESP32_GREENHOUSE_01","data":{"sound_level":99,"sound_alert":"Light Activity","timestamp":1774162762932}}
{"timestamp":1774162765015,"type":"motion","deviceId":"ESP32_GREENHOUSE_01","data":{"sound_level":120,"sound_alert":"Light Activity","timestamp":1774162765015}}
{"timestamp":1774162766937,"type":"motion","deviceId":"ESP32_GREENHOUSE_01","data":{"sound_level":147,"sound_alert":"Light Activity","timestamp":1774162766937}}
{"timestamp":1774162768931,"type":"motion","deviceId":"ESP32_GREENHOUSE_01","data":{"sound_level":159,"sound_alert":"Light Activity","timestamp":1774162768931}}
{"timestamp":1774162770980,"type":"motion","deviceId":"ESP32_GREENHOUSE_01","data":{"sound_level":117,"sound_alert":"Light Activity","timestamp":1774162770980}}
{"timestamp":1774162772940,"type":"motion","deviceId":"ESP32_GREENHOUSE_01","data":{"sound_level":144,"sound_alert":"Light Activity","timestamp":1774162772940}}
{"timestamp":1774162774939,"type":"motion","deviceId":"ESP32_GREENHOUSE_01","data":{"sound_level":138,"sound_alert":"Light Activity","timestamp":1774162774939}}
{"timestamp":1774162776963,"type":"motion","deviceId":"ESP32_GREENHOUSE_01","data":{"sound_level":141,"sound_alert":"Light Activity","timestamp":1774162776963}}
{"timestamp":1774162778935,"type":"motion","deviceId":"ESP32_GREENHOUSE_01","data":{"sound_level":132,"sound_alert":"Light Activity","timestamp":1774162778935}}
{"timestamp":1774162780943,"type":"motion","deviceId":"ESP32_GREENHOUSE_01","data":{"sound_level":132,"sound_alert":"Light Activity","timestamp":1774162780943}}
{"timestamp":1774162782942,"type":"motion","deviceId":"ESP32_GREENHOUSE_01","data":{"sound_level":138,"sound_alert":"Light Activity","timestamp":1774162782942}}
{"timestamp":1774162784941,"type":"motion","deviceId":"ESP32_GREENHOUSE_01","data":{"sound_level":144,"sound_alert":"Light Activity","timestamp":1774162784941}}
{"timestamp":1774162786955,"type":"motion","deviceId":"ESP32_GREENHOUSE_01","data":{"sound_level":162,"sound_alert":"Light Activity","timestamp":1774162786955}}
{"timestamp":1774162788978,"type":"motion","deviceId":"ESP32_GREENHOUSE_01","data":{"sound_level":144,"sound_alert":"Light Activity","timestamp":1774162788978}}
{"timestamp":1774162790944,"type":"motion","deviceId":"ESP32_GREENHOUSE_01","data":{"sound_level":168,"sound_alert":"Light Activity","timestamp":1774162790944}}
{"timestamp":1774162792952,"type":"motion","deviceId":"ESP32_GREENHOUSE_01","data":{"sound_level":129,"sound_alert":"Light Activity","timestamp":1774162792952}}
{"timestamp":1774162794944,"type":"motion","deviceId":"ESP32_GREENHOUSE_01","data":{"sound_level":156,"sound_alert":"Light Activity","timestamp":1774162794944}}
{"timestamp":1774162796950,"type":"motion","deviceId":"ESP32_GREENHOUSE_01","data":{"sound_level":138,"sound_alert":"Light Activity","timestamp":1774162796950}}
{"timestamp":1774162798945,"type":"motion","deviceId":"ESP32_GREENHOUSE_01","data":{"sound_level":162,"sound_alert":"Light Activity","timestamp":1774162798945}}
{"timestamp":1774162800948,"type":"motion","deviceId":"ESP32_GREENHOUSE_01","data":{"sound_level":141,"sound_alert":"Light Activity","timestamp":1774162800948}}
{"timestamp":1774162803021,"type":"motion","deviceId":"ESP32_GREENHOUSE_01","data":{"sound_level":147,"sound_alert":"Light Activity","timestamp":1774162803021}}
{"timestamp":1774162804956,"type":"motion","deviceId":"ESP32_GREENHOUSE_01","data":{"sound_level":150,"sound_alert":"Light Activity","timestamp":1774162804956}}
{"timestamp":1774162806988,"type":"motion","deviceId":"ESP32_GREENHOUSE_01","data":{"sound_level":153,"sound_alert":"Light Activity","timestamp":1774162806988}}
{"timestamp":1774162808955,"type":"motion","deviceId":"ESP32_GREENHOUSE_01","data":{"sound_level":153,"sound_alert":"Light Activity","timestamp":1774162808955}}
{"timestamp":1774162810957,"type":"motion","deviceId":"ESP32_GREENHOUSE_01","data":{"sound_level":138,"sound_alert":"Light Activity","timestamp":1774162810957}}
{"timestamp":1774162812960,"type":"motion","deviceId":"ESP32_GREENHOUSE_01","data":{"sound_level":177,"sound_alert":"Light Activity","timestamp":1774162812960}}
{"timestamp":1774162814955,"type":"motion","deviceId":"ESP32_GREENHOUSE_01","data":{"sound_level":117,"sound_alert":"Light Activity","timestamp":1774162814955}}
{"timestamp":1774162816979,"type":"motion","deviceId":"ESP32_GREENHOUSE_01","data":{"sound_level":138,"sound_alert":"Light Activity","timestamp":1774162816979}}
{"timestamp":1774162818975,"type":"motion","deviceId":"ESP32_GREENHOUSE_01","data":{"sound_level":111,"sound_alert":"Light Activity","timestamp":1774162818975}}
{"timestamp":1774162820814,"type":"motion","deviceId":"ESP32_GREENHOUSE_01","data":{"sound_level":309,"sound_alert":"Restless","timestamp":1774162820814}}
{"timestamp":1774162822807,"type":"motion","deviceId":"ESP32_GREENHOUSE_01","data":{"sound_level":156,"sound_alert":"Light Activity","timestamp":1774162822807}}
{"timestamp":1774162824807,"type":"motion","deviceId":"ESP32_GREENHOUSE_01","data":{"sound_level":138,"sound_alert":"Light Activity","timestamp":1774162824807}}
{"timestamp":1774162826833,"type":"motion","deviceId":"ESP32_GREENHOUSE_01","data":{"sound_level":102,"sound_alert":"Light Activity","timestamp":1774162826833}}
{"timestamp":1774162828006,"type":"motion","deviceId":"ESP32_GREENHOUSE_01","data":{"sound_level":249,"sound_alert":"Restless","timestamp":1774162828006}}
{"timestamp":1774162829997,"type":"motion","deviceId":"ESP32_GREENHOUSE_01","data":{"sound_level":123,"sound_alert":"Light Activity","timestamp":1774162829997}}
{"timestamp":1774162832036,"type":"motion","deviceId":"ESP32_GREENHOUSE_01","data":{"sound_level":93,"sound_alert":"Light Activity","timestamp":1774162832036}}
{"timestamp":1774162833999,"type":"motion","deviceId":"ESP32_GREENHOUSE_01","data":{"sound_level":144,"sound_alert":"Light Activity","timestamp":1774162833999}}
{"timestamp":1774162836022,"type":"motion","deviceId":"ESP32_GREENHOUSE_01","data":{"sound_level":138,"sound_alert":"Light Activity","timestamp":1774162836022}}
{"timestamp":1774162838141,"type":"motion","deviceId":"ESP32_GREENHOUSE_01","data":{"sound_level":129,"sound_alert":"Light Activity","timestamp":1774162838141}}
{"timestamp":1774162839999,"type":"motion","deviceId":"ESP32_GREENHOUSE_01","data":{"sound_level":105,"sound_alert":"Light Activity","timestamp":1774162839999}}
{"timestamp":1774162842030,"type":"motion","deviceId":"ESP32_GREENHOUSE_01","data":{"sound_level":132,"sound_alert":"Light Activity","timestamp":1774162842030}}
{"timestamp":1774162890044,"type":"motion","deviceId":"ESP32_GREENHOUSE_01","data":{"sound_level":141,"sound_alert":"Light Activity","timestamp":1774162890044}}
{"timestamp":1774162892029,"type":"motion","deviceId":"ESP32_GREENHOUSE_01","data":{"sound_level":123,"sound_alert":"Light Activity","timestamp":1774162892029}}
{"timestamp":1774162894026,"type":"motion","deviceId":"ESP32_GREENHOUSE_01","data":{"sound_level":117,"sound_alert":"Light Activity","timestamp":1774162894026}}
{"timestamp":1774162920081,"type":"motion","deviceId":"ESP32_GREENHOUSE_01","data":{"sound_level":171,"sound_alert":"Light Activity","timestamp":1774162920081}}
{"timestamp":1774162922040,"type":"motion","deviceId":"ESP32_GREENHOUSE_01","data":{"sound_level":138,"sound_alert":"Light Activity","timestamp":1774162922040}}
{"timestamp":1774162924041,"type":"motion","deviceId":"ESP32_GREENHOUSE_01","data":{"sound_level":138,"sound_alert":"Light Activity","timestamp":1774162924041}}
{"timestamp":1774162926101,"type":"motion","deviceId":"ESP32_GREENHOUSE_01","data":{"sound_level":126,"sound_alert":"Light Activity","timestamp":1774162926101}}
{"timestamp":1774162928053,"type":"motion","deviceId":"ESP32_GREENHOUSE_01","data":{"sound_level":0,"sound_alert":"Quiet","timestamp":1774162928053}}
{"timestamp":1774162930059,"type":"motion","deviceId":"ESP32_GREENHOUSE_01","data":{"sound_level":87,"sound_alert":"Light Activity","timestamp":1774162930059}}
{"timestamp":1774162932062,"type":"motion","deviceId":"ESP32_GREENHOUSE_01","data":{"sound_level":111,"sound_alert":"Light Activity","timestamp":1774162932062}}
{"timestamp":1774162940047,"type":"motion","deviceId":"ESP32_GREENHOUSE_01","data":{"sound_level":108,"sound_alert":"Light Activity","timestamp":1774162940047}}
{"timestamp":1774162942049,"type":"motion","deviceId":"ESP32_GREENHOUSE_01","data":{"sound_level":123,"sound_alert":"Light Activity","timestamp":1774162942049}}
{"timestamp":1774162944122,"type":"motion","deviceId":"ESP32_GREENHOUSE_01","data":{"sound_level":126,"sound_alert":"Light Activity","timestamp":1774162944122}}
{"timestamp":1774163022099,"type":"motion","deviceId":"ESP32_GREENHOUSE_01","data":{"sound_level":132,"sound_alert":"Light Activity","timestamp":1774163022099}}
{"timestamp":1774163024098,"type":"motion","deviceId":"ESP32_GREENHOUSE_01","data":{"sound_level":123,"sound_alert":"Light Activity","timestamp":1774163024098}}
{"timestamp":1774163026103,"type":"motion","deviceId":"ESP32_GREENHOUSE_01","data":{"sound_level":114,"sound_alert":"Light Activity","timestamp":1774163026103}}
{"timestamp":1774163234365,"type":"motion","deviceId":"ESP32_GREENHOUSE_01","data":{"sound_level":156,"sound_alert":"Light Activity","timestamp":1774163234365}}
{"timestamp":1774163236355,"type":"motion","deviceId":"ESP32_GREENHOUSE_01","data":{"sound_level":138,"sound_alert":"Light Activity","timestamp":1774163236355}}
{"timestamp":1774163238363,"type":"motion","deviceId":"ESP32_GREENHOUSE_01","data":{"sound_level":138,"sound_alert":"Light Activity","timestamp":1774163238363}}
{"timestamp":1774163240368,"type":"motion","deviceId":"ESP32_GREENHOUSE_01","data":{"sound_level":138,"sound_alert":"Light Activity","timestamp":1774163240368}}
{"timestamp":1774163356510,"type":"motion","deviceId":"ESP32_GREENHOUSE_01","data":{"sound_level":147,"sound_alert":"Light Activity","timestamp":1774163356510}}
{"timestamp":1774163358500,"type":"motion","deviceId":"ESP32_GREENHOUSE_01","data":{"sound_level":165,"sound_alert":"Light Activity","timestamp":1774163358500}}
{"timestamp":1774163360471,"type":"motion","deviceId":"ESP32_GREENHOUSE_01","data":{"sound_level":138,"sound_alert":"Light Activity","timestamp":1774163360471}}
{"timestamp":1774163548660,"type":"motion","deviceId":"ESP32_GREENHOUSE_01","data":{"sound_level":117,"sound_alert":"Light Activity","timestamp":1774163548660}}
{"timestamp":1774163550706,"type":"motion","deviceId":"ESP32_GREENHOUSE_01","data":{"sound_level":147,"sound_alert":"Light Activity","timestamp":1774163550706}}
{"timestamp":1774163552662,"type":"motion","deviceId":"ESP32_GREENHOUSE_01","data":{"sound_level":126,"sound_alert":"Light Activity","timestamp":1774163552662}}
{"timestamp":1774163554665,"type":"motion","deviceId":"ESP32_GREENHOUSE_01","data":{"sound_level":144,"sound_alert":"Light Activity","timestamp":1774163554665}}
{"timestamp":1774163556665,"type":"motion","deviceId":"ESP32_GREENHOUSE_01","data":{"sound_level":114,"sound_alert":"Light Activity","timestamp":1774163556665}}
{"timestamp":1774163558692,"type":"motion","deviceId":"ESP32_GREENHOUSE_01","data":{"sound_level":138,"sound_alert":"Light Activity","timestamp":1774163558692}}
{"timestamp":1774163560678,"type":"motion","deviceId":"ESP32_GREENHOUSE_01","data":{"sound_level":117,"sound_alert":"Light Activity","timestamp":1774163560678}}
{"timestamp":1774163562676,"type":"motion","deviceId":"ESP32_GREENHOUSE_01","data":{"sound_level":129,"sound_alert":"Light Activity","timestamp":1774163562676}}
{"timestamp":1774163566723,"type":"motion","deviceId":"ESP32_GREENHOUSE_01","data":{"sound_level":138,"sound_alert":"Light Activity","timestamp":1774163566723}}
{"timestamp":1774163568712,"type":"motion","deviceId":"ESP32_GREENHOUSE_01","data":{"sound_level":132,"sound_alert":"Light Activity","timestamp":1774163568712}}
{"timestamp":1774163570674,"type":"motion","deviceId":"ESP32_GREENHOUSE_01","data":{"sound_level":156,"sound_alert":"Light Activity","timestamp":1774163570674}}
{"timestamp":1774163662875,"type":"motion","deviceId":"ESP32_GREENHOUSE_01","data":{"sound_level":144,"sound_alert":"Light Activity","timestamp":1774163662875}}
{"timestamp":1774163664903,"type":"motion","deviceId":"ESP32_GREENHOUSE_01","data":{"sound_level":114,"sound_alert":"Light Activity","timestamp":1774163664903}}
{"timestamp":1774163666874,"type":"motion","deviceId":"ESP32_GREENHOUSE_01","data":{"sound_level":135,"sound_alert":"Light Activity","timestamp":1774163666874}}
{"timestamp":1774163668872,"type":"motion","deviceId":"ESP32_GREENHOUSE_01","data":{"sound_level":141,"sound_alert":"Light Activity","timestamp":1774163668872}}
{"timestamp":1774163793089,"type":"motion","deviceId":"ESP32_GREENHOUSE_01","data":{"sound_level":138,"sound_alert":"Light Activity","timestamp":1774163793089}}
{"timestamp":1774163795107,"type":"motion","deviceId":"ESP32_GREENHOUSE_01","data":{"sound_level":165,"sound_alert":"Light Activity","timestamp":1774163795107}}
{"timestamp":1774163797091,"type":"motion","deviceId":"ESP32_GREENHOUSE_01","data":{"sound_level":171,"sound_alert":"Light Activity","timestamp":1774163797091}}
{"timestamp":1774163911251,"type":"motion","deviceId":"ESP32_GREENHOUSE_01","data":{"sound_level":153,"sound_alert":"Light Activity","timestamp":1774163911251}}
{"timestamp":1774163913257,"type":"motion","deviceId":"ESP32_GREENHOUSE_01","data":{"sound_level":126,"sound_alert":"Light Activity","timestamp":1774163913257}}
{"timestamp":1774163915255,"type":"motion","deviceId":"ESP32_GREENHOUSE_01","data":{"sound_level":168,"sound_alert":"Light Activity","timestamp":1774163915255}}
{"timestamp":1774163917258,"type":"motion","deviceId":"ESP32_GREENHOUSE_01","data":{"sound_level":159,"sound_alert":"Light Activity","timestamp":1774163917258}}
{"timestamp":1774163941266,"type":"motion","deviceId":"ESP32_GREENHOUSE_01","data":{"sound_level":153,"sound_alert":"Light Activity","timestamp":1774163941266}}
{"timestamp":1774163943268,"type":"motion","deviceId":"ESP32_GREENHOUSE_01","data":{"sound_level":156,"sound_alert":"Light Activity","timestamp":1774163943268}}
{"timestamp":1774163945316,"type":"motion","deviceId":"ESP32_GREENHOUSE_01","data":{"sound_level":165,"sound_alert":"Light Activity","timestamp":1774163945316}}
{"timestamp":1774163947276,"type":"motion","deviceId":"ESP32_GREENHOUSE_01","data":{"sound_level":156,"sound_alert":"Light Activity","timestamp":1774163947276}}
{"timestamp":1774163967387,"type":"motion","deviceId":"ESP32_GREENHOUSE_01","data":{"sound_level":153,"sound_alert":"Light Activity","timestamp":1774163967387}}
{"timestamp":1774163969401,"type":"motion","deviceId":"ESP32_GREENHOUSE_01","data":{"sound_level":168,"sound_alert":"Light Activity","timestamp":1774163969401}}
{"timestamp":1774163971386,"type":"motion","deviceId":"ESP32_GREENHOUSE_01","data":{"sound_level":174,"sound_alert":"Light Activity","timestamp":1774163971386}}
{"timestamp":1774163973435,"type":"motion","deviceId":"ESP32_GREENHOUSE_01","data":{"sound_level":168,"sound_alert":"Light Activity","timestamp":1774163973435}}
{"timestamp":1774163975438,"type":"motion","deviceId":"ESP32_GREENHOUSE_01","data":{"sound_level":132,"sound_alert":"Light Activity","timestamp":1774163975438}}
{"timestamp":1774163995454,"type":"motion","deviceId":"ESP32_GREENHOUSE_01","data":{"sound_level":177,"sound_alert":"Light Activity","timestamp":1774163995454}}
{"timestamp":1774163997501,"type":"motion","deviceId":"ESP32_GREENHOUSE_01","data":{"sound_level":150,"sound_alert":"Light Activity","timestamp":1774163997501}}
{"timestamp":1774163999507,"type":"motion","deviceId":"ESP32_GREENHOUSE_01","data":{"sound_level":153,"sound_alert":"Light Activity","timestamp":1774163999507}}
{"timestamp":1774164001644,"type":"motion","deviceId":"ESP32_GREENHOUSE_01","data":{"sound_level":153,"sound_alert":"Light Activity","timestamp":1774164001644}}
{"timestamp":1774164003501,"type":"motion","deviceId":"ESP32_GREENHOUSE_01","data":{"sound_level":153,"sound_alert":"Light Activity","timestamp":1774164003501}}
{"timestamp":1774164005503,"type":"motion","deviceId":"ESP32_GREENHOUSE_01","data":{"sound_level":159,"sound_alert":"Light Activity","timestamp":1774164005503}}
{"timestamp":1774164007503,"type":"motion","deviceId":"ESP32_GREENHOUSE_01","data":{"sound_level":156,"sound_alert":"Light Activity","timestamp":1774164007503}}
{"timestamp":1774164009616,"type":"motion","deviceId":"ESP32_GREENHOUSE_01","data":{"sound_level":138,"sound_alert":"Light Activity","timestamp":1774164009616}}
{"timestamp":1774164011507,"type":"motion","deviceId":"ESP32_GREENHOUSE_01","data":{"sound_level":168,"sound_alert":"Light Activity","timestamp":1774164011507}}
{"timestamp":1774164013510,"type":"motion","deviceId":"ESP32_GREENHOUSE_01","data":{"sound_level":126,"sound_alert":"Light Activity","timestamp":1774164013510}}
{"timestamp":1774164149675,"type":"motion","deviceId":"ESP32_GREENHOUSE_01","data":{"sound_level":126,"sound_alert":"Light Activity","timestamp":1774164149675}}
{"timestamp":1774164151627,"type":"motion","deviceId":"ESP32_GREENHOUSE_01","data":{"sound_level":147,"sound_alert":"Light Activity","timestamp":1774164151627}}
{"timestamp":1774164153662,"type":"motion","deviceId":"ESP32_GREENHOUSE_01","data":{"sound_level":138,"sound_alert":"Light Activity","timestamp":1774164153662}}
{"timestamp":1774164155627,"type":"motion","deviceId":"ESP32_GREENHOUSE_01","data":{"sound_level":117,"sound_alert":"Light Activity","timestamp":1774164155627}}
{"timestamp":1774164237669,"type":"motion","deviceId":"ESP32_GREENHOUSE_01","data":{"sound_level":144,"sound_alert":"Light Activity","timestamp":1774164237669}}
{"timestamp":1774164239671,"type":"motion","deviceId":"ESP32_GREENHOUSE_01","data":{"sound_level":144,"sound_alert":"Light Activity","timestamp":1774164239671}}
{"timestamp":1774164241673,"type":"motion","deviceId":"ESP32_GREENHOUSE_01","data":{"sound_level":159,"sound_alert":"Light Activity","timestamp":1774164241673}}
{"timestamp":1774164263687,"type":"motion","deviceId":"ESP32_GREENHOUSE_01","data":{"sound_level":165,"sound_alert":"Light Activity","timestamp":1774164263687}}
{"timestamp":1774164265685,"type":"motion","deviceId":"ESP32_GREENHOUSE_01","data":{"sound_level":183,"sound_alert":"Light Activity","timestamp":1774164265685}}
{"timestamp":1774164267703,"type":"motion","deviceId":"ESP32_GREENHOUSE_01","data":{"sound_level":153,"sound_alert":"Light Activity","timestamp":1774164267703}}
{"timestamp":1774164355734,"type":"motion","deviceId":"ESP32_GREENHOUSE_01","data":{"sound_level":129,"sound_alert":"Light Activity","timestamp":1774164355734}}
{"timestamp":1774164357734,"type":"motion","deviceId":"ESP32_GREENHOUSE_01","data":{"sound_level":159,"sound_alert":"Light Activity","timestamp":1774164357734}}
{"timestamp":1774164359734,"type":"motion","deviceId":"ESP32_GREENHOUSE_01","data":{"sound_level":162,"sound_alert":"Light Activity","timestamp":1774164359734}}
{"timestamp":1774164361733,"type":"motion","deviceId":"ESP32_GREENHOUSE_01","data":{"sound_level":138,"sound_alert":"Light Activity","timestamp":1774164361733}}
{"timestamp":1774164363754,"type":"motion","deviceId":"ESP32_GREENHOUSE_01","data":{"sound_level":147,"sound_alert":"Light Activity","timestamp":1774164363754}}
{"timestamp":1774164365744,"type":"motion","deviceId":"ESP32_GREENHOUSE_01","data":{"sound_level":153,"sound_alert":"Light Activity","timestamp":1774164365744}}
{"timestamp":1774164367732,"type":"motion","deviceId":"ESP32_GREENHOUSE_01","data":{"sound_level":144,"sound_alert":"Light Activity","timestamp":1774164367732}}
{"timestamp":1774164369750,"type":"motion","deviceId":"ESP32_GREENHOUSE_01","data":{"sound_level":120,"sound_alert":"Light Activity","timestamp":1774164369750}}
{"timestamp":1774164379751,"type":"motion","deviceId":"ESP32_GREENHOUSE_01","data":{"sound_level":150,"sound_alert":"Light Activity","timestamp":1774164379751}}
{"timestamp":1774164381772,"type":"motion","deviceId":"ESP32_GREENHOUSE_01","data":{"sound_level":144,"sound_alert":"Light Activity","timestamp":1774164381772}}
{"timestamp":1774164383740,"type":"motion","deviceId":"ESP32_GREENHOUSE_01","data":{"sound_level":141,"sound_alert":"Light Activity","timestamp":1774164383740}}
{"timestamp":1774164385743,"type":"motion","deviceId":"ESP32_GREENHOUSE_01","data":{"sound_level":165,"sound_alert":"Light Activity","timestamp":1774164385743}}
{"timestamp":1774164473788,"type":"motion","deviceId":"ESP32_GREENHOUSE_01","data":{"sound_level":138,"sound_alert":"Light Activity","timestamp":1774164473788}}
{"timestamp":1774164475790,"type":"motion","deviceId":"ESP32_GREENHOUSE_01","data":{"sound_level":132,"sound_alert":"Light Activity","timestamp":1774164475790}}
{"timestamp":1774164477814,"type":"motion","deviceId":"ESP32_GREENHOUSE_01","data":{"sound_level":129,"sound_alert":"Light Activity","timestamp":1774164477814}}
{"timestamp":1774164479792,"type":"motion","deviceId":"ESP32_GREENHOUSE_01","data":{"sound_level":123,"sound_alert":"Light Activity","timestamp":1774164479792}}
{"timestamp":1774164487795,"type":"motion","deviceId":"ESP32_GREENHOUSE_01","data":{"sound_level":144,"sound_alert":"Light Activity","timestamp":1774164487795}}
{"timestamp":1774164489826,"type":"motion","deviceId":"ESP32_GREENHOUSE_01","data":{"sound_level":138,"sound_alert":"Light Activity","timestamp":1774164489826}}
{"timestamp":1774164491801,"type":"motion","deviceId":"ESP32_GREENHOUSE_01","data":{"sound_level":126,"sound_alert":"Light Activity","timestamp":1774164491801}}
{"timestamp":1774164493801,"type":"motion","deviceId":"ESP32_GREENHOUSE_01","data":{"sound_level":144,"sound_alert":"Light Activity","timestamp":1774164493801}}
{"timestamp":1774164521812,"type":"motion","deviceId":"ESP32_GREENHOUSE_01","data":{"sound_level":141,"sound_alert":"Light Activity","timestamp":1774164521812}}
{"timestamp":1774164523815,"type":"motion","deviceId":"ESP32_GREENHOUSE_01","data":{"sound_level":135,"sound_alert":"Light Activity","timestamp":1774164523815}}
{"timestamp":1774164525835,"type":"motion","deviceId":"ESP32_GREENHOUSE_01","data":{"sound_level":114,"sound_alert":"Light Activity","timestamp":1774164525835}}
{"timestamp":1774164527817,"type":"motion","deviceId":"ESP32_GREENHOUSE_01","data":{"sound_level":150,"sound_alert":"Light Activity","timestamp":1774164527817}}
{"timestamp":1774164529822,"type":"motion","deviceId":"ESP32_GREENHOUSE_01","data":{"sound_level":156,"sound_alert":"Light Activity","timestamp":1774164529822}}
{"timestamp":1774164589867,"type":"motion","deviceId":"ESP32_GREENHOUSE_01","data":{"sound_level":141,"sound_alert":"Light Activity","timestamp":1774164589867}}
{"timestamp":1774164591849,"type":"motion","deviceId":"ESP32_GREENHOUSE_01","data":{"sound_level":117,"sound_alert":"Light Activity","timestamp":1774164591849}}
{"timestamp":1774164593862,"type":"motion","deviceId":"ESP32_GREENHOUSE_01","data":{"sound_level":120,"sound_alert":"Light Activity","timestamp":1774164593862}}
{"timestamp":1774164595851,"type":"motion","deviceId":"ESP32_GREENHOUSE_01","data":{"sound_level":111,"sound_alert":"Light Activity","timestamp":1774164595851}}
{"timestamp":1774164791955,"type":"motion","deviceId":"ESP32_GREENHOUSE_01","data":{"sound_level":129,"sound_alert":"Light Activity","timestamp":1774164791955}}
{"timestamp":1774164793958,"type":"motion","deviceId":"ESP32_GREENHOUSE_01","data":{"sound_level":114,"sound_alert":"Light Activity","timestamp":1774164793958}}
{"timestamp":1774164795992,"type":"motion","deviceId":"ESP32_GREENHOUSE_01","data":{"sound_level":108,"sound_alert":"Light Activity","timestamp":1774164795992}}
{"timestamp":1774164797953,"type":"motion","deviceId":"ESP32_GREENHOUSE_01","data":{"sound_level":114,"sound_alert":"Light Activity","timestamp":1774164797953}}
{"timestamp":1774164799991,"type":"motion","deviceId":"ESP32_GREENHOUSE_01","data":{"sound_level":105,"sound_alert":"Light Activity","timestamp":1774164799991}}
{"timestamp":1774164803959,"type":"motion","deviceId":"ESP32_GREENHOUSE_01","data":{"sound_level":123,"sound_alert":"Light Activity","timestamp":1774164803959}}
{"timestamp":1774164805422,"type":"motion","deviceId":"ESP32_GREENHOUSE_01","data":{"sound_level":507,"sound_alert":"Restless","timestamp":1774164805422}}
{"timestamp":1774164807396,"type":"motion","deviceId":"ESP32_GREENHOUSE_01","data":{"sound_level":168,"sound_alert":"Light Activity","timestamp":1774164807396}}
{"timestamp":1774164809397,"type":"motion","deviceId":"ESP32_GREENHOUSE_01","data":{"sound_level":120,"sound_alert":"Light Activity","timestamp":1774164809397}}
{"timestamp":1774164811402,"type":"motion","deviceId":"ESP32_GREENHOUSE_01","data":{"sound_level":150,"sound_alert":"Light Activity","timestamp":1774164811402}}
{"timestamp":1774164813404,"type":"motion","deviceId":"ESP32_GREENHOUSE_01","data":{"sound_level":123,"sound_alert":"Light Activity","timestamp":1774164813404}}
{"timestamp":1774164815439,"type":"motion","deviceId":"ESP32_GREENHOUSE_01","data":{"sound_level":144,"sound_alert":"Light Activity","timestamp":1774164815439}}
{"timestamp":1774164817404,"type":"motion","deviceId":"ESP32_GREENHOUSE_01","data":{"sound_level":153,"sound_alert":"Light Activity","timestamp":1774164817404}}
{"timestamp":1774165131617,"type":"motion","deviceId":"ESP32_GREENHOUSE_01","data":{"sound_level":117,"sound_alert":"Light Activity","timestamp":1774165131617}}
{"timestamp":1774165133565,"type":"motion","deviceId":"ESP32_GREENHOUSE_01","data":{"sound_level":108,"sound_alert":"Light Activity","timestamp":1774165133565}}
{"timestamp":1774165135563,"type":"motion","deviceId":"ESP32_GREENHOUSE_01","data":{"sound_level":138,"sound_alert":"Light Activity","timestamp":1774165135563}}
{"timestamp":1774165137611,"type":"motion","deviceId":"ESP32_GREENHOUSE_01","data":{"sound_level":0,"sound_alert":"Quiet","timestamp":1774165137611}}
{"timestamp":1774165139569,"type":"motion","deviceId":"ESP32_GREENHOUSE_01","data":{"sound_level":0,"sound_alert":"Quiet","timestamp":1774165139569}}
{"timestamp":1774165141585,"type":"motion","deviceId":"ESP32_GREENHOUSE_01","data":{"sound_level":129,"sound_alert":"Light Activity","timestamp":1774165141585}}
{"timestamp":1774165143578,"type":"motion","deviceId":"ESP32_GREENHOUSE_01","data":{"sound_level":99,"sound_alert":"Light Activity","timestamp":1774165143578}}
{"timestamp":1774165145572,"type":"motion","deviceId":"ESP32_GREENHOUSE_01","data":{"sound_level":96,"sound_alert":"Light Activity","timestamp":1774165145572}}
{"timestamp":1774165157577,"type":"motion","deviceId":"ESP32_GREENHOUSE_01","data":{"sound_level":141,"sound_alert":"Light Activity","timestamp":1774165157577}}
{"timestamp":1774165158406,"type":"motion","deviceId":"ESP32_GREENHOUSE_01","data":{"sound_level":645,"sound_alert":"CRYING DETECTED! ⚠️","timestamp":1774165158406}}
{"timestamp":1774165160435,"type":"motion","deviceId":"ESP32_GREENHOUSE_01","data":{"sound_level":114,"sound_alert":"Light Activity","timestamp":1774165160435}}
{"timestamp":1774165162394,"type":"motion","deviceId":"ESP32_GREENHOUSE_01","data":{"sound_level":141,"sound_alert":"Light Activity","timestamp":1774165162394}}
{"timestamp":1774165164436,"type":"motion","deviceId":"ESP32_GREENHOUSE_01","data":{"sound_level":153,"sound_alert":"Light Activity","timestamp":1774165164436}}
{"timestamp":1774165166393,"type":"motion","deviceId":"ESP32_GREENHOUSE_01","data":{"sound_level":135,"sound_alert":"Light Activity","timestamp":1774165166393}}
{"timestamp":1774165174408,"type":"motion","deviceId":"ESP32_GREENHOUSE_01","data":{"sound_level":111,"sound_alert":"Light Activity","timestamp":1774165174408}}
{"timestamp":1774165176402,"type":"motion","deviceId":"ESP32_GREENHOUSE_01","data":{"sound_level":132,"sound_alert":"Light Activity","timestamp":1774165176402}}
{"timestamp":1774165178439,"type":"motion","deviceId":"ESP32_GREENHOUSE_01","data":{"sound_level":126,"sound_alert":"Light Activity","timestamp":1774165178439}}
{"timestamp":1774165180404,"type":"motion","deviceId":"ESP32_GREENHOUSE_01","data":{"sound_level":132,"sound_alert":"Light Activity","timestamp":1774165180404}}
{"timestamp":1774165182446,"type":"motion","deviceId":"ESP32_GREENHOUSE_01","data":{"sound_level":144,"sound_alert":"Light Activity","timestamp":1774165182446}}
{"timestamp":1774165190430,"type":"motion","deviceId":"ESP32_GREENHOUSE_01","data":{"sound_level":192,"sound_alert":"Light Activity","timestamp":1774165190430}}
{"timestamp":1774165192409,"type":"motion","deviceId":"ESP32_GREENHOUSE_01","data":{"sound_level":156,"sound_alert":"Light Activity","timestamp":1774165192409}}
{"timestamp":1774165194409,"type":"motion","deviceId":"ESP32_GREENHOUSE_01","data":{"sound_level":126,"sound_alert":"Light Activity","timestamp":1774165194409}}
{"timestamp":1774165196411,"type":"motion","deviceId":"ESP32_GREENHOUSE_01","data":{"sound_level":144,"sound_alert":"Light Activity","timestamp":1774165196411}}
{"timestamp":1774165198429,"type":"motion","deviceId":"ESP32_GREENHOUSE_01","data":{"sound_level":156,"sound_alert":"Light Activity","timestamp":1774165198429}}
{"timestamp":1774165200448,"type":"motion","deviceId":"ESP32_GREENHOUSE_01","data":{"sound_level":81,"sound_alert":"Light Activity","timestamp":1774165200448}}
{"timestamp":1774165202414,"type":"motion","deviceId":"ESP32_GREENHOUSE_01","data":{"sound_level":132,"sound_alert":"Light Activity","timestamp":1774165202414}}
{"timestamp":1774165204439,"type":"motion","deviceId":"ESP32_GREENHOUSE_01","data":{"sound_level":99,"sound_alert":"Light Activity","timestamp":1774165204439}}
{"timestamp":1774165206418,"type":"motion","deviceId":"ESP32_GREENHOUSE_01","data":{"sound_level":135,"sound_alert":"Light Activity","timestamp":1774165206418}}
{"timestamp":1774165208414,"type":"motion","deviceId":"ESP32_GREENHOUSE_01","data":{"sound_level":141,"sound_alert":"Light Activity","timestamp":1774165208414}}
{"timestamp":1774165210424,"type":"motion","deviceId":"ESP32_GREENHOUSE_01","data":{"sound_level":120,"sound_alert":"Light Activity","timestamp":1774165210424}}
{"timestamp":1774165212612,"type":"motion","deviceId":"ESP32_GREENHOUSE_01","data":{"sound_level":0,"sound_alert":"Quiet","timestamp":1774165212612}}
{"timestamp":1774165214418,"type":"motion","deviceId":"ESP32_GREENHOUSE_01","data":{"sound_level":126,"sound_alert":"Light Activity","timestamp":1774165214418}}
{"timestamp":1774165216477,"type":"motion","deviceId":"ESP32_GREENHOUSE_01","data":{"sound_level":0,"sound_alert":"Quiet","timestamp":1774165216477}}
{"timestamp":1774165218460,"type":"motion","deviceId":"ESP32_GREENHOUSE_01","data":{"sound_level":0,"sound_alert":"Quiet","timestamp":1774165218460}}
{"timestamp":1774165220496,"type":"motion","deviceId":"ESP32_GREENHOUSE_01","data":{"sound_level":0,"sound_alert":"Quiet","timestamp":1774165220496}}
{"timestamp":1774165222425,"type":"motion","deviceId":"ESP32_GREENHOUSE_01","data":{"sound_level":0,"sound_alert":"Quiet","timestamp":1774165222425}}
{"timestamp":1774165224426,"type":"motion","deviceId":"ESP32_GREENHOUSE_01","data":{"sound_level":0,"sound_alert":"Quiet","timestamp":1774165224426}}
{"timestamp":1774165248487,"type":"motion","deviceId":"ESP32_GREENHOUSE_01","data":{"sound_level":81,"sound_alert":"Light Activity","timestamp":1774165248487}}
{"timestamp":1774165250532,"type":"motion","deviceId":"ESP32_GREENHOUSE_01","data":{"sound_level":75,"sound_alert":"Light Activity","timestamp":1774165250532}}
{"timestamp":1774165252494,"type":"motion","deviceId":"ESP32_GREENHOUSE_01","data":{"sound_level":0,"sound_alert":"Quiet","timestamp":1774165252494}}
{"timestamp":1774165254496,"type":"motion","deviceId":"ESP32_GREENHOUSE_01","data":{"sound_level":0,"sound_alert":"Quiet","timestamp":1774165254496}}
{"timestamp":1774165256541,"type":"motion","deviceId":"ESP32_GREENHOUSE_01","data":{"sound_level":0,"sound_alert":"Quiet","timestamp":1774165256541}}
{"timestamp":1774165258584,"type":"motion","deviceId":"ESP32_GREENHOUSE_01","data":{"sound_level":78,"sound_alert":"Light Activity","timestamp":1774165258584}}
{"timestamp":1774165260504,"type":"motion","deviceId":"ESP32_GREENHOUSE_01","data":{"sound_level":78,"sound_alert":"Light Activity","timestamp":1774165260504}}
{"timestamp":1774165262497,"type":"motion","deviceId":"ESP32_GREENHOUSE_01","data":{"sound_level":0,"sound_alert":"Quiet","timestamp":1774165262497}}
{"timestamp":1774165266604,"type":"motion","deviceId":"ESP32_GREENHOUSE_01","data":{"sound_level":0,"sound_alert":"Quiet","timestamp":1774165266604}}
{"timestamp":1774165268495,"type":"motion","deviceId":"ESP32_GREENHOUSE_01","data":{"sound_level":564,"sound_alert":"Restless","timestamp":1774165268495}}
{"timestamp":1774165270507,"type":"motion","deviceId":"ESP32_GREENHOUSE_01","data":{"sound_level":0,"sound_alert":"Quiet","timestamp":1774165270507}}
{"timestamp":1774165272499,"type":"motion","deviceId":"ESP32_GREENHOUSE_01","data":{"sound_level":114,"sound_alert":"Light Activity","timestamp":1774165272499}}
{"timestamp":1774165274503,"type":"motion","deviceId":"ESP32_GREENHOUSE_01","data":{"sound_level":0,"sound_alert":"Quiet","timestamp":1774165274503}}
{"timestamp":1774165276529,"type":"motion","deviceId":"ESP32_GREENHOUSE_01","data":{"sound_level":0,"sound_alert":"Quiet","timestamp":1774165276529}}
{"timestamp":1774165278521,"type":"motion","deviceId":"ESP32_GREENHOUSE_01","data":{"sound_level":0,"sound_alert":"Quiet","timestamp":1774165278521}}
{"timestamp":1774165280519,"type":"motion","deviceId":"ESP32_GREENHOUSE_01","data":{"sound_level":0,"sound_alert":"Quiet","timestamp":1774165280519}}
{"timestamp":1774165282503,"type":"motion","deviceId":"ESP32_GREENHOUSE_01","data":{"sound_level":81,"sound_alert":"Light Activity","timestamp":1774165282503}}
{"timestamp":1774165284507,"type":"motion","deviceId":"ESP32_GREENHOUSE_01","data":{"sound_level":1023,"sound_alert":"CRYING DETECTED! ⚠️","timestamp":1774165284507}}
{"timestamp":1774165286547,"type":"motion","deviceId":"ESP32_GREENHOUSE_01","data":{"sound_level":0,"sound_alert":"Quiet","timestamp":1774165286547}}
{"timestamp":1774165288520,"type":"motion","deviceId":"ESP32_GREENHOUSE_01","data":{"sound_level":0,"sound_alert":"Quiet","timestamp":1774165288520}}
{"timestamp":1774165290511,"type":"motion","deviceId":"ESP32_GREENHOUSE_01","data":{"sound_level":0,"sound_alert":"Quiet","timestamp":1774165290511}}
{"timestamp":1774165292586,"type":"motion","deviceId":"ESP32_GREENHOUSE_01","data":{"sound_level":0,"sound_alert":"Quiet","timestamp":1774165292586}}
{"timestamp":1774165294613,"type":"motion","deviceId":"ESP32_GREENHOUSE_01","data":{"sound_level":0,"sound_alert":"Quiet","timestamp":1774165294613}}
{"timestamp":1774165314519,"type":"motion","deviceId":"ESP32_GREENHOUSE_01","data":{"sound_level":0,"sound_alert":"Quiet","timestamp":1774165314519}}
{"timestamp":1774165316519,"type":"motion","deviceId":"ESP32_GREENHOUSE_01","data":{"sound_level":126,"sound_alert":"Light Activity","timestamp":1774165316519}}
{"timestamp":1774165318522,"type":"motion","deviceId":"ESP32_GREENHOUSE_01","data":{"sound_level":114,"sound_alert":"Light Activity","timestamp":1774165318522}}
{"timestamp":1774165320532,"type":"motion","deviceId":"ESP32_GREENHOUSE_01","data":{"sound_level":132,"sound_alert":"Light Activity","timestamp":1774165320532}}
{"timestamp":1774165322526,"type":"motion","deviceId":"ESP32_GREENHOUSE_01","data":{"sound_level":120,"sound_alert":"Light Activity","timestamp":1774165322526}}
{"timestamp":1774165324675,"type":"motion","deviceId":"ESP32_GREENHOUSE_01","data":{"sound_level":117,"sound_alert":"Light Activity","timestamp":1774165324675}}
{"timestamp":1774165326524,"type":"motion","deviceId":"ESP32_GREENHOUSE_01","data":{"sound_level":105,"sound_alert":"Light Activity","timestamp":1774165326524}}
{"timestamp":1774165332538,"type":"motion","deviceId":"ESP32_GREENHOUSE_01","data":{"sound_level":132,"sound_alert":"Light Activity","timestamp":1774165332538}}
{"timestamp":1774165334596,"type":"motion","deviceId":"ESP32_GREENHOUSE_01","data":{"sound_level":108,"sound_alert":"Light Activity","timestamp":1774165334596}}
{"timestamp":1774165336532,"type":"motion","deviceId":"ESP32_GREENHOUSE_01","data":{"sound_level":126,"sound_alert":"Light Activity","timestamp":1774165336532}}
{"timestamp":1774165338534,"type":"motion","deviceId":"ESP32_GREENHOUSE_01","data":{"sound_level":126,"sound_alert":"Light Activity","timestamp":1774165338534}}
{"timestamp":1774165340535,"type":"motion","deviceId":"ESP32_GREENHOUSE_01","data":{"sound_level":135,"sound_alert":"Light Activity","timestamp":1774165340535}}
{"timestamp":1774165342544,"type":"motion","deviceId":"ESP32_GREENHOUSE_01","data":{"sound_level":123,"sound_alert":"Light Activity","timestamp":1774165342544}}
{"timestamp":1774165398563,"type":"motion","deviceId":"ESP32_GREENHOUSE_01","data":{"sound_level":132,"sound_alert":"Light Activity","timestamp":1774165398563}}
{"timestamp":1774165400573,"type":"motion","deviceId":"ESP32_GREENHOUSE_01","data":{"sound_level":144,"sound_alert":"Light Activity","timestamp":1774165400573}}
{"timestamp":1774165402594,"type":"motion","deviceId":"ESP32_GREENHOUSE_01","data":{"sound_level":120,"sound_alert":"Light Activity","timestamp":1774165402594}}
{"timestamp":1774165404566,"type":"motion","deviceId":"ESP32_GREENHOUSE_01","data":{"sound_level":117,"sound_alert":"Light Activity","timestamp":1774165404566}}
{"timestamp":1774165406565,"type":"motion","deviceId":"ESP32_GREENHOUSE_01","data":{"sound_level":141,"sound_alert":"Light Activity","timestamp":1774165406565}}
{"timestamp":1774165408567,"type":"motion","deviceId":"ESP32_GREENHOUSE_01","data":{"sound_level":126,"sound_alert":"Light Activity","timestamp":1774165408567}}
{"timestamp":1774165410568,"type":"motion","deviceId":"ESP32_GREENHOUSE_01","data":{"sound_level":150,"sound_alert":"Light Activity","timestamp":1774165410568}}
{"timestamp":1774165412598,"type":"motion","deviceId":"ESP32_GREENHOUSE_01","data":{"sound_level":141,"sound_alert":"Light Activity","timestamp":1774165412598}}
{"timestamp":1774165566697,"type":"motion","deviceId":"ESP32_GREENHOUSE_01","data":{"sound_level":99,"sound_alert":"Light Activity","timestamp":1774165566697}}
{"timestamp":1774165568647,"type":"motion","deviceId":"ESP32_GREENHOUSE_01","data":{"sound_level":132,"sound_alert":"Light Activity","timestamp":1774165568647}}
{"timestamp":1774165570649,"type":"motion","deviceId":"ESP32_GREENHOUSE_01","data":{"sound_level":105,"sound_alert":"Light Activity","timestamp":1774165570649}}
{"timestamp":1774165572654,"type":"motion","deviceId":"ESP32_GREENHOUSE_01","data":{"sound_level":105,"sound_alert":"Light Activity","timestamp":1774165572654}}
{"timestamp":1774165664740,"type":"motion","deviceId":"ESP32_GREENHOUSE_01","data":{"sound_level":114,"sound_alert":"Light Activity","timestamp":1774165664740}}
{"timestamp":1774165666698,"type":"motion","deviceId":"ESP32_GREENHOUSE_01","data":{"sound_level":111,"sound_alert":"Light Activity","timestamp":1774165666698}}
{"timestamp":1774165668722,"type":"motion","deviceId":"ESP32_GREENHOUSE_01","data":{"sound_level":117,"sound_alert":"Light Activity","timestamp":1774165668722}}
{"timestamp":1774165670706,"type":"motion","deviceId":"ESP32_GREENHOUSE_01","data":{"sound_level":123,"sound_alert":"Light Activity","timestamp":1774165670706}}
{"timestamp":1774165672710,"type":"motion","deviceId":"ESP32_GREENHOUSE_01","data":{"sound_level":144,"sound_alert":"Light Activity","timestamp":1774165672710}}
{"timestamp":1774165686806,"type":"motion","deviceId":"ESP32_GREENHOUSE_01","data":{"sound_level":123,"sound_alert":"Light Activity","timestamp":1774165686806}}
{"timestamp":1774165688709,"type":"motion","deviceId":"ESP32_GREENHOUSE_01","data":{"sound_level":144,"sound_alert":"Light Activity","timestamp":1774165688709}}
{"timestamp":1774165690765,"type":"motion","deviceId":"ESP32_GREENHOUSE_01","data":{"sound_level":114,"sound_alert":"Light Activity","timestamp":1774165690765}}
{"timestamp":1774165692754,"type":"motion","deviceId":"ESP32_GREENHOUSE_01","data":{"sound_level":117,"sound_alert":"Light Activity","timestamp":1774165692754}}
{"timestamp":1774165732749,"type":"motion","deviceId":"ESP32_GREENHOUSE_01","data":{"sound_level":135,"sound_alert":"Light Activity","timestamp":1774165732749}}
{"timestamp":1774165734732,"type":"motion","deviceId":"ESP32_GREENHOUSE_01","data":{"sound_level":147,"sound_alert":"Light Activity","timestamp":1774165734732}}
{"timestamp":1774165736720,"type":"motion","deviceId":"ESP32_GREENHOUSE_01","data":{"sound_level":117,"sound_alert":"Light Activity","timestamp":1774165736720}}
{"timestamp":1774165738720,"type":"motion","deviceId":"ESP32_GREENHOUSE_01","data":{"sound_level":93,"sound_alert":"Light Activity","timestamp":1774165738720}}
{"timestamp":1774166120940,"type":"motion","deviceId":"ESP32_GREENHOUSE_01","data":{"sound_level":270,"sound_alert":"Light Activity","timestamp":1774166120940}}
{"timestamp":1774166122966,"type":"motion","deviceId":"ESP32_GREENHOUSE_01","data":{"sound_level":300,"sound_alert":"Light Activity","timestamp":1774166122966}}
{"timestamp":1774166124919,"type":"motion","deviceId":"ESP32_GREENHOUSE_01","data":{"sound_level":270,"sound_alert":"Light Activity","timestamp":1774166124919}}
{"timestamp":1774166126918,"type":"motion","deviceId":"ESP32_GREENHOUSE_01","data":{"sound_level":0,"sound_alert":"Quiet","timestamp":1774166126918}}
{"timestamp":1774166128948,"type":"motion","deviceId":"ESP32_GREENHOUSE_01","data":{"sound_level":280,"sound_alert":"Light Activity","timestamp":1774166128948}}
{"timestamp":1774166130922,"type":"motion","deviceId":"ESP32_GREENHOUSE_01","data":{"sound_level":300,"sound_alert":"Light Activity","timestamp":1774166130922}}
